---------------------------- PROCESS STARTED (2590) for package com.confessr.app ----------------------------
2025-09-29 18:38:21.893  2590-2590  Capacitor               com.confessr.app                     D  Starting BridgeActivity
2025-09-29 18:38:21.910  2590-2590  Capacitor               com.confessr.app                     D  Registering plugin instance: CapacitorCookies
2025-09-29 18:38:21.913  2590-2590  Capacitor               com.confessr.app                     D  Registering plugin instance: WebView
2025-09-29 18:38:21.914  2590-2590  Capacitor               com.confessr.app                     D  Registering plugin instance: CapacitorHttp
2025-09-29 18:38:21.915  2590-2590  Capacitor               com.confessr.app                     D  Registering plugin instance: CapacitorSQLite
2025-09-29 18:38:22.041  2590-2590  Capacitor               com.confessr.app                     D  Registering plugin instance: FirebaseMessaging
2025-09-29 18:38:22.042  2590-2590  Capacitor               com.confessr.app                     D  Registering plugin instance: App
2025-09-29 18:38:22.043  2590-2590  Capacitor               com.confessr.app                     D  Registering plugin instance: Haptics
2025-09-29 18:38:22.046  2590-2590  Capacitor               com.confessr.app                     D  Registering plugin instance: Keyboard
2025-09-29 18:38:22.047  2590-2590  Capacitor               com.confessr.app                     D  Registering plugin instance: Network
2025-09-29 18:38:22.048  2590-2590  Capacitor               com.confessr.app                     D  Registering plugin instance: Preferences
2025-09-29 18:38:22.049  2590-2590  Capacitor               com.confessr.app                     D  Registering plugin instance: PushNotifications
2025-09-29 18:38:22.075  2590-2590  Capacitor               com.confessr.app                     W  Unable to read file at path public/plugins
2025-09-29 18:38:22.079  2590-2590  Capacitor               com.confessr.app                     D  Loading app at https://localhost
2025-09-29 18:38:22.113  2590-10390 Capacitor               com.confessr.app                     D  Handling local request: https://localhost/
2025-09-29 18:38:22.123  2590-2590  Capacitor               com.confessr.app                     D  App started
2025-09-29 18:38:22.125  2590-2590  Capacitor/AppPlugin     com.confessr.app                     D  Firing change: true
2025-09-29 18:38:22.125  2590-2590  Capacitor/AppPlugin     com.confessr.app                     V  Notifying listeners for event appStateChange
2025-09-29 18:38:22.125  2590-2590  Capacitor/AppPlugin     com.confessr.app                     D  No listeners found for event appStateChange
2025-09-29 18:38:22.129  2590-2590  Capacitor               com.confessr.app                     D  App resumed
2025-09-29 18:38:22.133  2590-10464 Capacitor/NetworkPlugin com.confessr.app                     V  Notifying listeners for event networkStatusChange
2025-09-29 18:38:22.133  2590-10464 Capacitor/NetworkPlugin com.confessr.app                     D  No listeners found for event networkStatusChange
2025-09-29 18:38:22.210  2590-10398 Capacitor               com.confessr.app                     D  Handling local request: https://localhost/assets/index-DCAHsDh_.css
2025-09-29 18:38:22.211  2590-10391 Capacitor               com.confessr.app                     D  Handling local request: https://localhost/assets/index-B8unurKZ.js
2025-09-29 18:38:22.493  2590-2590  Capacitor/Console       com.confessr.app                     I  File: https://localhost/assets/index-B8unurKZ.js - Line 359 - Msg: [supabase-pipeline] 13:08:22.490 🚀 Pipeline initialized
2025-09-29 18:38:22.494  2590-2590  Capacitor/Console       com.confessr.app                     I  File: https://localhost/assets/index-B8unurKZ.js - Line 359 - Msg: [supabase-pipeline] 13:08:22.493 🧪 Debug tag: v2025-09-24.stage-markers.v2
2025-09-29 18:38:22.494  2590-2590  Capacitor/Console       com.confessr.app                     I  File: https://localhost/assets/index-B8unurKZ.js - Line 359 - Msg: [supabase-pipeline] 13:08:22.493 🧪 Marker pack installed: entered-send, pre-network, POST markers, 5s timeout→outbox, watchdog job creation
2025-09-29 18:38:22.494  2590-2590  Capacitor/Console       com.confessr.app                     I  File: https://localhost/assets/index-B8unurKZ.js - Line 359 - Msg: [supabase-pipeline] 13:08:22.493 🔄 initialize() called - force=false isInitialized=false hasClient=false initPromiseActive=false
2025-09-29 18:38:22.494  2590-2590  Capacitor/Console       com.confessr.app                     I  File: https://localhost/assets/index-B8unurKZ.js - Line 359 - Msg: [supabase-pipeline] 13:08:22.493 🔄 Initializing Supabase client...
2025-09-29 18:38:22.495  2590-2590  Capacitor/Console       com.confessr.app                     I  File: https://localhost/assets/index-B8unurKZ.js - Line 359 - Msg: [supabase-pipeline] 13:08:22.493 🔄 Supabase env present? url=true anonKey=true
2025-09-29 18:38:22.503  2590-2590  Capacitor/Console       com.confessr.app                     I  File: https://localhost/assets/index-B8unurKZ.js - Line 359 - Msg: [supabase-pipeline] 13:08:22.503 🔄 Supabase client created ONCE (persistSession=true, autoRefreshToken=true)
2025-09-29 18:38:22.505  2590-2590  Capacitor/Console       com.confessr.app                     I  File: https://localhost/assets/index-B8unurKZ.js - Line 359 - Msg: 💧 Rehydrating auth state...
2025-09-29 18:38:22.505  2590-2590  Capacitor/Console       com.confessr.app                     I  File: https://localhost/assets/index-B8unurKZ.js - Line 359 - Msg: 💧 Auth state rehydrated with user: 839d1d4a-e72b-47bb-b74e-ef28a15f43ee
2025-09-29 18:38:22.505  2590-2590  Capacitor/Console       com.confessr.app                     I  File: https://localhost/assets/index-B8unurKZ.js - Line 362 - Msg: 📦 MessageCache: Initialized with 15min expiry, max 10 chats
2025-09-29 18:38:22.505  2590-2590  Capacitor/Console       com.confessr.app                     I  File: https://localhost/assets/index-B8unurKZ.js - Line 386 - Msg: [webview-lifecycle] 13:08:22 🌐 WebView Lifecycle Manager initialized
2025-09-29 18:38:22.506  2590-2590  Capacitor/Console       com.confessr.app                     I  File: https://localhost/assets/index-B8unurKZ.js - Line 386 - Msg: [general] 13:08:22 ℹ️ Mobile Logger initialized - Session: 1759151302505-35p0l0zff, Platform: android
2025-09-29 18:38:22.511  2590-2590  Capacitor/Console       com.confessr.app                     I  File: https://localhost/assets/index-B8unurKZ.js - Line 386 - Msg: [realtime-v2] Initializing auth state listener for chat store
2025-09-29 18:38:22.511  2590-2590  Capacitor/Console       com.confessr.app                     I  File: https://localhost/assets/index-B8unurKZ.js - Line 386 - Msg: [realtime-v2] Setting up auth state listener for realtime
2025-09-29 18:38:22.511  2590-2590  Capacitor/Console       com.confessr.app                     I  File: https://localhost/assets/index-B8unurKZ.js - Line 359 - Msg: [supabase-pipeline] 13:08:22.509 🔑 getClient() called - hasClient=true isInitialized=false initPromiseActive=true
2025-09-29 18:38:22.512  2590-2590  Capacitor/Console       com.confessr.app                     I  File: https://localhost/assets/index-B8unurKZ.js - Line 359 - Msg: [supabase-pipeline] 13:08:22.510 🔑 getClient() -> calling initialize()
2025-09-29 18:38:22.512  2590-2590  Capacitor/Console       com.confessr.app                     I  File: https://localhost/assets/index-B8unurKZ.js - Line 359 - Msg: [supabase-pipeline] 13:08:22.510 🔄 initialize() called - force=false isInitialized=false hasClient=true initPromiseActive=true
2025-09-29 18:38:22.512  2590-2590  Capacitor/Console       com.confessr.app                     I  File: https://localhost/assets/index-B8unurKZ.js - Line 359 - Msg: [supabase-pipeline] 13:08:22.510 🔄 initialize() waiting for existing initializePromise
2025-09-29 18:38:22.517  2590-2590  Capacitor/Console       com.confessr.app                     I  File: https://localhost/assets/index-B8unurKZ.js - Line 387 - Msg: [device-lock] 13:08:22 🔒 Device Lock Detection Manager initialized
2025-09-29 18:38:22.519  2590-2590  Capacitor/Console       com.confessr.app                     I  File: https://localhost/assets/index-B8unurKZ.js - Line 387 - Msg: [whatsapp-connection] 13:08:22 📱 WhatsApp-Style Connection Manager initialized
2025-09-29 18:38:22.529  2590-2590  Capacitor/Console       com.confessr.app                     I  File: https://localhost/assets/index-B8unurKZ.js - Line 386 - Msg: [general] 13:08:22 ℹ️ Initializing WhatsApp-style connection system
2025-09-29 18:38:22.531  2590-2590  Capacitor/Console       com.confessr.app                     I  File: https://localhost/assets/index-B8unurKZ.js - Line 359 - Msg: [supabase-pipeline] 13:08:22.530 ✅ Supabase client initialized successfully (PERMANENT INSTANCE)
2025-09-29 18:38:22.538  2590-2590  Capacitor/Plugin        com.confessr.app                     V  To native (Capacitor plugin): callbackId: 7145756, pluginId: App, methodName: addListener
2025-09-29 18:38:22.538  2590-2590  Capacitor               com.confessr.app                     V  callback: 7145756, pluginId: App, methodName: addListener, methodData: {"eventName":"appStateChange"}
2025-09-29 18:38:22.539  2590-2590  Capacitor/Plugin        com.confessr.app                     V  To native (Capacitor plugin): callbackId: 7145757, pluginId: App, methodName: addListener
2025-09-29 18:38:22.539  2590-2590  Capacitor               com.confessr.app                     V  callback: 7145757, pluginId: App, methodName: addListener, methodData: {"eventName":"resume"}
2025-09-29 18:38:22.540  2590-2590  Capacitor/Plugin        com.confessr.app                     V  To native (Capacitor plugin): callbackId: 7145758, pluginId: Network, methodName: getStatus
2025-09-29 18:38:22.540  2590-2590  Capacitor               com.confessr.app                     V  callback: 7145758, pluginId: Network, methodName: getStatus, methodData: {}
2025-09-29 18:38:22.540  2590-10388 Capacitor               com.confessr.app                     D  Handling local request: https://localhost/assets/capacitor-firebase-messaging-HNnXeiEZ.js
2025-09-29 18:38:22.575  2590-2590  Capacitor/Console       com.confessr.app                     I  File: https://localhost/assets/index-B8unurKZ.js - Line 386 - Msg: [webview-lifecycle] 13:08:22 ✅ WebView context fully restored and ready
2025-09-29 18:38:22.592  2590-2590  Capacitor/Console       com.confessr.app                     I  File: https://localhost/assets/index-B8unurKZ.js - Line 386 - Msg: [network] 13:08:22 ℹ️ Initial network status: online {"connectionType":"wifi"}
2025-09-29 18:38:22.593  2590-2590  Capacitor/Console       com.confessr.app                     I  File: https://localhost/assets/index-B8unurKZ.js - Line 387 - Msg: [whatsapp-connection] 13:08:22 📊 Status: connecting -  
2025-09-29 18:38:22.594  2590-2590  Capacitor/Console       com.confessr.app                     I  File: https://localhost/assets/index-B8unurKZ.js - Line 386 - Msg: [connection] 13:08:22 ℹ️ Connection status: connecting -  {"isUserVisible":false}
2025-09-29 18:38:22.597  2590-2590  Capacitor/Plugin        com.confessr.app                     V  To native (Capacitor plugin): callbackId: 7145759, pluginId: App, methodName: addListener
2025-09-29 18:38:22.597  2590-2590  Capacitor               com.confessr.app                     V  callback: 7145759, pluginId: App, methodName: addListener, methodData: {"eventName":"appStateChange"}
2025-09-29 18:38:22.598  2590-2590  Capacitor/Plugin        com.confessr.app                     V  To native (Capacitor plugin): callbackId: 7145760, pluginId: App, methodName: addListener
2025-09-29 18:38:22.598  2590-2590  Capacitor               com.confessr.app                     V  callback: 7145760, pluginId: App, methodName: addListener, methodData: {"eventName":"resume"}
2025-09-29 18:38:22.598  2590-2590  Capacitor/Plugin        com.confessr.app                     V  To native (Capacitor plugin): callbackId: 7145761, pluginId: Network, methodName: addListener
2025-09-29 18:38:22.598  2590-2590  Capacitor               com.confessr.app                     V  callback: 7145761, pluginId: Network, methodName: addListener, methodData: {"eventName":"networkStatusChange"}
2025-09-29 18:38:22.652  2590-10388 Capacitor               com.confessr.app                     D  Handling local request: https://localhost/favicon.ico
2025-09-29 18:38:22.654  2590-10390 Capacitor               com.confessr.app                     D  Handling local request: https://localhost/assets/index-B9C_LAPR.js
2025-09-29 18:38:22.683  2590-10388 Capacitor               com.confessr.app                     D  Handling local request: https://localhost/favicon.ico
2025-09-29 18:38:22.738  2590-2590  Capacitor/Console       com.confessr.app                     I  File: https://localhost/assets/index-B8unurKZ.js - Line 728 - Msg: 🚀 App mounted, setting up auth...
2025-09-29 18:38:22.739  2590-2590  Capacitor/Console       com.confessr.app                     I  File: https://localhost/assets/index-B8unurKZ.js - Line 728 - Msg: 📱 Native platform detected, initializing SQLite...
2025-09-29 18:38:22.739  2590-2590  Capacitor/Console       com.confessr.app                     I  File: https://localhost/assets/index-B8unurKZ.js - Line 107 - Msg: 🗄️ Initializing SQLite database...
2025-09-29 18:38:22.739  2590-2590  Capacitor/Console       com.confessr.app                     I  File: https://localhost/assets/index-B8unurKZ.js - Line 728 - Msg: 🎨 App render state: [object Object]
2025-09-29 18:38:22.740  2590-2590  Capacitor/Console       com.confessr.app                     I  File: https://localhost/assets/index-B8unurKZ.js - Line 359 - Msg: [supabase-pipeline] 13:08:22.622 [38;5;159m[fetch][0m POST https://sxykfyqrqwifkirveqgr.supabase.co/auth/v1/token?grant_type=refresh_token
2025-09-29 18:38:22.740  2590-2590  Capacitor/Console       com.confessr.app                     I  File: https://localhost/assets/index-B8unurKZ.js - Line 728 - Msg: [push] permission before(FirebaseMessaging): unknown
2025-09-29 18:38:22.740  2590-2590  Capacitor/Console       com.confessr.app                     I  File: https://localhost/assets/index-B8unurKZ.js - Line 728 - Msg: [push] permission after(FirebaseMessaging): denied
2025-09-29 18:38:22.750  2590-2590  Capacitor/Plugin        com.confessr.app                     V  To native (Capacitor plugin): callbackId: 7145762, pluginId: App, methodName: addListener
2025-09-29 18:38:22.750  2590-2590  Capacitor               com.confessr.app                     V  callback: 7145762, pluginId: App, methodName: addListener, methodData: {"eventName":"backButton"}
2025-09-29 18:38:22.751  2590-2590  Capacitor/Plugin        com.confessr.app                     V  To native (Capacitor plugin): callbackId: 7145763, pluginId: App, methodName: addListener
2025-09-29 18:38:22.751  2590-2590  Capacitor               com.confessr.app                     V  callback: 7145763, pluginId: App, methodName: addListener, methodData: {"eventName":"appStateChange"}
2025-09-29 18:38:22.751  2590-2590  Capacitor/Plugin        com.confessr.app                     V  To native (Capacitor plugin): callbackId: 7145764, pluginId: Preferences, methodName: get
2025-09-29 18:38:22.751  2590-2590  Capacitor               com.confessr.app                     V  callback: 7145764, pluginId: Preferences, methodName: get, methodData: {"key":"sqlite_encryption_key"}
2025-09-29 18:38:22.927  2590-2590  Capacitor/Plugin        com.confessr.app                     V  To native (Capacitor plugin): callbackId: 7145765, pluginId: PushNotifications, methodName: checkPermissions
2025-09-29 18:38:22.927  2590-2590  Capacitor               com.confessr.app                     V  callback: 7145765, pluginId: PushNotifications, methodName: checkPermissions, methodData: {}
2025-09-29 18:38:23.010  2590-2590  Capacitor/Plugin        com.confessr.app                     V  To native (Capacitor plugin): callbackId: 7145766, pluginId: CapacitorSQLite, methodName: setEncryptionSecret
2025-09-29 18:38:23.011  2590-2590  Capacitor               com.confessr.app                     V  callback: 7145766, pluginId: CapacitorSQLite, methodName: setEncryptionSecret, methodData: {"passphrase":"ab061e40325342b28537a23da981dc0b"}
2025-09-29 18:38:23.024  2590-10438 com.getcap...RetHandler com.confessr.app                     V  *** ERROR SetEncryptionSecret: a passphrase has already been set 
2025-09-29 18:38:23.025  2590-10438 Capacitor               com.confessr.app                     D  Sending plugin error: {"save":false,"callbackId":"7145766","pluginId":"CapacitorSQLite","methodName":"setEncryptionSecret","success":false,"error":{"message":"SetEncryptionSecret: a passphrase has already been set "}}
2025-09-29 18:38:23.068  2590-2590  Capacitor/Console       com.confessr.app                     I  File: https://localhost/assets/index-B8unurKZ.js - Line 728 - Msg: [push] permission before(PushNotifications): granted
2025-09-29 18:38:23.116  2590-2590  Capacitor/Console       com.confessr.app                     I  File: https://localhost/assets/index-B8unurKZ.js - Line 107 - Msg: 🔑 SQLite encryption key was already set
2025-09-29 18:38:23.118  2590-2590  Capacitor/Plugin        com.confessr.app                     V  To native (Capacitor plugin): callbackId: 7145767, pluginId: PushNotifications, methodName: register
2025-09-29 18:38:23.118  2590-2590  Capacitor               com.confessr.app                     V  callback: 7145767, pluginId: PushNotifications, methodName: register, methodData: {}
2025-09-29 18:38:23.146  2590-2590  Capacitor/Plugin        com.confessr.app                     V  To native (Capacitor plugin): callbackId: 7145768, pluginId: CapacitorSQLite, methodName: isDatabase
2025-09-29 18:38:23.146  2590-2590  Capacitor               com.confessr.app                     V  callback: 7145768, pluginId: CapacitorSQLite, methodName: isDatabase, methodData: {"database":"confessr_db"}
2025-09-29 18:38:23.147  2590-2590  Capacitor/Console       com.confessr.app                     I  File:  - Line 334 - Msg: undefined
2025-09-29 18:38:23.147  2590-2590  Capacitor/...ionsPlugin com.confessr.app                     V  Notifying listeners for event registration
2025-09-29 18:38:23.147  2590-2590  Capacitor/...ionsPlugin com.confessr.app                     D  No listeners found for event registration
2025-09-29 18:38:23.186  2590-2590  Capacitor/Console       com.confessr.app                     I  File: https://localhost/assets/index-B8unurKZ.js - Line 728 - Msg: [push] FirebaseMessaging.getToken returned empty
2025-09-29 18:38:23.186  2590-2590  Capacitor/Console       com.confessr.app                     I  File: https://localhost/assets/index-B8unurKZ.js - Line 359 - Msg: [supabase-pipeline] 13:08:23.147 🔑 getClient() called - hasClient=true isInitialized=true initPromiseActive=false
2025-09-29 18:38:23.215  2590-2590  Capacitor/Console       com.confessr.app                     I  File: https://localhost/assets/index-B8unurKZ.js - Line 107 - Msg: Database exists check: true
2025-09-29 18:38:23.215  2590-2590  Capacitor/Console       com.confessr.app                     I  File: https://localhost/assets/index-B8unurKZ.js - Line 107 - Msg: 🔓 Opening encrypted database with secret mode...
2025-09-29 18:38:23.216  2590-2590  Capacitor/Plugin        com.confessr.app                     V  To native (Capacitor plugin): callbackId: 7145769, pluginId: PushNotifications, methodName: addListener
2025-09-29 18:38:23.216  2590-2590  Capacitor               com.confessr.app                     V  callback: 7145769, pluginId: PushNotifications, methodName: addListener, methodData: {"eventName":"registration"}
2025-09-29 18:38:23.216  2590-10438 Capacitor/...ionsPlugin com.confessr.app                     V  Notifying listeners for event registration
2025-09-29 18:38:23.217  2590-2590  Capacitor/Plugin        com.confessr.app                     V  To native (Capacitor plugin): callbackId: 7145770, pluginId: PushNotifications, methodName: addListener
2025-09-29 18:38:23.217  2590-2590  Capacitor               com.confessr.app                     V  callback: 7145770, pluginId: PushNotifications, methodName: addListener, methodData: {"eventName":"registrationError"}
2025-09-29 18:38:23.217  2590-2590  Capacitor/Plugin        com.confessr.app                     V  To native (Capacitor plugin): callbackId: 7145771, pluginId: App, methodName: addListener
2025-09-29 18:38:23.217  2590-2590  Capacitor               com.confessr.app                     V  callback: 7145771, pluginId: App, methodName: addListener, methodData: {"eventName":"resume"}
2025-09-29 18:38:23.218  2590-2590  Capacitor/Plugin        com.confessr.app                     V  To native (Capacitor plugin): callbackId: 7145772, pluginId: App, methodName: addListener
2025-09-29 18:38:23.218  2590-2590  Capacitor               com.confessr.app                     V  callback: 7145772, pluginId: App, methodName: addListener, methodData: {"eventName":"appUrlOpen"}
2025-09-29 18:38:23.218  2590-2590  Capacitor/Plugin        com.confessr.app                     V  To native (Capacitor plugin): callbackId: 7145773, pluginId: Network, methodName: addListener
2025-09-29 18:38:23.218  2590-2590  Capacitor               com.confessr.app                     V  callback: 7145773, pluginId: Network, methodName: addListener, methodData: {"eventName":"networkStatusChange"}
2025-09-29 18:38:23.247  2590-2590  Capacitor/Console       com.confessr.app                     I  File: https://localhost/assets/index-B8unurKZ.js - Line 728 - Msg: [push] token received(core): dTC-VD…
2025-09-29 18:38:23.247  2590-2590  Capacitor/Console       com.confessr.app                     I  File: https://localhost/assets/index-B8unurKZ.js - Line 359 - Msg: [supabase-pipeline] 13:08:23.220 🗄️ Executing upsert device token...
2025-09-29 18:38:23.247  2590-2590  Capacitor/Console       com.confessr.app                     I  File: https://localhost/assets/index-B8unurKZ.js - Line 359 - Msg: [supabase-pipeline] 13:08:23.221 🔑 getClient() called - hasClient=true isInitialized=true initPromiseActive=false
2025-09-29 18:38:23.248  2590-2590  Capacitor/Plugin        com.confessr.app                     V  To native (Capacitor plugin): callbackId: 7145774, pluginId: CapacitorSQLite, methodName: createConnection
2025-09-29 18:38:23.248  2590-2590  Capacitor               com.confessr.app                     V  callback: 7145774, pluginId: CapacitorSQLite, methodName: createConnection, methodData: {"database":"confessr_db","encrypted":true,"mode":"secret","version":1,"readonly":false}
2025-09-29 18:38:23.269  2590-10438 com.getcap...e.Database com.confessr.app                     V  &&& file path /data/user/0/com.confessr.app/databases/confessr_dbSQLite.db
2025-09-29 18:38:23.304  2590-2590  Capacitor/Console       com.confessr.app                     I  File:  - Line 334 - Msg: undefined
2025-09-29 18:38:23.329  2590-2590  Capacitor/Plugin        com.confessr.app                     V  To native (Capacitor plugin): callbackId: 7145775, pluginId: CapacitorSQLite, methodName: open
2025-09-29 18:38:23.329  2590-2590  Capacitor               com.confessr.app                     V  callback: 7145775, pluginId: CapacitorSQLite, methodName: open, methodData: {"database":"confessr_db","readonly":false}
2025-09-29 18:38:23.759  2590-2590  Capacitor/Console       com.confessr.app                     I  File: https://localhost/assets/index-B8unurKZ.js - Line 359 - Msg: [supabase-pipeline] 13:08:23.751 🔑 Token cached: user=839d1d4a hasAccess=true hasRefresh=true
2025-09-29 18:38:23.808  2590-2590  Capacitor/Console       com.confessr.app                     I  File: https://localhost/assets/index-B8unurKZ.js - Line 359 - Msg: [supabase-pipeline] 13:08:23.781 🔑 Token cached: user=839d1d4a hasAccess=true hasRefresh=true
2025-09-29 18:38:23.835  2590-2590  Capacitor/Console       com.confessr.app                     I  File:  - Line 334 - Msg: undefined
2025-09-29 18:38:23.835  2590-2590  Capacitor/Console       com.confessr.app                     I  File: https://localhost/assets/index-B8unurKZ.js - Line 107 - Msg: ✅ Encrypted database opened successfully
2025-09-29 18:38:23.835  2590-2590  Capacitor/Console       com.confessr.app                     I  File: https://localhost/assets/index-B8unurKZ.js - Line 359 - Msg: [supabase-pipeline] 13:08:23.815 🧪 Corruption check: client is healthy (getSession successful)
2025-09-29 18:38:23.864  2590-2590  Capacitor/Plugin        com.confessr.app                     V  To native (Capacitor plugin): callbackId: 7145776, pluginId: CapacitorSQLite, methodName: execute
2025-09-29 18:38:23.864  2590-2590  Capacitor               com.confessr.app                     V  callback: 7145776, pluginId: CapacitorSQLite, methodName: execute, methodData: {"database":"confessr_db","statements":"PRAGMA cipher_memory_security = ON;","transaction":true,"readonly":false,"isSQL92":true}
2025-09-29 18:38:23.893  2590-2590  Capacitor/Console       com.confessr.app                     I  File: https://localhost/assets/index-B8unurKZ.js - Line 359 - Msg: [supabase-pipeline] 13:08:23.867 [38;5;159m[fetch][0m POST https://sxykfyqrqwifkirveqgr.supabase.co/rest/v1/user_devices?on_conflict=token
2025-09-29 18:38:23.927  2590-2590  Capacitor/Console       com.confessr.app                     I  File: https://localhost/assets/index-B8unurKZ.js - Line 107 - Msg: ✅ Security pragma set
2025-09-29 18:38:23.927  2590-2590  Capacitor/Console       com.confessr.app                     I  File: https://localhost/assets/index-B8unurKZ.js - Line 107 - Msg: 📊 Creating tables in encrypted database...
2025-09-29 18:38:23.927  2590-2590  Capacitor/Console       com.confessr.app                     I  File: https://localhost/assets/index-B8unurKZ.js - Line 386 - Msg: [realtime-v2] Auth event: INITIAL_SESSION
2025-09-29 18:38:23.928  2590-2590  Capacitor/Console       com.confessr.app                     I  File: https://localhost/assets/index-B8unurKZ.js - Line 386 - Msg: [realtime-v2] Token applied; channel healthy, no reconnect
2025-09-29 18:38:23.928  2590-2590  Capacitor/Console       com.confessr.app                     I  File: https://localhost/assets/index-B8unurKZ.js - Line 382 - Msg: [outbox-unified] Resetting outbox processing state
2025-09-29 18:38:23.970  2590-2590  Capacitor/Plugin        com.confessr.app                     V  To native (Capacitor plugin): callbackId: 7145777, pluginId: CapacitorSQLite, methodName: execute
2025-09-29 18:38:23.971  2590-2590  Capacitor               com.confessr.app                     V  callback: 7145777, pluginId: CapacitorSQLite, methodName: execute, methodData: {"database":"confessr_db","statements":"\n      CREATE TABLE IF NOT EXISTS messages (\n        id TEXT PRIMARY KEY,\n        group_id TEXT NOT NULL,\n        user_id TEXT NOT NULL,\n        content TEXT NOT NULL,\n        is_ghost INTEGER DEFAULT 0,\n        message_type TEXT DEFAULT 'text',\n        category TEXT,\n        parent_id TEXT,\n        image_url TEXT,\n        created_at INTEGER NOT NULL,\n        local_id INTEGER UNIQUE,\n        updated_at INTEGER,\n        deleted_at INTEGER\n      );\n\n      CREATE TABLE IF NOT EXISTS groups (\n        id TEXT PRIMARY KEY,\n        name TEXT NOT NULL,\n        description TEXT,\n        invite_code TEXT,\n        created_by TEXT NOT NULL,\n        created_at INTEGER NOT NULL,\n        last_sync_timestamp INTEGER DEFAULT 0,\n        avatar_url TEXT,\n        is_archived INTEGER DEFAULT 0\n      );\n\n      CREATE TABLE IF NOT EXISTS users (\n        id TEXT PRIMARY KEY,\n        display_name TEXT NOT NULL,\n        phone_number TEXT,\n        avatar_url TEXT,\n        is_onboarded INTEGER DEFAULT 0,\n        created_at INTEGER NOT NULL\n      );\n\n      CREATE TABLE IF NOT EXISTS outbox (\n        id INTEGER PRIMARY KEY AUTOINCREMENT,\n        group_id TEXT NOT NULL,\n        user_id TEXT NOT NULL,\n        content TEXT NOT NULL,\n        retry_count INTEGER DEFAULT 0,\n        next_retry_at INTEGER NOT NULL,\n        message_type TEXT DEFAULT 'text',\n        category TEXT,\n        parent_id TEXT,\n        image_url TEXT,\n        is_ghost INTEGER DEFAULT 0\n      );\n\n      CREATE TABLE IF NOT EXISTS sync_state (\n        key TEXT PRIMARY KEY,\n        value TEXT NOT NULL\n      );\n\n      \/* Polls table *\/\n      CREATE TABLE IF NOT EXISTS polls (\n        id TEXT PRIMARY KEY,\n        message_id TEXT NOT NULL,\n        question TEXT NOT NULL,\n        options TEXT NOT NULL, -- JSON string\n        created_at INTEGER NOT NULL,\n        closes_at INTEGER NOT NULL,\n        created_by TEXT NOT NULL,\n        FOREIGN KEY (message_id) REFERENCES messages(id)\n      );\n\n      \/* Poll votes table *\/\n      CREATE TABLE IF NOT EXISTS poll_votes (\n        poll_id TEXT NOT NULL,\n        user_id TEXT NOT NULL,\n        option_index INTEGER NOT NULL,\n        created_at INTEGER NOT NULL,\n        PRIMARY KEY (poll_id, user_id),\n        FOREIGN KEY (poll_id) REFERENCES polls(id)\n      );\n\n      \/* Reactions table *\/\n      CREATE TABLE IF NOT EXISTS reactions (\n        id TEXT PRIMARY KEY,\n        message_id TEXT NOT NULL,\n        user_id TEXT NOT NULL,\n        emoji TEXT NOT NULL,\n        created_at INTEGER NOT NULL,\n        FOREIGN KEY (message_id) REFERENCES messages(id)\n      );\n\n      \/* Group members table *\/\n      CREATE TABLE IF NOT EXISTS group_members (\n        group_id TEXT NOT NULL,\n        user_id TEXT NOT NULL,\n        role TEXT DEFAULT 'participant',\n        joined_at INTEGER NOT NULL,\n        PRIMARY KEY (group_id, user_id),\n        FOREIGN KEY (group_id) REFERENCES groups(id),\n        FOREIGN KEY (user_id) REFERENCES users(id)\n      );\n\n      \/* User pseudonyms for ghost messages *\/\n      CREATE TABLE IF NOT EXISTS user_pseudonyms (\n        group_id TEXT NOT NULL,\n        user_id TEXT NOT NULL,\n        pseudonym TEXT NOT NULL,\n        created_at INTEGER NOT NULL,\n        PRIMARY KEY (group_id, user_id)\n      );\n\n      \/* Confessions table for confession messages *\/\n      CREATE TABLE IF NOT EXISTS confessions (\n        id TEXT PRIMARY KEY,\n        message_id TEXT NOT NULL,\n        confession_type TEXT NOT NULL,\n        is_anonymous INTEGER DEFAULT 1,\n        FOREIGN KEY (message_id) REFERENCES messages(id)\n      );\n\n      \/* indexes *\/\n      CREATE INDEX IF NOT EXISTS idx_msg_group_date_asc\n        ON messages(group_id, created_at ASC);\n      CREATE INDEX IF NOT EXISTS idx_msg_group_date_desc\n        ON messages(group_id, created_at DESC);\n      CREATE INDEX IF NOT EXISTS idx_ms
2025-09-29 18:38:24.066  2590-2590  Capacitor/Plugin        com.confessr.app                     V  To native (Capacitor plugin): callbackId: 7145778, pluginId: CapacitorSQLite, methodName: query
2025-09-29 18:38:24.067  2590-2590  Capacitor               com.confessr.app                     V  callback: 7145778, pluginId: CapacitorSQLite, methodName: query, methodData: {"database":"confessr_db","statement":"PRAGMA table_info(messages);","values":[],"readonly":false,"isSQL92":true}
2025-09-29 18:38:24.147  2590-2590  Capacitor/Console       com.confessr.app                     I  File: https://localhost/assets/index-B8unurKZ.js - Line 359 - Msg: [supabase-pipeline] 13:08:24.123 🗄️ upsert device token success
2025-09-29 18:38:24.147  2590-2590  Capacitor/Console       com.confessr.app                     I  File: https://localhost/assets/index-B8unurKZ.js - Line 728 - Msg: [push] 2025-09-29T13:08:24.123Z token:registered android dTC-VD…
2025-09-29 18:38:24.148  2590-2590  Capacitor/Plugin        com.confessr.app                     V  To native (Capacitor plugin): callbackId: 7145779, pluginId: CapacitorSQLite, methodName: query
2025-09-29 18:38:24.148  2590-2590  Capacitor               com.confessr.app                     V  callback: 7145779, pluginId: CapacitorSQLite, methodName: query, methodData: {"database":"confessr_db","statement":"PRAGMA table_info(messages);","values":[],"readonly":false,"isSQL92":true}
2025-09-29 18:38:24.210  2590-2590  Capacitor/Plugin        com.confessr.app                     V  To native (Capacitor plugin): callbackId: 7145780, pluginId: CapacitorSQLite, methodName: query
2025-09-29 18:38:24.211  2590-2590  Capacitor               com.confessr.app                     V  callback: 7145780, pluginId: CapacitorSQLite, methodName: query, methodData: {"database":"confessr_db","statement":"PRAGMA table_info(groups);","values":[],"readonly":false,"isSQL92":true}
2025-09-29 18:38:24.310  2590-2590  Capacitor/Plugin        com.confessr.app                     V  To native (Capacitor plugin): callbackId: 7145781, pluginId: CapacitorSQLite, methodName: query
2025-09-29 18:38:24.311  2590-2590  Capacitor               com.confessr.app                     V  callback: 7145781, pluginId: CapacitorSQLite, methodName: query, methodData: {"database":"confessr_db","statement":"PRAGMA table_info(groups);","values":[],"readonly":false,"isSQL92":true}
2025-09-29 18:38:24.429  2590-2590  Capacitor/Console       com.confessr.app                     I  File: https://localhost/assets/index-B8unurKZ.js - Line 382 - Msg: [outbox-unified] Trigger requested from: auth-token-refreshed (priority: high)
2025-09-29 18:38:24.430  2590-2590  Capacitor/Console       com.confessr.app                     I  File: https://localhost/assets/index-B8unurKZ.js - Line 382 - Msg: [outbox-unified] Scheduling processing in 50ms for: auth-token-refreshed
2025-09-29 18:38:24.431  2590-2590  Capacitor/Plugin        com.confessr.app                     V  To native (Capacitor plugin): callbackId: 7145782, pluginId: CapacitorSQLite, methodName: query
2025-09-29 18:38:24.431  2590-2590  Capacitor               com.confessr.app                     V  callback: 7145782, pluginId: CapacitorSQLite, methodName: query, methodData: {"database":"confessr_db","statement":"PRAGMA table_info(groups);","values":[],"readonly":false,"isSQL92":true}
2025-09-29 18:38:24.461  2590-2590  Capacitor/Console       com.confessr.app                     I  File: https://localhost/assets/index-B8unurKZ.js - Line 382 - Msg: [outbox-unified] Starting processing session outbox-1759151304457
2025-09-29 18:38:24.500  2590-2590  Capacitor/Plugin        com.confessr.app                     V  To native (Capacitor plugin): callbackId: 7145783, pluginId: CapacitorSQLite, methodName: query
2025-09-29 18:38:24.501  2590-2590  Capacitor               com.confessr.app                     V  callback: 7145783, pluginId: CapacitorSQLite, methodName: query, methodData: {"database":"confessr_db","statement":"PRAGMA table_info(groups);","values":[],"readonly":false,"isSQL92":true}
2025-09-29 18:38:24.555  2590-2590  Capacitor/Plugin        com.confessr.app                     V  To native (Capacitor plugin): callbackId: 7145784, pluginId: CapacitorSQLite, methodName: query
2025-09-29 18:38:24.556  2590-2590  Capacitor               com.confessr.app                     V  callback: 7145784, pluginId: CapacitorSQLite, methodName: query, methodData: {"database":"confessr_db","statement":"PRAGMA table_info(groups);","values":[],"readonly":false,"isSQL92":true}
2025-09-29 18:38:24.626  2590-2590  Capacitor/Plugin        com.confessr.app                     V  To native (Capacitor plugin): callbackId: 7145785, pluginId: CapacitorSQLite, methodName: query
2025-09-29 18:38:24.627  2590-2590  Capacitor               com.confessr.app                     V  callback: 7145785, pluginId: CapacitorSQLite, methodName: query, methodData: {"database":"confessr_db","statement":"PRAGMA table_info(groups);","values":[],"readonly":false,"isSQL92":true}
2025-09-29 18:38:24.706  2590-2590  Capacitor/Plugin        com.confessr.app                     V  To native (Capacitor plugin): callbackId: 7145786, pluginId: CapacitorSQLite, methodName: query
2025-09-29 18:38:24.706  2590-2590  Capacitor               com.confessr.app                     V  callback: 7145786, pluginId: CapacitorSQLite, methodName: query, methodData: {"database":"confessr_db","statement":"PRAGMA table_info(groups);","values":[],"readonly":false,"isSQL92":true}
2025-09-29 18:38:24.780  2590-2590  Capacitor/Plugin        com.confessr.app                     V  To native (Capacitor plugin): callbackId: 7145787, pluginId: CapacitorSQLite, methodName: query
2025-09-29 18:38:24.780  2590-2590  Capacitor               com.confessr.app                     V  callback: 7145787, pluginId: CapacitorSQLite, methodName: query, methodData: {"database":"confessr_db","statement":"PRAGMA table_info(users);","values":[],"readonly":false,"isSQL92":true}
2025-09-29 18:38:24.853  2590-2590  Capacitor/Plugin        com.confessr.app                     V  To native (Capacitor plugin): callbackId: 7145788, pluginId: CapacitorSQLite, methodName: query
2025-09-29 18:38:24.853  2590-2590  Capacitor               com.confessr.app                     V  callback: 7145788, pluginId: CapacitorSQLite, methodName: query, methodData: {"database":"confessr_db","statement":"PRAGMA table_info(users);","values":[],"readonly":false,"isSQL92":true}
2025-09-29 18:38:24.930  2590-2590  Capacitor/Plugin        com.confessr.app                     V  To native (Capacitor plugin): callbackId: 7145789, pluginId: CapacitorSQLite, methodName: query
2025-09-29 18:38:24.930  2590-2590  Capacitor               com.confessr.app                     V  callback: 7145789, pluginId: CapacitorSQLite, methodName: query, methodData: {"database":"confessr_db","statement":"PRAGMA table_info(users);","values":[],"readonly":false,"isSQL92":true}
2025-09-29 18:38:24.981  2590-2590  Capacitor/Console       com.confessr.app                     I  File: https://localhost/assets/index-B8unurKZ.js - Line 252 - Msg: ✅ Database migration completed
2025-09-29 18:38:24.982  2590-2590  Capacitor/Console       com.confessr.app                     I  File: https://localhost/assets/index-B8unurKZ.js - Line 107 - Msg: ✅ Tables created in encrypted database
2025-09-29 18:38:24.982  2590-2590  Capacitor/Console       com.confessr.app                     I  File: https://localhost/assets/index-B8unurKZ.js - Line 107 - Msg: ✅ Encrypted SQLite ready
2025-09-29 18:38:24.982  2590-2590  Capacitor/Console       com.confessr.app                     I  File: https://localhost/assets/index-B8unurKZ.js - Line 252 - Msg: 🧪 Testing local storage...
2025-09-29 18:38:25.001  2590-2590  Capacitor/Plugin        com.confessr.app                     V  To native (Capacitor plugin): callbackId: 7145790, pluginId: CapacitorSQLite, methodName: run
2025-09-29 18:38:25.001  2590-2590  Capacitor               com.confessr.app                     V  callback: 7145790, pluginId: CapacitorSQLite, methodName: run, methodData: {"database":"confessr_db","statement":"\n        INSERT OR REPLACE INTO users (id, display_name, phone_number, avatar_url, is_onboarded, created_at)\n        VALUES (?, ?, ?, ?, ?, ?)\n      ","values":["test-user-id","Test User","+1234567890",null,1,1759151304960],"transaction":true,"readonly":false,"returnMode":"no","isSQL92":true}
2025-09-29 18:38:25.056  2590-2590  Capacitor/Console       com.confessr.app                     I  File: https://localhost/assets/index-B8unurKZ.js - Line 255 - Msg: ✅ Test user saved
2025-09-29 18:38:25.082  2590-2590  Capacitor/Console       com.confessr.app                     I  File: https://localhost/assets/index-B8unurKZ.js - Line 382 - Msg: [outbox-unified] outbox-1759151304457 - sqliteReady waited 605ms
2025-09-29 18:38:25.083  2590-2590  Capacitor/Plugin        com.confessr.app                     V  To native (Capacitor plugin): callbackId: 7145791, pluginId: CapacitorSQLite, methodName: query
2025-09-29 18:38:25.083  2590-2590  Capacitor               com.confessr.app                     V  callback: 7145791, pluginId: CapacitorSQLite, methodName: query, methodData: {"database":"confessr_db","statement":"SELECT * FROM users WHERE id = ?","values":["test-user-id"],"readonly":false,"isSQL92":true}
2025-09-29 18:38:25.105  2590-2590  Capacitor/Plugin        com.confessr.app                     V  To native (Capacitor plugin): callbackId: 7145792, pluginId: CapacitorSQLite, methodName: query
2025-09-29 18:38:25.105  2590-2590  Capacitor               com.confessr.app                     V  callback: 7145792, pluginId: CapacitorSQLite, methodName: query, methodData: {"database":"confessr_db","statement":"\n      SELECT * FROM outbox \n      WHERE next_retry_at <= ? \n      ORDER BY next_retry_at ASC\n    ","values":[1759151305063],"readonly":false,"isSQL92":true}
2025-09-29 18:38:25.127  2590-2590  Capacitor/Console       com.confessr.app                     I  File: https://localhost/assets/index-B8unurKZ.js - Line 255 - Msg: 📋 Retrieved user: [object Object]
2025-09-29 18:38:25.127  2590-2590  Capacitor/Console       com.confessr.app                     I  File: https://localhost/assets/index-B8unurKZ.js - Line 255 - Msg: ✅ Local storage test passed! Data was successfully saved and retrieved.
2025-09-29 18:38:25.153  2590-2590  Capacitor/Console       com.confessr.app                     I  File: https://localhost/assets/index-B8unurKZ.js - Line 382 - Msg: [outbox-unified] outbox-1759151304457 - non-empty: start (items=7)
2025-09-29 18:38:25.154  2590-2590  Capacitor/Console       com.confessr.app                     I  File: https://localhost/assets/index-B8unurKZ.js - Line 359 - Msg: [supabase-pipeline] 13:08:25.131 📦 Starting outbox processing - session outbox-1759151305131
2025-09-29 18:38:25.154  2590-2590  Capacitor/Console       com.confessr.app                     I  File: https://localhost/assets/index-B8unurKZ.js - Line 359 - Msg: [supabase-pipeline] 13:08:25.132 📦 Outbox pre-check: sqliteReady after 0ms
2025-09-29 18:38:25.157  2590-2590  Capacitor/Plugin        com.confessr.app                     V  To native (Capacitor plugin): callbackId: 7145793, pluginId: CapacitorSQLite, methodName: run
2025-09-29 18:38:25.157  2590-2590  Capacitor               com.confessr.app                     V  callback: 7145793, pluginId: CapacitorSQLite, methodName: run, methodData: {"database":"confessr_db","statement":"INSERT OR REPLACE INTO messages\n         (id, group_id, user_id, content, is_ghost, message_type, category, parent_id, image_url, created_at, updated_at, deleted_at)\n         VALUES (?, ?, ?, ?, ?, ?, ?, ?, ?, ?, ?, ?);","values":["test-message-id","test-group-id","test-user-id","Test message content",0,"text",null,null,null,1759151305115,null,null],"transaction":true,"readonly":false,"returnMode":"no","isSQL92":true}
2025-09-29 18:38:25.175  2590-2590  Capacitor/Plugin        com.confessr.app                     V  To native (Capacitor plugin): callbackId: 7145794, pluginId: CapacitorSQLite, methodName: query
2025-09-29 18:38:25.175  2590-2590  Capacitor               com.confessr.app                     V  callback: 7145794, pluginId: CapacitorSQLite, methodName: query, methodData: {"database":"confessr_db","statement":"\n      SELECT * FROM outbox \n      WHERE next_retry_at <= ? \n      ORDER BY next_retry_at ASC\n    ","values":[1759151305132],"readonly":false,"isSQL92":true}
2025-09-29 18:38:25.221  2590-2590  Capacitor/Console       com.confessr.app                     I  File: https://localhost/assets/index-B8unurKZ.js - Line 257 - Msg: ✅ Test message saved
2025-09-29 18:38:25.222  2590-2590  Capacitor/Console       com.confessr.app                     I  File: https://localhost/assets/index-B8unurKZ.js - Line 359 - Msg: [supabase-pipeline] 13:08:25.200 📦 non-empty: start (7)
2025-09-29 18:38:25.244  2590-2590  Capacitor/Plugin        com.confessr.app                     V  To native (Capacitor plugin): callbackId: 7145795, pluginId: CapacitorSQLite, methodName: query
2025-09-29 18:38:25.244  2590-2590  Capacitor               com.confessr.app                     V  callback: 7145795, pluginId: CapacitorSQLite, methodName: query, methodData: {"database":"confessr_db","statement":"SELECT * FROM messages WHERE group_id = ? ORDER BY created_at ASC LIMIT 50 OFFSET 0","values":["test-group-id"],"readonly":false,"isSQL92":true}
2025-09-29 18:38:25.245  2590-2590  Capacitor/Plugin        com.confessr.app                     V  To native (Capacitor plugin): callbackId: 7145796, pluginId: Network, methodName: getStatus
2025-09-29 18:38:25.245  2590-2590  Capacitor               com.confessr.app                     V  callback: 7145796, pluginId: Network, methodName: getStatus, methodData: {}
2025-09-29 18:38:25.293  2590-2590  Capacitor/Console       com.confessr.app                     I  File: https://localhost/assets/index-B8unurKZ.js - Line 257 - Msg: 📋 Retrieved messages: [object Object]
2025-09-29 18:38:25.293  2590-2590  Capacitor/Console       com.confessr.app                     I  File: https://localhost/assets/index-B8unurKZ.js - Line 257 - Msg: ✅ Message storage test passed! Message was successfully saved and retrieved.
2025-09-29 18:38:25.294  2590-2590  Capacitor/Console       com.confessr.app                     I  File: https://localhost/assets/index-B8unurKZ.js - Line 728 - Msg: ✅ SQLite initialized successfully
2025-09-29 18:38:25.294  2590-2590  Capacitor/Console       com.confessr.app                     I  File: https://localhost/assets/index-B8unurKZ.js - Line 728 - Msg: 🌐 Network status monitoring handled centrally in main.tsx
2025-09-29 18:38:25.295  2590-2590  Capacitor/Console       com.confessr.app                     I  File: https://localhost/assets/index-B8unurKZ.js - Line 359 - Msg: 🎧 Setting up auth state listener...
2025-09-29 18:38:25.295  2590-2590  Capacitor/Console       com.confessr.app                     I  File: https://localhost/assets/index-B8unurKZ.js - Line 359 - Msg: [supabase-pipeline] 13:08:25.268 🔑 getClient() called - hasClient=true isInitialized=true initPromiseActive=false
2025-09-29 18:38:25.296  2590-2590  Capacitor/Console       com.confessr.app                     I  File: https://localhost/assets/index-B8unurKZ.js - Line 359 - Msg: 🔍 Initializing authentication...
2025-09-29 18:38:25.296  2590-2590  Capacitor/Console       com.confessr.app                     I  File: https://localhost/assets/index-B8unurKZ.js - Line 359 - Msg: [supabase-pipeline] 13:08:25.270 🔐 Attempting session recovery using cached tokens
2025-09-29 18:38:25.296  2590-2590  Capacitor/Console       com.confessr.app                     I  File: https://localhost/assets/index-B8unurKZ.js - Line 359 - Msg: [supabase-pipeline] 13:08:25.270 🔑 getClient() called - hasClient=true isInitialized=true initPromiseActive=false
2025-09-29 18:38:25.297  2590-2590  Capacitor/Console       com.confessr.app                     I  File: https://localhost/assets/index-B8unurKZ.js - Line 359 - Msg: [supabase-pipeline] 13:08:25.272 🌐 Network state: online=true webViewReady=true type=wifi
2025-09-29 18:38:25.297  2590-2590  Capacitor/Console       com.confessr.app                     I  File: https://localhost/assets/index-B8unurKZ.js - Line 359 - Msg: [supabase-pipeline] 13:08:25.273 🏥 Health check: starting (online=true webViewReady=true)
2025-09-29 18:38:25.298  2590-2590  Capacitor/Console       com.confessr.app                     I  File: https://localhost/assets/index-B8unurKZ.js - Line 359 - Msg: [supabase-pipeline] 13:08:25.273 🏥 Health check: using cached access token (healthy)
2025-09-29 18:38:25.298  2590-2590  Capacitor/Console       com.confessr.app                     I  File: https://localhost/assets/index-B8unurKZ.js - Line 359 - Msg: [supabase-pipeline] 13:08:25.273 🔑 getClient() called - hasClient=true isInitialized=true initPromiseActive=false
2025-09-29 18:38:25.298  2590-2590  Capacitor/Console       com.confessr.app                     I  File: https://localhost/assets/index-B8unurKZ.js - Line 359 - Msg: [supabase-pipeline] 13:08:25.273 📦 Processing outbox message 1/7 (ID: 33)
2025-09-29 18:38:25.298  2590-2590  Capacitor/Console       com.confessr.app                     I  File: https://localhost/assets/index-B8unurKZ.js - Line 359 - Msg: [supabase-pipeline] 13:08:25.273 [#33] attempt start (dk=d:839d1d4a-e72b-47bb-b74e-ef28a15f43ee:87faebb0-0bf4-49c9-8119-8d56abe52be2:1759151216470-t9fg0jeu1dj)
2025-09-29 18:38:25.299  2590-2590  Capacitor/Console       com.confessr.app                     I  File: https://localhost/assets/index-B8unurKZ.js - Line 359 - Msg: [supabase-pipeline] 13:08:25.273 [#33] requires_pseudonym=true  attempting upsert before send
2025-09-29 18:38:25.299  2590-2590  Capacitor/Console       com.confessr.app                     I  File: https://localhost/assets/index-B8unurKZ.js - Line 359 - Msg: [supabase-pipeline] 13:08:25.273 🗄️ Executing RPC upsert_pseudonym...
2025-09-29 18:38:25.299  2590-2590  Capacitor/Console       com.confessr.app                     I  File: https://localhost/assets/index-B8unurKZ.js - Line 359 - Msg: [supabase-pipeline] 13:08:25.273 🔑 getClient() called - hasClient=true isInitialized=true initPromiseActive=false
2025-09-29 18:38:25.300  2590-2590  Capacitor/Console       com.confessr.app                     I  File: https://localhost/assets/index-B8unurKZ.js - Line 359 - Msg: 🔄 Auth state changed: INITIAL_SESSION 839d1d4a-e72b-47bb-b74e-ef28a15f43ee
2025-09-29 18:38:25.300  2590-2590  Capacitor/Console       com.confessr.app                     I  File: https://localhost/assets/index-B8unurKZ.js - Line 359 - Msg: 📡 Auth event: INITIAL_SESSION
