---------------------------- PROCESS ENDED (19344) for package com.confessr.app ----------------------------
---------------------------- PROCESS STARTED (5673) for package com.confessr.app ----------------------------
2025-11-10 22:48:12.246  5673-5673  Capacitor               com.confessr.app                     D  Starting BridgeActivity
2025-11-10 22:48:12.311  5673-5673  Capacitor               com.confessr.app                     D  Registering plugin instance: CapacitorCookies
2025-11-10 22:48:12.322  5673-5673  Capacitor               com.confessr.app                     D  Registering plugin instance: WebView
2025-11-10 22:48:12.334  5673-5673  Capacitor               com.confessr.app                     D  Registering plugin instance: CapacitorHttp
2025-11-10 22:48:12.343  5673-5673  Capacitor               com.confessr.app                     D  Registering plugin instance: TruecallerAuth
2025-11-10 22:48:12.417  5673-5673  Capacitor               com.confessr.app                     D  Registering plugin instance: Contacts
2025-11-10 22:48:12.425  5673-5673  Capacitor               com.confessr.app                     D  Registering plugin instance: Contacts
2025-11-10 22:48:12.431  5673-5673  Capacitor               com.confessr.app                     D  Registering plugin instance: CapacitorSQLite
2025-11-10 22:48:12.934  5673-5673  Capacitor               com.confessr.app                     D  Registering plugin instance: FirebaseMessaging
2025-11-10 22:48:12.959  5673-5673  Capacitor               com.confessr.app                     D  Registering plugin instance: App
2025-11-10 22:48:12.973  5673-5673  Capacitor               com.confessr.app                     D  Registering plugin instance: Haptics
2025-11-10 22:48:12.993  5673-5673  Capacitor               com.confessr.app                     D  Registering plugin instance: Keyboard
2025-11-10 22:48:13.003  5673-5673  Capacitor               com.confessr.app                     D  Registering plugin instance: Network
2025-11-10 22:48:13.011  5673-5673  Capacitor               com.confessr.app                     D  Registering plugin instance: Preferences
2025-11-10 22:48:13.015  5673-5673  Capacitor               com.confessr.app                     D  Registering plugin instance: Share
2025-11-10 22:48:13.177  5673-5673  Capacitor               com.confessr.app                     W  Unable to read file at path public/plugins
2025-11-10 22:48:13.192  5673-5673  Capacitor               com.confessr.app                     D  Loading app at https://localhost
2025-11-10 22:48:13.320  5673-9901  Capacitor               com.confessr.app                     D  Handling local request: https://localhost/
2025-11-10 22:48:13.475  5673-5673  Capacitor               com.confessr.app                     D  App started
2025-11-10 22:48:13.482  5673-5673  Capacitor/AppPlugin     com.confessr.app                     D  Firing change: true
2025-11-10 22:48:13.482  5673-5673  Capacitor/AppPlugin     com.confessr.app                     V  Notifying listeners for event appStateChange
2025-11-10 22:48:13.482  5673-5673  Capacitor/AppPlugin     com.confessr.app                     D  No listeners found for event appStateChange
2025-11-10 22:48:13.585  5673-5673  Capacitor               com.confessr.app                     D  App resumed
2025-11-10 22:48:13.643  5673-10112 Capacitor/NetworkPlugin com.confessr.app                     V  Notifying listeners for event networkStatusChange
2025-11-10 22:48:13.643  5673-10112 Capacitor/NetworkPlugin com.confessr.app                     D  No listeners found for event networkStatusChange
2025-11-10 22:48:13.800  5673-5673  Capacitor/AppPlugin     com.confessr.app                     V  Notifying listeners for event pause
2025-11-10 22:48:13.800  5673-5673  Capacitor/AppPlugin     com.confessr.app                     D  No listeners found for event pause
2025-11-10 22:48:13.802  5673-5673  Capacitor               com.confessr.app                     D  App paused
2025-11-10 22:48:13.902  5673-9900  Capacitor               com.confessr.app                     D  Handling local request: https://localhost/assets/index-BiepQIq0.js
2025-11-10 22:48:13.905  5673-9901  Capacitor               com.confessr.app                     D  Handling local request: https://localhost/assets/index-DxybCAVE.css
2025-11-10 22:48:14.040  5673-5673  Capacitor/AppPlugin     com.confessr.app                     D  Firing change: false
2025-11-10 22:48:14.041  5673-5673  Capacitor/AppPlugin     com.confessr.app                     V  Notifying listeners for event appStateChange
2025-11-10 22:48:14.041  5673-5673  Capacitor/AppPlugin     com.confessr.app                     D  No listeners found for event appStateChange
2025-11-10 22:48:14.041  5673-5673  Capacitor               com.confessr.app                     D  App stopped
2025-11-10 22:48:14.045  5673-5673  Capacitor               com.confessr.app                     D  Saving instance state!
2025-11-10 22:48:15.678  5673-5673  Capacitor/Console       com.confessr.app                     I  File: https://localhost/assets/index-BiepQIq0.js - Line 463 - Msg: [supabase-pipeline] 17:18:15.666 🚀 Pipeline initialized
2025-11-10 22:48:15.679  5673-5673  Capacitor/Console       com.confessr.app                     I  File: https://localhost/assets/index-BiepQIq0.js - Line 463 - Msg: [supabase-pipeline] 17:18:15.676 🧪 Debug tag: PHASE3-reliability-fixes
2025-11-10 22:48:15.680  5673-5673  Capacitor/Console       com.confessr.app                     I  File: https://localhost/assets/index-BiepQIq0.js - Line 463 - Msg: [supabase-pipeline] 17:18:15.677 🔄 initialize() called - force=false isInitialized=false hasClient=false initPromiseActive=false
2025-11-10 22:48:15.681  5673-5673  Capacitor/Console       com.confessr.app                     I  File: https://localhost/assets/index-BiepQIq0.js - Line 463 - Msg: [supabase-pipeline] 17:18:15.677 🔄 Initializing Supabase client...
2025-11-10 22:48:15.682  5673-5673  Capacitor/Console       com.confessr.app                     I  File: https://localhost/assets/index-BiepQIq0.js - Line 463 - Msg: [supabase-pipeline] 17:18:15.677 🔄 Supabase env present? url=true anonKey=true
2025-11-10 22:48:15.700  5673-5673  Capacitor/Console       com.confessr.app                     I  File: https://localhost/assets/index-BiepQIq0.js - Line 463 - Msg: [supabase-pipeline] 17:18:15.699 🔄 Supabase client created ONCE (persistSession=true, autoRefreshToken=true)
2025-11-10 22:48:15.704  5673-5673  Capacitor/Console       com.confessr.app                     I  File: https://localhost/assets/index-BiepQIq0.js - Line 463 - Msg: 💧 Rehydrating auth state...
2025-11-10 22:48:15.706  5673-5673  Capacitor/Console       com.confessr.app                     I  File: https://localhost/assets/index-BiepQIq0.js - Line 463 - Msg: 💧 Auth state rehydrated with user: 852432e2-c453-4f00-9ec7-ecf6bda87676
2025-11-10 22:48:15.707  5673-5673  Capacitor/Console       com.confessr.app                     I  File: https://localhost/assets/index-BiepQIq0.js - Line 486 - Msg: 📦 MessageCache: Initialized with 15min expiry, max 10 chats, 50 messages per chat
2025-11-10 22:48:15.708  5673-5673  Capacitor/Console       com.confessr.app                     I  File: https://localhost/assets/index-BiepQIq0.js - Line 512 - Msg: [webview-lifecycle] 17:18:15 🌐 WebView Lifecycle Manager initialized
2025-11-10 22:48:15.709  5673-5673  Capacitor/Console       com.confessr.app                     I  File: https://localhost/assets/index-BiepQIq0.js - Line 512 - Msg: [general] 17:18:15 ℹ️ Mobile Logger initialized - Session: 1762795095706-3ndcudap7, Platform: android
2025-11-10 22:48:15.739  5673-5673  Capacitor/Console       com.confessr.app                     I  File: https://localhost/assets/index-BiepQIq0.js - Line 516 - Msg: [realtime-v2] Initializing auth state listener for chat store
2025-11-10 22:48:15.741  5673-5673  Capacitor/Console       com.confessr.app                     I  File: https://localhost/assets/index-BiepQIq0.js - Line 512 - Msg: [realtime-v2] Setting up auth state listener for realtime
2025-11-10 22:48:15.746  5673-5673  Capacitor/Console       com.confessr.app                     I  File: https://localhost/assets/index-BiepQIq0.js - Line 463 - Msg: [supabase-pipeline] 17:18:15.741 🔑 getClient() called - hasClient=true isInitialized=false initPromiseActive=true
2025-11-10 22:48:15.747  5673-5673  Capacitor/Console       com.confessr.app                     I  File: https://localhost/assets/index-BiepQIq0.js - Line 463 - Msg: [supabase-pipeline] 17:18:15.741 🔑 getClient() -> calling initialize()
2025-11-10 22:48:15.748  5673-5673  Capacitor/Console       com.confessr.app                     I  File: https://localhost/assets/index-BiepQIq0.js - Line 463 - Msg: [supabase-pipeline] 17:18:15.741 🔄 initialize() called - force=false isInitialized=false hasClient=true initPromiseActive=true
2025-11-10 22:48:15.749  5673-5673  Capacitor/Console       com.confessr.app                     I  File: https://localhost/assets/index-BiepQIq0.js - Line 463 - Msg: [supabase-pipeline] 17:18:15.742 🔄 initialize() waiting for existing initializePromise
2025-11-10 22:48:15.765  5673-5673  Capacitor/Console       com.confessr.app                     I  File: https://localhost/assets/index-BiepQIq0.js - Line 520 - Msg: 💧 Rehydrating contacts state...
2025-11-10 22:48:15.766  5673-5673  Capacitor/Console       com.confessr.app                     I  File: https://localhost/assets/index-BiepQIq0.js - Line 520 - Msg: 💧 Contacts state rehydrated
2025-11-10 22:48:15.785  5673-5673  Capacitor/Console       com.confessr.app                     I  File: https://localhost/assets/index-BiepQIq0.js - Line 521 - Msg: [device-lock] 17:18:15 🔒 Device Lock Detection Manager initialized
2025-11-10 22:48:15.787  5673-5673  Capacitor/Console       com.confessr.app                     I  File: https://localhost/assets/index-BiepQIq0.js - Line 521 - Msg: [whatsapp-connection] 17:18:15 📱 WhatsApp-Style Connection Manager initialized
2025-11-10 22:48:15.995  5673-5673  Capacitor/Console       com.confessr.app                     I  File: https://localhost/assets/index-BiepQIq0.js - Line 939 - Msg: [push] 🚀 CRITICAL: Module load - starting listener registration
2025-11-10 22:48:15.997  5673-5673  Capacitor/Console       com.confessr.app                     I  File: https://localhost/assets/index-BiepQIq0.js - Line 939 - Msg: [push] 🚀 FIRST IMPORT: Starting @capacitor-firebase/messaging import
2025-11-10 22:48:16.009  5673-5673  Capacitor/Console       com.confessr.app                     I  File: https://localhost/assets/index-BiepQIq0.js - Line 939 - Msg: [main] 🚀 IIFE starting - about to initialize push notifications
2025-11-10 22:48:16.013  5673-5673  Capacitor/Console       com.confessr.app                     I  File: https://localhost/assets/index-BiepQIq0.js - Line 939 - Msg: [main] 🔥 Inside async IIFE - before try block
2025-11-10 22:48:16.014  5673-5673  Capacitor/Console       com.confessr.app                     I  File: https://localhost/assets/index-BiepQIq0.js - Line 939 - Msg: [main] 📱 Initializing push notifications...
2025-11-10 22:48:16.019  5673-5673  Capacitor/Console       com.confessr.app                     I  File: https://localhost/assets/index-BiepQIq0.js - Line 939 - Msg: [push] 🚀 initPush() called
2025-11-10 22:48:16.020  5673-5673  Capacitor/Console       com.confessr.app                     I  File: https://localhost/assets/index-BiepQIq0.js - Line 939 - Msg: [push] ✅ Starting push initialization...
2025-11-10 22:48:16.021  5673-5673  Capacitor/Console       com.confessr.app                     I  File: https://localhost/assets/index-BiepQIq0.js - Line 939 - Msg: [push] 📦 Waiting for FirebaseMessaging import (shared with listener registration)...
2025-11-10 22:48:16.025  5673-5673  Capacitor/Console       com.confessr.app                     I  File: https://localhost/assets/index-BiepQIq0.js - Line 463 - Msg: [supabase-pipeline] 17:18:16.023 ✅ Supabase client initialized successfully (PERMANENT INSTANCE)
2025-11-10 22:48:16.035  5673-5673  Capacitor/Plugin        com.confessr.app                     V  To native (Capacitor plugin): callbackId: 92403980, pluginId: App, methodName: addListener
2025-11-10 22:48:16.036  5673-5673  Capacitor               com.confessr.app                     V  callback: 92403980, pluginId: App, methodName: addListener, methodData: {"eventName":"appStateChange"}
2025-11-10 22:48:16.041  5673-5673  Capacitor/Plugin        com.confessr.app                     V  To native (Capacitor plugin): callbackId: 92403981, pluginId: App, methodName: addListener
2025-11-10 22:48:16.041  5673-5673  Capacitor               com.confessr.app                     V  callback: 92403981, pluginId: App, methodName: addListener, methodData: {"eventName":"resume"}
2025-11-10 22:48:16.046  5673-9901  Capacitor               com.confessr.app                     D  Handling local request: https://localhost/assets/index-DRFr6RRR.js
2025-11-10 22:48:16.166  5673-5673  Capacitor/Console       com.confessr.app                     I  File: https://localhost/assets/index-BiepQIq0.js - Line 512 - Msg: [webview-lifecycle] 17:18:16 ✅ WebView context fully restored and ready
2025-11-10 22:48:16.196  5673-5673  Capacitor/Console       com.confessr.app                     I  File: https://localhost/assets/index-BiepQIq0.js - Line 939 - Msg: 🚀 App mounted, setting up auth...
2025-11-10 22:48:16.197  5673-5673  Capacitor/Console       com.confessr.app                     I  File: https://localhost/assets/index-BiepQIq0.js - Line 939 - Msg: 📱 Native platform detected, initializing SQLite...
2025-11-10 22:48:16.198  5673-5673  Capacitor/Console       com.confessr.app                     I  File: https://localhost/assets/index-BiepQIq0.js - Line 107 - Msg: 🗄️ Initializing SQLite database...
2025-11-10 22:48:16.199  5673-5673  Capacitor/Console       com.confessr.app                     I  File: https://localhost/assets/index-BiepQIq0.js - Line 939 - Msg: 🎨 App render state: [object Object]
2025-11-10 22:48:16.203  5673-5673  Capacitor/Plugin        com.confessr.app                     V  To native (Capacitor plugin): callbackId: 92403982, pluginId: App, methodName: addListener
2025-11-10 22:48:16.204  5673-5673  Capacitor               com.confessr.app                     V  callback: 92403982, pluginId: App, methodName: addListener, methodData: {"eventName":"backButton"}
2025-11-10 22:48:16.204  5673-9900  Capacitor               com.confessr.app                     D  Handling local request: https://localhost/favicon.ico
2025-11-10 22:48:16.206  5673-5673  Capacitor/Plugin        com.confessr.app                     V  To native (Capacitor plugin): callbackId: 92403983, pluginId: App, methodName: addListener
2025-11-10 22:48:16.206  5673-5673  Capacitor               com.confessr.app                     V  callback: 92403983, pluginId: App, methodName: addListener, methodData: {"eventName":"appStateChange"}
2025-11-10 22:48:16.209  5673-5673  Capacitor/Plugin        com.confessr.app                     V  To native (Capacitor plugin): callbackId: 92403984, pluginId: Preferences, methodName: get
2025-11-10 22:48:16.209  5673-5673  Capacitor               com.confessr.app                     V  callback: 92403984, pluginId: Preferences, methodName: get, methodData: {"key":"sqlite_encryption_key"}
2025-11-10 22:48:16.214  5673-5673  Capacitor/Console       com.confessr.app                     I  File: https://localhost/assets/index-BiepQIq0.js - Line 463 - Msg: [supabase-pipeline] 17:18:16.210 [38;5;159m[fetch][0m POST https://sxykfyqrqwifkirveqgr.supabase.co/auth/v1/token?grant_type=refresh_token
2025-11-10 22:48:16.269  5673-9901  Capacitor               com.confessr.app                     D  Handling local request: https://localhost/favicon.ico
2025-11-10 22:48:16.281  5673-5673  Capacitor/Console       com.confessr.app                     I  File: https://localhost/assets/index-BiepQIq0.js - Line 939 - Msg: [push] ✅ FirebaseMessaging module imported successfully
2025-11-10 22:48:16.282  5673-5673  Capacitor/Console       com.confessr.app                     I  File: https://localhost/assets/index-BiepQIq0.js - Line 939 - Msg: [push] 🎯 CRITICAL: Registering all listeners NOW
2025-11-10 22:48:16.282  5673-5673  Capacitor/Console       com.confessr.app                     I  File: https://localhost/assets/index-BiepQIq0.js - Line 939 - Msg: [push] ✅ FirebaseMessaging imported successfully
2025-11-10 22:48:16.283  5673-5673  Capacitor/Console       com.confessr.app                     I  File: https://localhost/assets/index-BiepQIq0.js - Line 939 - Msg: [push] ⏳ Waiting for listeners to be registered...
2025-11-10 22:48:16.286  5673-5673  Capacitor/Console       com.confessr.app                     I  File: https://localhost/assets/index-BiepQIq0.js - Line 939 - Msg: [push] ✅ CRITICAL: notificationReceived listener registered and handle stored!
2025-11-10 22:48:16.287  5673-5673  Capacitor/Console       com.confessr.app                     I  File: https://localhost/assets/index-BiepQIq0.js - Line 939 - Msg: [push] ✅ tokenReceived listener registered and handle stored!
2025-11-10 22:48:16.290  5673-5673  Capacitor/Console       com.confessr.app                     I  File: https://localhost/assets/index-BiepQIq0.js - Line 939 - Msg: [push] ✅ notificationActionPerformed listener registered and handle stored!
2025-11-10 22:48:16.291  5673-5673  Capacitor/Console       com.confessr.app                     I  File: https://localhost/assets/index-BiepQIq0.js - Line 939 - Msg: [push] ✅✅✅ ALL LISTENERS REGISTERED SUCCESSFULLY ✅✅✅
2025-11-10 22:48:16.294  5673-5673  Capacitor/Plugin        com.confessr.app                     V  To native (Capacitor plugin): callbackId: 92403985, pluginId: FirebaseMessaging, methodName: addListener
2025-11-10 22:48:16.295  5673-5673  Capacitor               com.confessr.app                     V  callback: 92403985, pluginId: FirebaseMessaging, methodName: addListener, methodData: {"eventName":"notificationReceived"}
2025-11-10 22:48:16.296  5673-5673  Capacitor/Plugin        com.confessr.app                     V  To native (Capacitor plugin): callbackId: 92403986, pluginId: FirebaseMessaging, methodName: addListener
2025-11-10 22:48:16.297  5673-5673  Capacitor               com.confessr.app                     V  callback: 92403986, pluginId: FirebaseMessaging, methodName: addListener, methodData: {"eventName":"tokenReceived"}
2025-11-10 22:48:16.299  5673-5673  Capacitor/Plugin        com.confessr.app                     V  To native (Capacitor plugin): callbackId: 92403987, pluginId: FirebaseMessaging, methodName: addListener
2025-11-10 22:48:16.299  5673-5673  Capacitor               com.confessr.app                     V  callback: 92403987, pluginId: FirebaseMessaging, methodName: addListener, methodData: {"eventName":"notificationActionPerformed"}
2025-11-10 22:48:16.301  5673-5673  Capacitor/Plugin        com.confessr.app                     V  To native (Capacitor plugin): callbackId: 92403988, pluginId: CapacitorSQLite, methodName: setEncryptionSecret
2025-11-10 22:48:16.301  5673-5673  Capacitor               com.confessr.app                     V  callback: 92403988, pluginId: CapacitorSQLite, methodName: setEncryptionSecret, methodData: {"passphrase":"19e1eb8e4a0f45a9976c682da7a04220"}
2025-11-10 22:48:16.308  5673-10003 com.getcap...RetHandler com.confessr.app                     V  *** ERROR SetEncryptionSecret: a passphrase has already been set 
2025-11-10 22:48:16.309  5673-10003 Capacitor               com.confessr.app                     D  Sending plugin error: {"save":false,"callbackId":"92403988","pluginId":"CapacitorSQLite","methodName":"setEncryptionSecret","success":false,"error":{"message":"SetEncryptionSecret: a passphrase has already been set "}}
2025-11-10 22:48:16.317  5673-5673  Capacitor/Console       com.confessr.app                     I  File: https://localhost/assets/index-BiepQIq0.js - Line 107 - Msg: 🔑 SQLite encryption key was already set
2025-11-10 22:48:16.321  5673-5673  Capacitor/Plugin        com.confessr.app                     V  To native (Capacitor plugin): callbackId: 92403989, pluginId: CapacitorSQLite, methodName: isDatabase
2025-11-10 22:48:16.321  5673-5673  Capacitor               com.confessr.app                     V  callback: 92403989, pluginId: CapacitorSQLite, methodName: isDatabase, methodData: {"database":"confessr_db"}
2025-11-10 22:48:16.333  5673-5673  Capacitor/Console       com.confessr.app                     I  File: https://localhost/assets/index-BiepQIq0.js - Line 107 - Msg: Database exists check: true
2025-11-10 22:48:16.334  5673-5673  Capacitor/Console       com.confessr.app                     I  File: https://localhost/assets/index-BiepQIq0.js - Line 107 - Msg: 🔓 Opening encrypted database with secret mode...
2025-11-10 22:48:16.338  5673-5673  Capacitor/Plugin        com.confessr.app                     V  To native (Capacitor plugin): callbackId: 92403990, pluginId: CapacitorSQLite, methodName: createConnection
2025-11-10 22:48:16.338  5673-5673  Capacitor               com.confessr.app                     V  callback: 92403990, pluginId: CapacitorSQLite, methodName: createConnection, methodData: {"database":"confessr_db","encrypted":true,"mode":"secret","version":1,"readonly":false}
2025-11-10 22:48:16.392  5673-10003 com.getcap...e.Database com.confessr.app                     V  &&& file path /data/user/0/com.confessr.app/databases/confessr_dbSQLite.db
2025-11-10 22:48:16.410  5673-5673  Capacitor/Console       com.confessr.app                     I  File:  - Line 334 - Msg: undefined
2025-11-10 22:48:16.413  5673-5673  Capacitor/Plugin        com.confessr.app                     V  To native (Capacitor plugin): callbackId: 92403991, pluginId: CapacitorSQLite, methodName: open
2025-11-10 22:48:16.413  5673-5673  Capacitor               com.confessr.app                     V  callback: 92403991, pluginId: CapacitorSQLite, methodName: open, methodData: {"database":"confessr_db","readonly":false}
2025-11-10 22:48:16.842  5673-5673  Capacitor/Console       com.confessr.app                     I  File: https://localhost/assets/index-BiepQIq0.js - Line 939 - Msg: [push] ✅ Listeners confirmed registered, proceeding with initialization
2025-11-10 22:48:16.845  5673-5673  Capacitor/Plugin        com.confessr.app                     V  To native (Capacitor plugin): callbackId: 92403992, pluginId: FirebaseMessaging, methodName: checkPermissions
2025-11-10 22:48:16.845  5673-5673  Capacitor               com.confessr.app                     V  callback: 92403992, pluginId: FirebaseMessaging, methodName: checkPermissions, methodData: {}
2025-11-10 22:48:17.170 10310-10310 SQLiteLog               pid-10310                            E  (14) os_unix.c:39583: (2) open(/data/user/0/com.facebook.appmanager/databases/androidx.work.workdb) - 
2025-11-10 22:48:17.174 10310-10310 SQLiteDatabase          pid-10310                            E  Failed to open database '/data/user/0/com.facebook.appmanager/databases/androidx.work.workdb'.
                                                                                                    android.database.sqlite.SQLiteCantOpenDatabaseException: Cannot open database '/data/user/0/com.facebook.appmanager/databases/androidx.work.workdb' with flags 0x0: File /data/user/0/com.facebook.appmanager/databases/androidx.work.workdb doesn't exist
                                                                                                    	at android.database.sqlite.SQLiteConnection.open(SQLiteConnection.java:268)
                                                                                                    	at android.database.sqlite.SQLiteConnection.open(SQLiteConnection.java:211)
                                                                                                    	at android.database.sqlite.SQLiteConnectionPool.openConnectionLocked(SQLiteConnectionPool.java:512)
                                                                                                    	at android.database.sqlite.SQLiteConnectionPool.open(SQLiteConnectionPool.java:210)
                                                                                                    	at android.database.sqlite.SQLiteConnectionPool.open(SQLiteConnectionPool.java:202)
                                                                                                    	at android.database.sqlite.SQLiteDatabase.openInner(SQLiteDatabase.java:1085)
                                                                                                    	at android.database.sqlite.SQLiteDatabase.open(SQLiteDatabase.java:1065)
                                                                                                    	at android.database.sqlite.SQLiteDatabase.openDatabase(SQLiteDatabase.java:956)
                                                                                                    	at android.database.sqlite.SQLiteDatabase.openDatabase(SQLiteDatabase.java:903)
                                                                                                    	at com.facebook.oxygen.common.androidx.workmanager.initializer.b.a(WorkManagerDatabase.java:22)
                                                                                                    	at com.facebook.oxygen.appmanager.app.c.a(AppManagerApplicationImpl.java:21)
                                                                                                    	at com.facebook.oxygen.common.component.b.d.onCreate(OxpDelegatingApplication.java:84)
                                                                                                    	at android.app.Instrumentation.callApplicationOnCreate(Instrumentation.java:1285)
                                                                                                    	at android.app.ActivityThread.handleBindApplication(ActivityThread.java:7257)
                                                                                                    	at android.app.ActivityThread.-$$Nest$mhandleBindApplication(Unknown Source:0)
                                                                                                    	at android.app.ActivityThread$H.handleMessage(ActivityThread.java:2292)
                                                                                                    	at android.os.Handler.dispatchMessage(Handler.java:106)
                                                                                                    	at android.os.Looper.loopOnce(Looper.java:240)
                                                                                                    	at android.os.Looper.loop(Looper.java:351)
                                                                                                    	at android.app.ActivityThread.main(ActivityThread.java:8423)
                                                                                                    	at java.lang.reflect.Method.invoke(Native Method)
                                                                                                    	at com.android.internal.os.RuntimeInit$MethodAndArgsCaller.run(RuntimeInit.java:584)
                                                                                                    	at com.android.internal.os.ZygoteInit.main(ZygoteInit.java:1013)
                                                                                                    Caused by: android.database.sqlite.SQLiteCantOpenDatabaseException: unknown error (code 14 SQLITE_CANTOPEN): Could not open database
                                                                                                    	at android.database.sqlite.SQLiteConnection.nativeOpen(Native Method)
                                                                                                    	at android.database.sqlite.SQLiteConnection.open(SQLiteConnection.java:230)
                                                                                                    	at android.database.sqlite.SQLiteConnection.open(SQLiteConnection.java:211) 
                                                                                                    	at android.database.sqlite.SQLiteConnectionPool.openConnectionLocked(SQLiteConnectionPool.java:512) 
                                                                                                    	at android.database.sqlite.SQLiteConnectionPool.open(SQLiteConnectionPool.java:210) 
                                                                                                    	at android.database.sqlite.SQLiteConnectionPool.open(SQLiteConnectionPool.java:202) 
                                                                                                    	at android.database.sqlite.SQLiteDatabase.openInner(SQLiteDatabase.java:1085) 
                                                                                                    	at android.database.sqlite.SQLiteDatabase.open(SQLiteDatabase.java:1065) 
                                                                                                    	at android.database.sqlite.SQLiteDatabase.openDatabase(SQLiteDatabase.java:956) 
                                                                                                    	at android.database.sqlite.SQLiteDatabase.openDatabase(SQLiteDatabase.java:903) 
                                                                                                    	at com.facebook.oxygen.common.androidx.workmanager.initializer.b.a(WorkManagerDatabase.java:22) 
                                                                                                    	at com.facebook.oxygen.appmanager.app.c.a(AppManagerApplicationImpl.java:21) 
                                                                                                    	at com.facebook.oxygen.common.component.b.d.onCreate(OxpDelegatingApplication.java:84) 
                                                                                                    	at android.app.Instrumentation.callApplicationOnCreate(Instrumentation.java:1285) 
                                                                                                    	at android.app.ActivityThread.handleBindApplication(ActivityThread.java:7257) 
                                                                                                    	at android.app.ActivityThread.-$$Nest$mhandleBindApplication(Unknown Source:0) 
                                                                                                    	at android.app.ActivityThread$H.handleMessage(ActivityThread.java:2292) 
                                                                                                    	at android.os.Handler.dispatchMessage(Handler.java:106) 
                                                                                                    	at android.os.Looper.loopOnce(Looper.java:240) 
                                                                                                    	at android.os.Looper.loop(Looper.java:351) 
                                                                                                    	at android.app.ActivityThread.main(ActivityThread.java:8423) 
                                                                                                    	at java.lang.reflect.Method.invoke(Native Method) 
                                                                                                    	at com.android.internal.os.RuntimeInit$MethodAndArgsCaller.run(RuntimeInit.java:584) 
                                                                                                    	at com.android.internal.os.ZygoteInit.main(ZygoteInit.java:1013) 
2025-11-10 22:48:17.753  5673-5673  Capacitor/Console       com.confessr.app                     I  File: https://localhost/assets/index-BiepQIq0.js - Line 463 - Msg: [supabase-pipeline] 17:18:17.750 🔑 Token cached: user=852432e2 hasAccess=true hasRefresh=true
2025-11-10 22:48:17.755  5673-5673  Capacitor/Console       com.confessr.app                     I  File: https://localhost/assets/index-BiepQIq0.js - Line 512 - Msg: [realtime-v2] Auth event: TOKEN_REFRESHED
2025-11-10 22:48:17.757  5673-5673  Capacitor/Console       com.confessr.app                     I  File: https://localhost/assets/index-BiepQIq0.js - Line 512 - Msg: [realtime-v2] Token applied; channel healthy, no reconnect
2025-11-10 22:48:17.765  5673-5673  Capacitor/Console       com.confessr.app                     I  File: https://localhost/assets/index-BiepQIq0.js - Line 463 - Msg: [supabase-pipeline] 17:18:17.763 🔑 Token cached: user=852432e2 hasAccess=true hasRefresh=true
2025-11-10 22:48:17.774  5673-5673  Capacitor/Console       com.confessr.app                     I  File: https://localhost/assets/index-BiepQIq0.js - Line 512 - Msg: [realtime-v2] Auth event: INITIAL_SESSION
2025-11-10 22:48:17.775  5673-5673  Capacitor/Console       com.confessr.app                     I  File: https://localhost/assets/index-BiepQIq0.js - Line 512 - Msg: [realtime-v2] Token applied; channel healthy, no reconnect
2025-11-10 22:48:17.963  5673-5673  Capacitor/Console       com.confessr.app                     I  File:  - Line 334 - Msg: undefined
2025-11-10 22:48:17.964  5673-5673  Capacitor/Console       com.confessr.app                     I  File: https://localhost/assets/index-BiepQIq0.js - Line 107 - Msg: ✅ Encrypted database opened successfully
2025-11-10 22:48:17.969  5673-5673  Capacitor/Plugin        com.confessr.app                     V  To native (Capacitor plugin): callbackId: 92403993, pluginId: CapacitorSQLite, methodName: execute
2025-11-10 22:48:17.970  5673-5673  Capacitor               com.confessr.app                     V  callback: 92403993, pluginId: CapacitorSQLite, methodName: execute, methodData: {"database":"confessr_db","statements":"PRAGMA cipher_memory_security = ON;","transaction":true,"readonly":false,"isSQL92":true}
2025-11-10 22:48:17.971  5673-5673  Capacitor/Console       com.confessr.app                     I  File: https://localhost/assets/index-BiepQIq0.js - Line 939 - Msg: [push] permission before(FirebaseMessaging): granted
2025-11-10 22:48:17.975  5673-5673  Capacitor/Plugin        com.confessr.app                     V  To native (Capacitor plugin): callbackId: 92403994, pluginId: FirebaseMessaging, methodName: getToken
2025-11-10 22:48:17.976  5673-5673  Capacitor               com.confessr.app                     V  callback: 92403994, pluginId: FirebaseMessaging, methodName: getToken, methodData: {}
2025-11-10 22:48:17.986  5673-5673  Capacitor/Console       com.confessr.app                     I  File: https://localhost/assets/index-BiepQIq0.js - Line 107 - Msg: ✅ Security pragma set
2025-11-10 22:48:17.986  5673-5673  Capacitor/Console       com.confessr.app                     I  File: https://localhost/assets/index-BiepQIq0.js - Line 107 - Msg: 📊 Creating tables in encrypted database...
2025-11-10 22:48:18.071  5673-5673  Capacitor/Plugin        com.confessr.app                     V  To native (Capacitor plugin): callbackId: 92403995, pluginId: CapacitorSQLite, methodName: execute
2025-11-10 22:48:18.134  5673-5673  Capacitor               com.confessr.app                     V  callback: 92403995, pluginId: CapacitorSQLite, methodName: execute, methodData: {"database":"confessr_db","statements":"\n      CREATE TABLE IF NOT EXISTS messages (\n        id TEXT PRIMARY KEY,\n        group_id TEXT NOT NULL,\n        user_id TEXT NOT NULL,\n        content TEXT NOT NULL,\n        is_ghost INTEGER DEFAULT 0,\n        message_type TEXT DEFAULT 'text',\n        category TEXT,\n        parent_id TEXT,\n        image_url TEXT,\n        created_at INTEGER NOT NULL,\n        local_id INTEGER UNIQUE,\n        updated_at INTEGER,\n        deleted_at INTEGER\n      );\n\n      CREATE TABLE IF NOT EXISTS groups (\n        id TEXT PRIMARY KEY,\n        name TEXT NOT NULL,\n        description TEXT,\n        invite_code TEXT,\n        created_by TEXT NOT NULL,\n        created_at INTEGER NOT NULL,\n        last_sync_timestamp INTEGER DEFAULT 0,\n        avatar_url TEXT,\n        is_archived INTEGER DEFAULT 0\n      );\n\n      CREATE TABLE IF NOT EXISTS users (\n        id TEXT PRIMARY KEY,\n        display_name TEXT NOT NULL,\n        phone_number TEXT,\n        avatar_url TEXT,\n        is_onboarded INTEGER DEFAULT 0,\n        created_at INTEGER NOT NULL\n      );\n\n      CREATE TABLE IF NOT EXISTS outbox (\n        id INTEGER PRIMARY KEY AUTOINCREMENT,\n        group_id TEXT NOT NULL,\n        user_id TEXT NOT NULL,\n        content TEXT NOT NULL,\n        retry_count INTEGER DEFAULT 0,\n        next_retry_at INTEGER NOT NULL,\n        message_type TEXT DEFAULT 'text',\n        category TEXT,\n        parent_id TEXT,\n        image_url TEXT,\n        is_ghost INTEGER DEFAULT 0\n      );\n\n      CREATE TABLE IF NOT EXISTS sync_state (\n        key TEXT PRIMARY KEY,\n        value TEXT NOT NULL\n      );\n\n      \/* Polls table *\/\n      CREATE TABLE IF NOT EXISTS polls (\n        id TEXT PRIMARY KEY,\n        message_id TEXT NOT NULL,\n        question TEXT NOT NULL,\n        options TEXT NOT NULL, -- JSON string\n        created_at INTEGER NOT NULL,\n        closes_at INTEGER NOT NULL,\n        created_by TEXT NOT NULL,\n        FOREIGN KEY (message_id) REFERENCES messages(id)\n      );\n\n      \/* Poll votes table *\/\n      CREATE TABLE IF NOT EXISTS poll_votes (\n        poll_id TEXT NOT NULL,\n        user_id TEXT NOT NULL,\n        option_index INTEGER NOT NULL,\n        created_at INTEGER NOT NULL,\n        PRIMARY KEY (poll_id, user_id),\n        FOREIGN KEY (poll_id) REFERENCES polls(id)\n      );\n\n      \/* Reactions table *\/\n      CREATE TABLE IF NOT EXISTS reactions (\n        id TEXT PRIMARY KEY,\n        message_id TEXT NOT NULL,\n        user_id TEXT NOT NULL,\n        emoji TEXT NOT NULL,\n        created_at INTEGER NOT NULL,\n        FOREIGN KEY (message_id) REFERENCES messages(id)\n      );\n\n      \/* Group members table *\/\n      CREATE TABLE IF NOT EXISTS group_members (\n        group_id TEXT NOT NULL,\n        user_id TEXT NOT NULL,\n        role TEXT DEFAULT 'participant',\n        joined_at INTEGER NOT NULL,\n        last_read_at INTEGER DEFAULT 0,\n        last_read_message_id TEXT,\n        PRIMARY KEY (group_id, user_id),\n        FOREIGN KEY (group_id) REFERENCES groups(id),\n        FOREIGN KEY (user_id) REFERENCES users(id)\n      );\n\n      \/* User pseudonyms for ghost messages *\/\n      CREATE TABLE IF NOT EXISTS user_pseudonyms (\n        group_id TEXT NOT NULL,\n        user_id TEXT NOT NULL,\n        pseudonym TEXT NOT NULL,\n        created_at INTEGER NOT NULL,\n        PRIMARY KEY (group_id, user_id)\n      );\n\n      \/* Group join requests table *\/\n      CREATE TABLE IF NOT EXISTS group_join_requests (\n        id TEXT PRIMARY KEY,\n        group_id TEXT NOT NULL,\n        user_id TEXT NOT NULL,\n        invited_by TEXT,\n        status TEXT NOT NULL DEFAULT 'pending',\n        created_at INTEGER NOT NULL,\n        updated_at INTEGER NOT NULL,\n        FOREIGN KEY (group_id) REFERENCES groups(id),\n        FOREIGN KEY (user_id) REFERENCES users(id),\n        UNIQUE(group_id, user_id)\n      );\n\n      \/* Confessio
2025-11-10 22:48:18.150  5673-5673  Capacitor/Console       com.confessr.app                     I  File: https://localhost/assets/index-BiepQIq0.js - Line 939 - Msg: [push] token received(firebase): fjMTiQ…
2025-11-10 22:48:18.151  5673-5673  Capacitor/Console       com.confessr.app                     I  File: https://localhost/assets/index-BiepQIq0.js - Line 463 - Msg: [supabase-pipeline] 17:18:18.018 🗄️ Executing upsert device token...
2025-11-10 22:48:18.152  5673-5673  Capacitor/Console       com.confessr.app                     I  File: https://localhost/assets/index-BiepQIq0.js - Line 463 - Msg: [supabase-pipeline] 17:18:18.019 🔑 getClient() called - hasClient=true isInitialized=true initPromiseActive=false
2025-11-10 22:48:18.154  5673-5673  Capacitor/Console       com.confessr.app                     I  File: https://localhost/assets/index-BiepQIq0.js - Line 939 - Msg: [push] ✅ Push initialization complete
2025-11-10 22:48:18.154  5673-5673  Capacitor/Console       com.confessr.app                     I  File: https://localhost/assets/index-BiepQIq0.js - Line 463 - Msg: [supabase-pipeline] 17:18:18.020 🔑 getClient() called - hasClient=true isInitialized=true initPromiseActive=false
2025-11-10 22:48:18.174  5673-5673  Capacitor/Console       com.confessr.app                     I  File: https://localhost/assets/index-BiepQIq0.js - Line 939 - Msg: [push] ✅ Push initialization completed successfully
2025-11-10 22:48:18.175  5673-5673  Capacitor/Console       com.confessr.app                     I  File: https://localhost/assets/index-BiepQIq0.js - Line 939 - Msg: [main] ✅ Push notifications initialized
2025-11-10 22:48:18.189  5673-5673  Capacitor/Console       com.confessr.app                     I  File: https://localhost/assets/index-BiepQIq0.js - Line 512 - Msg: [general] 17:18:18 ℹ️ Initializing WhatsApp-style connection system
2025-11-10 22:48:18.195  5673-5673  Capacitor/Plugin        com.confessr.app                     V  To native (Capacitor plugin): callbackId: 92403996, pluginId: App, methodName: addListener
2025-11-10 22:48:18.195  5673-5673  Capacitor               com.confessr.app                     V  callback: 92403996, pluginId: App, methodName: addListener, methodData: {"eventName":"resume"}
2025-11-10 22:48:18.199  5673-5673  Capacitor/Plugin        com.confessr.app                     V  To native (Capacitor plugin): callbackId: 92403997, pluginId: App, methodName: addListener
2025-11-10 22:48:18.199  5673-5673  Capacitor               com.confessr.app                     V  callback: 92403997, pluginId: App, methodName: addListener, methodData: {"eventName":"appUrlOpen"}
2025-11-10 22:48:18.201  5673-5673  Capacitor/Console       com.confessr.app                     I  File: https://localhost/assets/index-BiepQIq0.js - Line 463 - Msg: [supabase-pipeline] 17:18:18.195 [38;5;159m[fetch][0m POST https://sxykfyqrqwifkirveqgr.supabase.co/rest/v1/user_devices?on_conflict=token
2025-11-10 22:48:18.208  5673-5673  Capacitor/Plugin        com.confessr.app                     V  To native (Capacitor plugin): callbackId: 92403998, pluginId: Network, methodName: addListener
2025-11-10 22:48:18.209  5673-5673  Capacitor               com.confessr.app                     V  callback: 92403998, pluginId: Network, methodName: addListener, methodData: {"eventName":"networkStatusChange"}
2025-11-10 22:48:18.213  5673-5673  Capacitor/Plugin        com.confessr.app                     V  To native (Capacitor plugin): callbackId: 92403999, pluginId: Network, methodName: getStatus
2025-11-10 22:48:18.213  5673-5673  Capacitor               com.confessr.app                     V  callback: 92403999, pluginId: Network, methodName: getStatus, methodData: {}
2025-11-10 22:48:18.403  5673-5673  Capacitor/Plugin        com.confessr.app                     V  To native (Capacitor plugin): callbackId: 92404000, pluginId: CapacitorSQLite, methodName: query
2025-11-10 22:48:18.406  5673-5673  Capacitor               com.confessr.app                     V  callback: 92404000, pluginId: CapacitorSQLite, methodName: query, methodData: {"database":"confessr_db","statement":"PRAGMA table_info(messages);","values":[],"readonly":false,"isSQL92":true}
2025-11-10 22:48:18.419  5673-5673  Capacitor/Console       com.confessr.app                     I  File: https://localhost/assets/index-BiepQIq0.js - Line 512 - Msg: [network] 17:18:18 ℹ️ Initial network status: online {"connectionType":"wifi"}
2025-11-10 22:48:18.420  5673-5673  Capacitor/Console       com.confessr.app                     I  File: https://localhost/assets/index-BiepQIq0.js - Line 521 - Msg: [whatsapp-connection] 17:18:18 📊 Status: connecting -  
2025-11-10 22:48:18.421  5673-5673  Capacitor/Console       com.confessr.app                     I  File: https://localhost/assets/index-BiepQIq0.js - Line 512 - Msg: [connection] 17:18:18 ℹ️ Connection status: connecting -  {"isUserVisible":false}
2025-11-10 22:48:18.434  5673-5673  Capacitor/Plugin        com.confessr.app                     V  To native (Capacitor plugin): callbackId: 92404001, pluginId: App, methodName: addListener
2025-11-10 22:48:18.435  5673-5673  Capacitor               com.confessr.app                     V  callback: 92404001, pluginId: App, methodName: addListener, methodData: {"eventName":"appStateChange"}
2025-11-10 22:48:18.439  5673-5673  Capacitor/Plugin        com.confessr.app                     V  To native (Capacitor plugin): callbackId: 92404002, pluginId: App, methodName: addListener
2025-11-10 22:48:18.440  5673-5673  Capacitor               com.confessr.app                     V  callback: 92404002, pluginId: App, methodName: addListener, methodData: {"eventName":"resume"}
2025-11-10 22:48:18.444  5673-5673  Capacitor/Plugin        com.confessr.app                     V  To native (Capacitor plugin): callbackId: 92404003, pluginId: Network, methodName: addListener
2025-11-10 22:48:18.444  5673-5673  Capacitor               com.confessr.app                     V  callback: 92404003, pluginId: Network, methodName: addListener, methodData: {"eventName":"networkStatusChange"}
2025-11-10 22:48:18.481  5673-5673  Capacitor/Plugin        com.confessr.app                     V  To native (Capacitor plugin): callbackId: 92404004, pluginId: CapacitorSQLite, methodName: query
2025-11-10 22:48:18.485  5673-5673  Capacitor               com.confessr.app                     V  callback: 92404004, pluginId: CapacitorSQLite, methodName: query, methodData: {"database":"confessr_db","statement":"PRAGMA table_info(groups);","values":[],"readonly":false,"isSQL92":true}
2025-11-10 22:48:18.529  5673-5673  Capacitor/Plugin        com.confessr.app                     V  To native (Capacitor plugin): callbackId: 92404005, pluginId: CapacitorSQLite, methodName: query
2025-11-10 22:48:18.530  5673-5673  Capacitor               com.confessr.app                     V  callback: 92404005, pluginId: CapacitorSQLite, methodName: query, methodData: {"database":"confessr_db","statement":"PRAGMA table_info(users);","values":[],"readonly":false,"isSQL92":true}
2025-11-10 22:48:18.562  5673-5673  Capacitor/Plugin        com.confessr.app                     V  To native (Capacitor plugin): callbackId: 92404006, pluginId: CapacitorSQLite, methodName: query
2025-11-10 22:48:18.564  5673-5673  Capacitor               com.confessr.app                     V  callback: 92404006, pluginId: CapacitorSQLite, methodName: query, methodData: {"database":"confessr_db","statement":"PRAGMA table_info(group_members);","values":[],"readonly":false,"isSQL92":true}
2025-11-10 22:48:18.597  5673-5673  Capacitor/Console       com.confessr.app                     I  File: https://localhost/assets/index-BiepQIq0.js - Line 311 - Msg: ✅ Database migration completed
2025-11-10 22:48:18.608  5673-5673  Capacitor/Console       com.confessr.app                     I  File: https://localhost/assets/index-BiepQIq0.js - Line 107 - Msg: ✅ Tables created in encrypted database
2025-11-10 22:48:18.609  5673-5673  Capacitor/Console       com.confessr.app                     I  File: https://localhost/assets/index-BiepQIq0.js - Line 107 - Msg: ✅ Encrypted SQLite ready
2025-11-10 22:48:18.612  5673-5673  Capacitor/Console       com.confessr.app                     I  File: https://localhost/assets/index-BiepQIq0.js - Line 939 - Msg: ✅ SQLite initialized successfully
2025-11-10 22:48:18.613  5673-5673  Capacitor/Console       com.confessr.app                     I  File: https://localhost/assets/index-BiepQIq0.js - Line 939 - Msg: 🌐 Network status monitoring handled centrally in main.tsx
2025-11-10 22:48:18.623  5673-5673  Capacitor/Console       com.confessr.app                     I  File: https://localhost/assets/index-BiepQIq0.js - Line 939 - Msg: 📇 About to initialize contacts store...
2025-11-10 22:48:18.630  5673-5673  Capacitor/Console       com.confessr.app                     I  File: https://localhost/assets/index-BiepQIq0.js - Line 939 - Msg: 📇 Calling initializeContacts()...
2025-11-10 22:48:18.631  5673-5673  Capacitor/Console       com.confessr.app                     I  File: https://localhost/assets/index-BiepQIq0.js - Line 520 - Msg: 📇 [INIT] Starting contacts store initialization...
2025-11-10 22:48:18.636  5673-5673  Capacitor/Console       com.confessr.app                     I  File: https://localhost/assets/index-BiepQIq0.js - Line 520 - Msg: 📇 [INIT] Contacts available: true
2025-11-10 22:48:18.664  5673-5673  Capacitor/Console       com.confessr.app                     I  File: https://localhost/assets/index-BiepQIq0.js - Line 520 - Msg: 📇 Checking contacts permission...
2025-11-10 22:48:18.695  5673-5673  Capacitor/Plugin        com.confessr.app                     V  To native (Capacitor plugin): callbackId: 92404007, pluginId: Contacts, methodName: checkPermissions
2025-11-10 22:48:18.696  5673-5673  Capacitor               com.confessr.app                     V  callback: 92404007, pluginId: Contacts, methodName: checkPermissions, methodData: {}
2025-11-10 22:48:18.714  5673-5673  Capacitor/Console       com.confessr.app                     I  File: https://localhost/assets/index-BiepQIq0.js - Line 520 - Msg: 📇 Contacts permission status: granted
