--------- beginning of system
---------------------------- PROCESS STARTED (22866) for package com.confessr.app ----------------------------
--------- beginning of main
---------------------------- PROCESS ENDED (22866) for package com.confessr.app ----------------------------
---------------------------- PROCESS STARTED (32461) for package com.confessr.app ----------------------------
2025-10-02 01:16:39.313 32461-32461 Capacitor               com.confessr.app                     D  Starting BridgeActivity
2025-10-02 01:16:39.425 32461-32461 Capacitor               com.confessr.app                     D  Registering plugin instance: CapacitorCookies
2025-10-02 01:16:39.437 32461-32461 Capacitor               com.confessr.app                     D  Registering plugin instance: WebView
2025-10-02 01:16:39.444 32461-32461 Capacitor               com.confessr.app                     D  Registering plugin instance: CapacitorHttp
2025-10-02 01:16:39.451 32461-32461 Capacitor               com.confessr.app                     D  Registering plugin instance: CapacitorSQLite
2025-10-02 01:16:39.840 32461-32461 Capacitor               com.confessr.app                     D  Registering plugin instance: FirebaseMessaging
2025-10-02 01:16:39.844 32461-32461 Capacitor               com.confessr.app                     D  Registering plugin instance: App
2025-10-02 01:16:39.847 32461-32461 Capacitor               com.confessr.app                     D  Registering plugin instance: Haptics
2025-10-02 01:16:39.855 32461-32461 Capacitor               com.confessr.app                     D  Registering plugin instance: Keyboard
2025-10-02 01:16:39.858 32461-32461 Capacitor               com.confessr.app                     D  Registering plugin instance: Network
2025-10-02 01:16:39.861 32461-32461 Capacitor               com.confessr.app                     D  Registering plugin instance: Preferences
2025-10-02 01:16:39.866 32461-32461 Capacitor               com.confessr.app                     D  Registering plugin instance: PushNotifications
2025-10-02 01:16:40.010 32461-32461 Capacitor               com.confessr.app                     W  Unable to read file at path public/plugins
2025-10-02 01:16:40.028 32461-32461 Capacitor               com.confessr.app                     D  Loading app at https://localhost
2025-10-02 01:16:40.123 32461-1983  Capacitor               com.confessr.app                     D  Handling local request: https://localhost/
2025-10-02 01:16:40.160 32461-32461 Capacitor               com.confessr.app                     D  App started
2025-10-02 01:16:40.165 32461-32461 Capacitor/AppPlugin     com.confessr.app                     D  Firing change: true
2025-10-02 01:16:40.165 32461-32461 Capacitor/AppPlugin     com.confessr.app                     V  Notifying listeners for event appStateChange
2025-10-02 01:16:40.165 32461-32461 Capacitor/AppPlugin     com.confessr.app                     D  No listeners found for event appStateChange
2025-10-02 01:16:40.174 32461-32461 Capacitor               com.confessr.app                     D  App resumed
2025-10-02 01:16:40.188 32461-2396  Capacitor/NetworkPlugin com.confessr.app                     V  Notifying listeners for event networkStatusChange
2025-10-02 01:16:40.188 32461-2396  Capacitor/NetworkPlugin com.confessr.app                     D  No listeners found for event networkStatusChange
2025-10-02 01:16:40.348 32461-32461 Capacitor/AppPlugin     com.confessr.app                     V  Notifying listeners for event pause
2025-10-02 01:16:40.348 32461-32461 Capacitor/AppPlugin     com.confessr.app                     D  No listeners found for event pause
2025-10-02 01:16:40.350 32461-32461 Capacitor               com.confessr.app                     D  App paused
2025-10-02 01:16:40.393 32461-1998  Capacitor               com.confessr.app                     D  Handling local request: https://localhost/assets/index-DCAHsDh_.css
2025-10-02 01:16:40.396 32461-1984  Capacitor               com.confessr.app                     D  Handling local request: https://localhost/assets/index-CKkl5px8.js
2025-10-02 01:16:40.408 32461-32461 Capacitor/AppPlugin     com.confessr.app                     D  Firing change: false
2025-10-02 01:16:40.408 32461-32461 Capacitor/AppPlugin     com.confessr.app                     V  Notifying listeners for event appStateChange
2025-10-02 01:16:40.408 32461-32461 Capacitor/AppPlugin     com.confessr.app                     D  No listeners found for event appStateChange
2025-10-02 01:16:40.408 32461-32461 Capacitor               com.confessr.app                     D  App stopped
2025-10-02 01:16:40.411 32461-32461 Capacitor               com.confessr.app                     D  Saving instance state!
2025-10-02 01:16:41.737 32461-32461 Capacitor/Console       com.confessr.app                     I  File: https://localhost/assets/index-CKkl5px8.js - Line 359 - Msg: [supabase-pipeline] 19:46:41.711 🚀 Pipeline initialized
2025-10-02 01:16:41.742 32461-32461 Capacitor/Console       com.confessr.app                     I  File: https://localhost/assets/index-CKkl5px8.js - Line 359 - Msg: [supabase-pipeline] 19:46:41.736 🧪 Debug tag: v2025-09-24.stage-markers.v2
2025-10-02 01:16:41.743 32461-32461 Capacitor/Console       com.confessr.app                     I  File: https://localhost/assets/index-CKkl5px8.js - Line 359 - Msg: [supabase-pipeline] 19:46:41.738 🧪 Marker pack installed: entered-send, pre-network, POST markers, 5s timeout→outbox, watchdog job creation
2025-10-02 01:16:41.744 32461-32461 Capacitor/Console       com.confessr.app                     I  File: https://localhost/assets/index-CKkl5px8.js - Line 359 - Msg: [supabase-pipeline] 19:46:41.739 🔄 initialize() called - force=false isInitialized=false hasClient=false initPromiseActive=false
2025-10-02 01:16:41.744 32461-32461 Capacitor/Console       com.confessr.app                     I  File: https://localhost/assets/index-CKkl5px8.js - Line 359 - Msg: [supabase-pipeline] 19:46:41.739 🔄 Initializing Supabase client...
2025-10-02 01:16:41.745 32461-32461 Capacitor/Console       com.confessr.app                     I  File: https://localhost/assets/index-CKkl5px8.js - Line 359 - Msg: [supabase-pipeline] 19:46:41.739 🔄 Supabase env present? url=true anonKey=true
2025-10-02 01:16:41.794 32461-32461 Capacitor/Console       com.confessr.app                     I  File: https://localhost/assets/index-CKkl5px8.js - Line 359 - Msg: [supabase-pipeline] 19:46:41.792 🔄 Supabase client created ONCE (persistSession=true, autoRefreshToken=true)
2025-10-02 01:16:41.798 32461-32461 Capacitor/Console       com.confessr.app                     I  File: https://localhost/assets/index-CKkl5px8.js - Line 359 - Msg: 💧 Rehydrating auth state...
2025-10-02 01:16:41.798 32461-32461 Capacitor/Console       com.confessr.app                     I  File: https://localhost/assets/index-CKkl5px8.js - Line 359 - Msg: 💧 Auth state rehydrated with user: 839d1d4a-e72b-47bb-b74e-ef28a15f43ee
2025-10-02 01:16:41.804 32461-32461 Capacitor/Console       com.confessr.app                     I  File: https://localhost/assets/index-CKkl5px8.js - Line 362 - Msg: 📦 MessageCache: Initialized with 15min expiry, max 10 chats
2025-10-02 01:16:41.807 32461-32461 Capacitor/Console       com.confessr.app                     I  File: https://localhost/assets/index-CKkl5px8.js - Line 386 - Msg: [webview-lifecycle] 19:46:41 🌐 WebView Lifecycle Manager initialized
2025-10-02 01:16:41.810 32461-32461 Capacitor/Console       com.confessr.app                     I  File: https://localhost/assets/index-CKkl5px8.js - Line 386 - Msg: [general] 19:46:41 ℹ️ Mobile Logger initialized - Session: 1759348001808-1k2b9pyaf, Platform: android
2025-10-02 01:16:41.843 32461-32461 Capacitor/Console       com.confessr.app                     I  File: https://localhost/assets/index-CKkl5px8.js - Line 386 - Msg: [realtime-v2] Initializing auth state listener for chat store
2025-10-02 01:16:41.849 32461-32461 Capacitor/Console       com.confessr.app                     I  File: https://localhost/assets/index-CKkl5px8.js - Line 386 - Msg: [realtime-v2] Setting up auth state listener for realtime
2025-10-02 01:16:41.850 32461-32461 Capacitor/Console       com.confessr.app                     I  File: https://localhost/assets/index-CKkl5px8.js - Line 359 - Msg: [supabase-pipeline] 19:46:41.844 🔑 getClient() called - hasClient=true isInitialized=false initPromiseActive=true
2025-10-02 01:16:41.850 32461-32461 Capacitor/Console       com.confessr.app                     I  File: https://localhost/assets/index-CKkl5px8.js - Line 359 - Msg: [supabase-pipeline] 19:46:41.844 🔑 getClient() -> calling initialize()
2025-10-02 01:16:41.851 32461-32461 Capacitor/Console       com.confessr.app                     I  File: https://localhost/assets/index-CKkl5px8.js - Line 359 - Msg: [supabase-pipeline] 19:46:41.844 🔄 initialize() called - force=false isInitialized=false hasClient=true initPromiseActive=true
2025-10-02 01:16:41.851 32461-32461 Capacitor/Console       com.confessr.app                     I  File: https://localhost/assets/index-CKkl5px8.js - Line 359 - Msg: [supabase-pipeline] 19:46:41.844 🔄 initialize() waiting for existing initializePromise
2025-10-02 01:16:41.859 32461-32461 Capacitor/Console       com.confessr.app                     I  File: https://localhost/assets/index-CKkl5px8.js - Line 387 - Msg: [device-lock] 19:46:41 🔒 Device Lock Detection Manager initialized
2025-10-02 01:16:41.868 32461-32461 Capacitor/Console       com.confessr.app                     I  File: https://localhost/assets/index-CKkl5px8.js - Line 387 - Msg: [whatsapp-connection] 19:46:41 📱 WhatsApp-Style Connection Manager initialized
2025-10-02 01:16:41.920 32461-32461 Capacitor/Console       com.confessr.app                     I  File: https://localhost/assets/index-CKkl5px8.js - Line 386 - Msg: [general] 19:46:41 ℹ️ Initializing WhatsApp-style connection system
2025-10-02 01:16:41.924 32461-32461 Capacitor/Console       com.confessr.app                     I  File: https://localhost/assets/index-CKkl5px8.js - Line 359 - Msg: [supabase-pipeline] 19:46:41.923 ✅ Supabase client initialized successfully (PERMANENT INSTANCE)
2025-10-02 01:16:41.934 32461-1976  Capacitor               com.confessr.app                     D  Handling local request: https://localhost/assets/capacitor-firebase-messaging-HNnXeiEZ.js
2025-10-02 01:16:41.934 32461-32461 Capacitor/Plugin        com.confessr.app                     V  To native (Capacitor plugin): callbackId: 39849015, pluginId: App, methodName: addListener
2025-10-02 01:16:41.935 32461-32461 Capacitor               com.confessr.app                     V  callback: 39849015, pluginId: App, methodName: addListener, methodData: {"eventName":"appStateChange"}
2025-10-02 01:16:41.942 32461-32461 Capacitor/Plugin        com.confessr.app                     V  To native (Capacitor plugin): callbackId: 39849016, pluginId: App, methodName: addListener
2025-10-02 01:16:41.942 32461-32461 Capacitor               com.confessr.app                     V  callback: 39849016, pluginId: App, methodName: addListener, methodData: {"eventName":"resume"}
2025-10-02 01:16:41.944 32461-32461 Capacitor/Plugin        com.confessr.app                     V  To native (Capacitor plugin): callbackId: 39849017, pluginId: Network, methodName: getStatus
2025-10-02 01:16:41.944 32461-32461 Capacitor               com.confessr.app                     V  callback: 39849017, pluginId: Network, methodName: getStatus, methodData: {}
2025-10-02 01:16:42.053 32461-32461 Capacitor/Console       com.confessr.app                     I  File: https://localhost/assets/index-CKkl5px8.js - Line 386 - Msg: [network] 19:46:42 ℹ️ Initial network status: online {"connectionType":"wifi"}
2025-10-02 01:16:42.054 32461-32461 Capacitor/Console       com.confessr.app                     I  File: https://localhost/assets/index-CKkl5px8.js - Line 387 - Msg: [whatsapp-connection] 19:46:42 📊 Status: connecting -  
2025-10-02 01:16:42.055 32461-32461 Capacitor/Console       com.confessr.app                     I  File: https://localhost/assets/index-CKkl5px8.js - Line 386 - Msg: [connection] 19:46:42 ℹ️ Connection status: connecting -  {"isUserVisible":false}
2025-10-02 01:16:42.059 32461-32461 Capacitor/Plugin        com.confessr.app                     V  To native (Capacitor plugin): callbackId: 39849018, pluginId: App, methodName: addListener
2025-10-02 01:16:42.059 32461-32461 Capacitor               com.confessr.app                     V  callback: 39849018, pluginId: App, methodName: addListener, methodData: {"eventName":"appStateChange"}
2025-10-02 01:16:42.060 32461-32461 Capacitor/Plugin        com.confessr.app                     V  To native (Capacitor plugin): callbackId: 39849019, pluginId: App, methodName: addListener
2025-10-02 01:16:42.061 32461-32461 Capacitor               com.confessr.app                     V  callback: 39849019, pluginId: App, methodName: addListener, methodData: {"eventName":"resume"}
2025-10-02 01:16:42.063 32461-32461 Capacitor/Plugin        com.confessr.app                     V  To native (Capacitor plugin): callbackId: 39849020, pluginId: Network, methodName: addListener
2025-10-02 01:16:42.064 32461-32461 Capacitor               com.confessr.app                     V  callback: 39849020, pluginId: Network, methodName: addListener, methodData: {"eventName":"networkStatusChange"}
2025-10-02 01:16:42.072 32461-32461 Capacitor/Console       com.confessr.app                     I  File: https://localhost/assets/index-CKkl5px8.js - Line 728 - Msg: 🚀 App mounted, setting up auth...
2025-10-02 01:16:42.073 32461-32461 Capacitor/Console       com.confessr.app                     I  File: https://localhost/assets/index-CKkl5px8.js - Line 728 - Msg: 📱 Native platform detected, initializing SQLite...
2025-10-02 01:16:42.073 32461-32461 Capacitor/Console       com.confessr.app                     I  File: https://localhost/assets/index-CKkl5px8.js - Line 107 - Msg: 🗄️ Initializing SQLite database...
2025-10-02 01:16:42.074 32461-32461 Capacitor/Console       com.confessr.app                     I  File: https://localhost/assets/index-CKkl5px8.js - Line 728 - Msg: 🎨 App render state: [object Object]
2025-10-02 01:16:42.090 32461-32461 Capacitor/Plugin        com.confessr.app                     V  To native (Capacitor plugin): callbackId: 39849021, pluginId: App, methodName: addListener
2025-10-02 01:16:42.090 32461-32461 Capacitor               com.confessr.app                     V  callback: 39849021, pluginId: App, methodName: addListener, methodData: {"eventName":"backButton"}
2025-10-02 01:16:42.092 32461-32461 Capacitor/Plugin        com.confessr.app                     V  To native (Capacitor plugin): callbackId: 39849022, pluginId: App, methodName: addListener
2025-10-02 01:16:42.092 32461-32461 Capacitor               com.confessr.app                     V  callback: 39849022, pluginId: App, methodName: addListener, methodData: {"eventName":"appStateChange"}
2025-10-02 01:16:42.093 32461-32461 Capacitor/Plugin        com.confessr.app                     V  To native (Capacitor plugin): callbackId: 39849023, pluginId: Preferences, methodName: get
2025-10-02 01:16:42.094 32461-32461 Capacitor               com.confessr.app                     V  callback: 39849023, pluginId: Preferences, methodName: get, methodData: {"key":"sqlite_encryption_key"}
2025-10-02 01:16:42.104 32461-1983  Capacitor               com.confessr.app                     D  Handling local request: https://localhost/assets/index-ZVo6CUwc.js
2025-10-02 01:16:42.106 32461-32461 Capacitor/Console       com.confessr.app                     I  File: https://localhost/assets/index-CKkl5px8.js - Line 359 - Msg: [supabase-pipeline] 19:46:42.094 [38;5;159m[fetch][0m POST https://sxykfyqrqwifkirveqgr.supabase.co/auth/v1/token?grant_type=refresh_token
2025-10-02 01:16:42.106 32461-1983  Capacitor               com.confessr.app                     D  Handling local request: https://localhost/favicon.ico
2025-10-02 01:16:42.108 32461-32461 Capacitor/Console       com.confessr.app                     I  File: https://localhost/assets/index-CKkl5px8.js - Line 728 - Msg: [push] permission before(FirebaseMessaging): unknown
2025-10-02 01:16:42.109 32461-32461 Capacitor/Console       com.confessr.app                     I  File: https://localhost/assets/index-CKkl5px8.js - Line 728 - Msg: [push] permission after(FirebaseMessaging): denied
2025-10-02 01:16:42.159 32461-1983  Capacitor               com.confessr.app                     D  Handling local request: https://localhost/favicon.ico
2025-10-02 01:16:42.161 32461-32461 Capacitor/Plugin        com.confessr.app                     V  To native (Capacitor plugin): callbackId: 39849024, pluginId: CapacitorSQLite, methodName: setEncryptionSecret
2025-10-02 01:16:42.161 32461-32461 Capacitor               com.confessr.app                     V  callback: 39849024, pluginId: CapacitorSQLite, methodName: setEncryptionSecret, methodData: {"passphrase":"66f3d49e8e514204b885794206a8fec2"}
2025-10-02 01:16:42.166 32461-32461 Capacitor/Plugin        com.confessr.app                     V  To native (Capacitor plugin): callbackId: 39849025, pluginId: PushNotifications, methodName: checkPermissions
2025-10-02 01:16:42.166 32461-32461 Capacitor               com.confessr.app                     V  callback: 39849025, pluginId: PushNotifications, methodName: checkPermissions, methodData: {}
2025-10-02 01:16:42.172 32461-2164  com.getcap...RetHandler com.confessr.app                     V  *** ERROR SetEncryptionSecret: a passphrase has already been set 
2025-10-02 01:16:42.173 32461-2164  Capacitor               com.confessr.app                     D  Sending plugin error: {"save":false,"callbackId":"39849024","pluginId":"CapacitorSQLite","methodName":"setEncryptionSecret","success":false,"error":{"message":"SetEncryptionSecret: a passphrase has already been set "}}
2025-10-02 01:16:42.183 32461-32461 Capacitor/Console       com.confessr.app                     I  File: https://localhost/assets/index-CKkl5px8.js - Line 107 - Msg: 🔑 SQLite encryption key was already set
2025-10-02 01:16:42.185 32461-32461 Capacitor/Plugin        com.confessr.app                     V  To native (Capacitor plugin): callbackId: 39849026, pluginId: CapacitorSQLite, methodName: isDatabase
2025-10-02 01:16:42.185 32461-32461 Capacitor               com.confessr.app                     V  callback: 39849026, pluginId: CapacitorSQLite, methodName: isDatabase, methodData: {"database":"confessr_db"}
2025-10-02 01:16:42.201 32461-32461 Capacitor/Console       com.confessr.app                     I  File: https://localhost/assets/index-CKkl5px8.js - Line 728 - Msg: [push] permission before(PushNotifications): granted
2025-10-02 01:16:42.204 32461-32461 Capacitor/Plugin        com.confessr.app                     V  To native (Capacitor plugin): callbackId: 39849027, pluginId: PushNotifications, methodName: register
2025-10-02 01:16:42.204 32461-32461 Capacitor               com.confessr.app                     V  callback: 39849027, pluginId: PushNotifications, methodName: register, methodData: {}
2025-10-02 01:16:42.205 32461-32461 Capacitor/Console       com.confessr.app                     I  File: https://localhost/assets/index-CKkl5px8.js - Line 107 - Msg: Database exists check: true
2025-10-02 01:16:42.206 32461-32461 Capacitor/Console       com.confessr.app                     I  File: https://localhost/assets/index-CKkl5px8.js - Line 107 - Msg: 🔓 Opening encrypted database with secret mode...
2025-10-02 01:16:42.208 32461-32461 Capacitor/Plugin        com.confessr.app                     V  To native (Capacitor plugin): callbackId: 39849028, pluginId: CapacitorSQLite, methodName: createConnection
2025-10-02 01:16:42.209 32461-32461 Capacitor               com.confessr.app                     V  callback: 39849028, pluginId: CapacitorSQLite, methodName: createConnection, methodData: {"database":"confessr_db","encrypted":true,"mode":"secret","version":1,"readonly":false}
2025-10-02 01:16:42.210 32461-32461 Capacitor/...ionsPlugin com.confessr.app                     V  Notifying listeners for event registration
2025-10-02 01:16:42.210 32461-32461 Capacitor/...ionsPlugin com.confessr.app                     D  No listeners found for event registration
2025-10-02 01:16:42.215 32461-32461 Capacitor/Console       com.confessr.app                     I  File:  - Line 334 - Msg: undefined
2025-10-02 01:16:42.217 32461-32461 Capacitor/Console       com.confessr.app                     I  File: https://localhost/assets/index-CKkl5px8.js - Line 728 - Msg: [push] FirebaseMessaging.getToken returned empty
2025-10-02 01:16:42.217 32461-32461 Capacitor/Console       com.confessr.app                     I  File: https://localhost/assets/index-CKkl5px8.js - Line 359 - Msg: [supabase-pipeline] 19:46:42.213 🔑 getClient() called - hasClient=true isInitialized=true initPromiseActive=false
2025-10-02 01:16:42.221 32461-32461 Capacitor/Plugin        com.confessr.app                     V  To native (Capacitor plugin): callbackId: 39849029, pluginId: PushNotifications, methodName: addListener
2025-10-02 01:16:42.221 32461-32461 Capacitor               com.confessr.app                     V  callback: 39849029, pluginId: PushNotifications, methodName: addListener, methodData: {"eventName":"registration"}
2025-10-02 01:16:42.223 32461-32461 Capacitor/Plugin        com.confessr.app                     V  To native (Capacitor plugin): callbackId: 39849030, pluginId: PushNotifications, methodName: addListener
2025-10-02 01:16:42.223 32461-32461 Capacitor               com.confessr.app                     V  callback: 39849030, pluginId: PushNotifications, methodName: addListener, methodData: {"eventName":"registrationError"}
2025-10-02 01:16:42.224 32461-32461 Capacitor/Plugin        com.confessr.app                     V  To native (Capacitor plugin): callbackId: 39849031, pluginId: App, methodName: addListener
2025-10-02 01:16:42.225 32461-32461 Capacitor               com.confessr.app                     V  callback: 39849031, pluginId: App, methodName: addListener, methodData: {"eventName":"resume"}
2025-10-02 01:16:42.226 32461-32461 Capacitor/Plugin        com.confessr.app                     V  To native (Capacitor plugin): callbackId: 39849032, pluginId: App, methodName: addListener
2025-10-02 01:16:42.233 32461-32461 Capacitor               com.confessr.app                     V  callback: 39849032, pluginId: App, methodName: addListener, methodData: {"eventName":"appUrlOpen"}
2025-10-02 01:16:42.249 32461-32461 Capacitor/Plugin        com.confessr.app                     V  To native (Capacitor plugin): callbackId: 39849033, pluginId: Network, methodName: addListener
2025-10-02 01:16:42.249 32461-32461 Capacitor               com.confessr.app                     V  callback: 39849033, pluginId: Network, methodName: addListener, methodData: {"eventName":"networkStatusChange"}
2025-10-02 01:16:42.255 32461-2164  com.getcap...e.Database com.confessr.app                     V  &&& file path /data/user/0/com.confessr.app/databases/confessr_dbSQLite.db
2025-10-02 01:16:42.257 32461-2164  Capacitor/...ionsPlugin com.confessr.app                     V  Notifying listeners for event registration
2025-10-02 01:16:42.277 32461-32461 Capacitor/Console       com.confessr.app                     I  File:  - Line 334 - Msg: undefined
2025-10-02 01:16:42.279 32461-32461 Capacitor/Console       com.confessr.app                     I  File: https://localhost/assets/index-CKkl5px8.js - Line 728 - Msg: [push] token received(core): dFtsHt…
2025-10-02 01:16:42.279 32461-32461 Capacitor/Console       com.confessr.app                     I  File: https://localhost/assets/index-CKkl5px8.js - Line 359 - Msg: [supabase-pipeline] 19:46:42.273 🗄️ Executing upsert device token...
2025-10-02 01:16:42.279 32461-32461 Capacitor/Console       com.confessr.app                     I  File: https://localhost/assets/index-CKkl5px8.js - Line 359 - Msg: [supabase-pipeline] 19:46:42.273 🔑 getClient() called - hasClient=true isInitialized=true initPromiseActive=false
2025-10-02 01:16:42.281 32461-32461 Capacitor/Plugin        com.confessr.app                     V  To native (Capacitor plugin): callbackId: 39849034, pluginId: CapacitorSQLite, methodName: open
2025-10-02 01:16:42.281 32461-32461 Capacitor               com.confessr.app                     V  callback: 39849034, pluginId: CapacitorSQLite, methodName: open, methodData: {"database":"confessr_db","readonly":false}
2025-10-02 01:16:42.722 32461-32461 Capacitor/Console       com.confessr.app                     I  File: https://localhost/assets/index-CKkl5px8.js - Line 386 - Msg: [webview-lifecycle] 19:46:42 ✅ WebView context fully restored and ready
2025-10-02 01:16:43.325 32461-32461 Capacitor/Console       com.confessr.app                     I  File:  - Line 334 - Msg: undefined
2025-10-02 01:16:43.325 32461-32461 Capacitor/Console       com.confessr.app                     I  File: https://localhost/assets/index-CKkl5px8.js - Line 107 - Msg: ✅ Encrypted database opened successfully
2025-10-02 01:16:43.328 32461-32461 Capacitor/Plugin        com.confessr.app                     V  To native (Capacitor plugin): callbackId: 39849035, pluginId: CapacitorSQLite, methodName: execute
2025-10-02 01:16:43.328 32461-32461 Capacitor               com.confessr.app                     V  callback: 39849035, pluginId: CapacitorSQLite, methodName: execute, methodData: {"database":"confessr_db","statements":"PRAGMA cipher_memory_security = ON;","transaction":true,"readonly":false,"isSQL92":true}
2025-10-02 01:16:43.344 32461-32461 Capacitor/Console       com.confessr.app                     I  File: https://localhost/assets/index-CKkl5px8.js - Line 107 - Msg: ✅ Security pragma set
2025-10-02 01:16:43.344 32461-32461 Capacitor/Console       com.confessr.app                     I  File: https://localhost/assets/index-CKkl5px8.js - Line 107 - Msg: 📊 Creating tables in encrypted database...
2025-10-02 01:16:43.352 32461-32461 Capacitor/Plugin        com.confessr.app                     V  To native (Capacitor plugin): callbackId: 39849036, pluginId: CapacitorSQLite, methodName: execute
2025-10-02 01:16:43.355 32461-32461 Capacitor               com.confessr.app                     V  callback: 39849036, pluginId: CapacitorSQLite, methodName: execute, methodData: {"database":"confessr_db","statements":"\n      CREATE TABLE IF NOT EXISTS messages (\n        id TEXT PRIMARY KEY,\n        group_id TEXT NOT NULL,\n        user_id TEXT NOT NULL,\n        content TEXT NOT NULL,\n        is_ghost INTEGER DEFAULT 0,\n        message_type TEXT DEFAULT 'text',\n        category TEXT,\n        parent_id TEXT,\n        image_url TEXT,\n        created_at INTEGER NOT NULL,\n        local_id INTEGER UNIQUE,\n        updated_at INTEGER,\n        deleted_at INTEGER\n      );\n\n      CREATE TABLE IF NOT EXISTS groups (\n        id TEXT PRIMARY KEY,\n        name TEXT NOT NULL,\n        description TEXT,\n        invite_code TEXT,\n        created_by TEXT NOT NULL,\n        created_at INTEGER NOT NULL,\n        last_sync_timestamp INTEGER DEFAULT 0,\n        avatar_url TEXT,\n        is_archived INTEGER DEFAULT 0\n      );\n\n      CREATE TABLE IF NOT EXISTS users (\n        id TEXT PRIMARY KEY,\n        display_name TEXT NOT NULL,\n        phone_number TEXT,\n        avatar_url TEXT,\n        is_onboarded INTEGER DEFAULT 0,\n        created_at INTEGER NOT NULL\n      );\n\n      CREATE TABLE IF NOT EXISTS outbox (\n        id INTEGER PRIMARY KEY AUTOINCREMENT,\n        group_id TEXT NOT NULL,\n        user_id TEXT NOT NULL,\n        content TEXT NOT NULL,\n        retry_count INTEGER DEFAULT 0,\n        next_retry_at INTEGER NOT NULL,\n        message_type TEXT DEFAULT 'text',\n        category TEXT,\n        parent_id TEXT,\n        image_url TEXT,\n        is_ghost INTEGER DEFAULT 0\n      );\n\n      CREATE TABLE IF NOT EXISTS sync_state (\n        key TEXT PRIMARY KEY,\n        value TEXT NOT NULL\n      );\n\n      \/* Polls table *\/\n      CREATE TABLE IF NOT EXISTS polls (\n        id TEXT PRIMARY KEY,\n        message_id TEXT NOT NULL,\n        question TEXT NOT NULL,\n        options TEXT NOT NULL, -- JSON string\n        created_at INTEGER NOT NULL,\n        closes_at INTEGER NOT NULL,\n        created_by TEXT NOT NULL,\n        FOREIGN KEY (message_id) REFERENCES messages(id)\n      );\n\n      \/* Poll votes table *\/\n      CREATE TABLE IF NOT EXISTS poll_votes (\n        poll_id TEXT NOT NULL,\n        user_id TEXT NOT NULL,\n        option_index INTEGER NOT NULL,\n        created_at INTEGER NOT NULL,\n        PRIMARY KEY (poll_id, user_id),\n        FOREIGN KEY (poll_id) REFERENCES polls(id)\n      );\n\n      \/* Reactions table *\/\n      CREATE TABLE IF NOT EXISTS reactions (\n        id TEXT PRIMARY KEY,\n        message_id TEXT NOT NULL,\n        user_id TEXT NOT NULL,\n        emoji TEXT NOT NULL,\n        created_at INTEGER NOT NULL,\n        FOREIGN KEY (message_id) REFERENCES messages(id)\n      );\n\n      \/* Group members table *\/\n      CREATE TABLE IF NOT EXISTS group_members (\n        group_id TEXT NOT NULL,\n        user_id TEXT NOT NULL,\n        role TEXT DEFAULT 'participant',\n        joined_at INTEGER NOT NULL,\n        PRIMARY KEY (group_id, user_id),\n        FOREIGN KEY (group_id) REFERENCES groups(id),\n        FOREIGN KEY (user_id) REFERENCES users(id)\n      );\n\n      \/* User pseudonyms for ghost messages *\/\n      CREATE TABLE IF NOT EXISTS user_pseudonyms (\n        group_id TEXT NOT NULL,\n        user_id TEXT NOT NULL,\n        pseudonym TEXT NOT NULL,\n        created_at INTEGER NOT NULL,\n        PRIMARY KEY (group_id, user_id)\n      );\n\n      \/* Confessions table for confession messages *\/\n      CREATE TABLE IF NOT EXISTS confessions (\n        id TEXT PRIMARY KEY,\n        message_id TEXT NOT NULL,\n        confession_type TEXT NOT NULL,\n        is_anonymous INTEGER DEFAULT 1,\n        FOREIGN KEY (message_id) REFERENCES messages(id)\n      );\n\n      \/* indexes *\/\n      CREATE INDEX IF NOT EXISTS idx_msg_group_date_asc\n        ON messages(group_id, created_at ASC);\n      CREATE INDEX IF NOT EXISTS idx_msg_group_date_desc\n        ON messages(group_id, created_at DESC);\n      CREATE INDEX IF NOT EXISTS idx_m
2025-10-02 01:16:43.410 32461-32461 Capacitor/Plugin        com.confessr.app                     V  To native (Capacitor plugin): callbackId: 39849037, pluginId: CapacitorSQLite, methodName: query
2025-10-02 01:16:43.411 32461-32461 Capacitor               com.confessr.app                     V  callback: 39849037, pluginId: CapacitorSQLite, methodName: query, methodData: {"database":"confessr_db","statement":"PRAGMA table_info(messages);","values":[],"readonly":false,"isSQL92":true}
2025-10-02 01:16:43.421 32461-32461 Capacitor/Plugin        com.confessr.app                     V  To native (Capacitor plugin): callbackId: 39849038, pluginId: CapacitorSQLite, methodName: query
2025-10-02 01:16:43.422 32461-32461 Capacitor               com.confessr.app                     V  callback: 39849038, pluginId: CapacitorSQLite, methodName: query, methodData: {"database":"confessr_db","statement":"PRAGMA table_info(messages);","values":[],"readonly":false,"isSQL92":true}
2025-10-02 01:16:43.433 32461-32461 Capacitor/Plugin        com.confessr.app                     V  To native (Capacitor plugin): callbackId: 39849039, pluginId: CapacitorSQLite, methodName: query
2025-10-02 01:16:43.433 32461-32461 Capacitor               com.confessr.app                     V  callback: 39849039, pluginId: CapacitorSQLite, methodName: query, methodData: {"database":"confessr_db","statement":"PRAGMA table_info(groups);","values":[],"readonly":false,"isSQL92":true}
2025-10-02 01:16:43.444 32461-32461 Capacitor/Plugin        com.confessr.app                     V  To native (Capacitor plugin): callbackId: 39849040, pluginId: CapacitorSQLite, methodName: query
2025-10-02 01:16:43.444 32461-32461 Capacitor               com.confessr.app                     V  callback: 39849040, pluginId: CapacitorSQLite, methodName: query, methodData: {"database":"confessr_db","statement":"PRAGMA table_info(groups);","values":[],"readonly":false,"isSQL92":true}
2025-10-02 01:16:43.456 32461-32461 Capacitor/Plugin        com.confessr.app                     V  To native (Capacitor plugin): callbackId: 39849041, pluginId: CapacitorSQLite, methodName: query
2025-10-02 01:16:43.456 32461-32461 Capacitor               com.confessr.app                     V  callback: 39849041, pluginId: CapacitorSQLite, methodName: query, methodData: {"database":"confessr_db","statement":"PRAGMA table_info(groups);","values":[],"readonly":false,"isSQL92":true}
2025-10-02 01:16:43.465 32461-32461 Capacitor/Plugin        com.confessr.app                     V  To native (Capacitor plugin): callbackId: 39849042, pluginId: CapacitorSQLite, methodName: query
2025-10-02 01:16:43.465 32461-32461 Capacitor               com.confessr.app                     V  callback: 39849042, pluginId: CapacitorSQLite, methodName: query, methodData: {"database":"confessr_db","statement":"PRAGMA table_info(groups);","values":[],"readonly":false,"isSQL92":true}
2025-10-02 01:16:43.474 32461-32461 Capacitor/Plugin        com.confessr.app                     V  To native (Capacitor plugin): callbackId: 39849043, pluginId: CapacitorSQLite, methodName: query
2025-10-02 01:16:43.475 32461-32461 Capacitor               com.confessr.app                     V  callback: 39849043, pluginId: CapacitorSQLite, methodName: query, methodData: {"database":"confessr_db","statement":"PRAGMA table_info(groups);","values":[],"readonly":false,"isSQL92":true}
2025-10-02 01:16:43.484 32461-32461 Capacitor/Plugin        com.confessr.app                     V  To native (Capacitor plugin): callbackId: 39849044, pluginId: CapacitorSQLite, methodName: query
2025-10-02 01:16:43.484 32461-32461 Capacitor               com.confessr.app                     V  callback: 39849044, pluginId: CapacitorSQLite, methodName: query, methodData: {"database":"confessr_db","statement":"PRAGMA table_info(groups);","values":[],"readonly":false,"isSQL92":true}
2025-10-02 01:16:43.497 32461-32461 Capacitor/Plugin        com.confessr.app                     V  To native (Capacitor plugin): callbackId: 39849045, pluginId: CapacitorSQLite, methodName: query
2025-10-02 01:16:43.497 32461-32461 Capacitor               com.confessr.app                     V  callback: 39849045, pluginId: CapacitorSQLite, methodName: query, methodData: {"database":"confessr_db","statement":"PRAGMA table_info(groups);","values":[],"readonly":false,"isSQL92":true}
2025-10-02 01:16:43.511 32461-32461 Capacitor/Plugin        com.confessr.app                     V  To native (Capacitor plugin): callbackId: 39849046, pluginId: CapacitorSQLite, methodName: query
2025-10-02 01:16:43.511 32461-32461 Capacitor               com.confessr.app                     V  callback: 39849046, pluginId: CapacitorSQLite, methodName: query, methodData: {"database":"confessr_db","statement":"PRAGMA table_info(users);","values":[],"readonly":false,"isSQL92":true}
2025-10-02 01:16:43.522 32461-32461 Capacitor/Plugin        com.confessr.app                     V  To native (Capacitor plugin): callbackId: 39849047, pluginId: CapacitorSQLite, methodName: query
2025-10-02 01:16:43.522 32461-32461 Capacitor               com.confessr.app                     V  callback: 39849047, pluginId: CapacitorSQLite, methodName: query, methodData: {"database":"confessr_db","statement":"PRAGMA table_info(users);","values":[],"readonly":false,"isSQL92":true}
2025-10-02 01:16:43.532 32461-32461 Capacitor/Plugin        com.confessr.app                     V  To native (Capacitor plugin): callbackId: 39849048, pluginId: CapacitorSQLite, methodName: query
2025-10-02 01:16:43.532 32461-32461 Capacitor               com.confessr.app                     V  callback: 39849048, pluginId: CapacitorSQLite, methodName: query, methodData: {"database":"confessr_db","statement":"PRAGMA table_info(users);","values":[],"readonly":false,"isSQL92":true}
2025-10-02 01:16:43.544 32461-32461 Capacitor/Console       com.confessr.app                     I  File: https://localhost/assets/index-CKkl5px8.js - Line 252 - Msg: ✅ Database migration completed
2025-10-02 01:16:43.544 32461-32461 Capacitor/Console       com.confessr.app                     I  File: https://localhost/assets/index-CKkl5px8.js - Line 107 - Msg: ✅ Tables created in encrypted database
2025-10-02 01:16:43.544 32461-32461 Capacitor/Console       com.confessr.app                     I  File: https://localhost/assets/index-CKkl5px8.js - Line 107 - Msg: ✅ Encrypted SQLite ready
2025-10-02 01:16:43.545 32461-32461 Capacitor/Console       com.confessr.app                     I  File: https://localhost/assets/index-CKkl5px8.js - Line 252 - Msg: 🧪 Testing local storage...
2025-10-02 01:16:43.548 32461-32461 Capacitor/Plugin        com.confessr.app                     V  To native (Capacitor plugin): callbackId: 39849049, pluginId: CapacitorSQLite, methodName: run
2025-10-02 01:16:43.549 32461-32461 Capacitor               com.confessr.app                     V  callback: 39849049, pluginId: CapacitorSQLite, methodName: run, methodData: {"database":"confessr_db","statement":"\n        INSERT OR REPLACE INTO users (id, display_name, phone_number, avatar_url, is_onboarded, created_at)\n        VALUES (?, ?, ?, ?, ?, ?)\n      ","values":["test-user-id","Test User","+1234567890",null,1,1759348003541],"transaction":true,"readonly":false,"returnMode":"no","isSQL92":true}
2025-10-02 01:16:43.614 32461-32461 Capacitor/Console       com.confessr.app                     I  File: https://localhost/assets/index-CKkl5px8.js - Line 255 - Msg: ✅ Test user saved
2025-10-02 01:16:43.616 32461-32461 Capacitor/Plugin        com.confessr.app                     V  To native (Capacitor plugin): callbackId: 39849050, pluginId: CapacitorSQLite, methodName: query
2025-10-02 01:16:43.617 32461-32461 Capacitor               com.confessr.app                     V  callback: 39849050, pluginId: CapacitorSQLite, methodName: query, methodData: {"database":"confessr_db","statement":"SELECT * FROM users WHERE id = ?","values":["test-user-id"],"readonly":false,"isSQL92":true}
2025-10-02 01:16:43.628 32461-32461 Capacitor/Console       com.confessr.app                     I  File: https://localhost/assets/index-CKkl5px8.js - Line 255 - Msg: 📋 Retrieved user: [object Object]
2025-10-02 01:16:43.628 32461-32461 Capacitor/Console       com.confessr.app                     I  File: https://localhost/assets/index-CKkl5px8.js - Line 255 - Msg: ✅ Local storage test passed! Data was successfully saved and retrieved.
2025-10-02 01:16:43.631 32461-32461 Capacitor/Plugin        com.confessr.app                     V  To native (Capacitor plugin): callbackId: 39849051, pluginId: CapacitorSQLite, methodName: run
2025-10-02 01:16:43.631 32461-32461 Capacitor               com.confessr.app                     V  callback: 39849051, pluginId: CapacitorSQLite, methodName: run, methodData: {"database":"confessr_db","statement":"INSERT OR REPLACE INTO messages\n         (id, group_id, user_id, content, is_ghost, message_type, category, parent_id, image_url, created_at, updated_at, deleted_at)\n         VALUES (?, ?, ?, ?, ?, ?, ?, ?, ?, ?, ?, ?);","values":["test-message-id","test-group-id","test-user-id","Test message content",0,"text",null,null,null,1759348003621,null,null],"transaction":true,"readonly":false,"returnMode":"no","isSQL92":true}
2025-10-02 01:16:43.672 32461-32461 Capacitor/Console       com.confessr.app                     I  File: https://localhost/assets/index-CKkl5px8.js - Line 257 - Msg: ✅ Test message saved
2025-10-02 01:16:43.674 32461-32461 Capacitor/Plugin        com.confessr.app                     V  To native (Capacitor plugin): callbackId: 39849052, pluginId: CapacitorSQLite, methodName: query
2025-10-02 01:16:43.675 32461-32461 Capacitor               com.confessr.app                     V  callback: 39849052, pluginId: CapacitorSQLite, methodName: query, methodData: {"database":"confessr_db","statement":"SELECT * FROM messages WHERE group_id = ? ORDER BY created_at ASC LIMIT 50 OFFSET 0","values":["test-group-id"],"readonly":false,"isSQL92":true}
2025-10-02 01:16:43.692 32461-32461 Capacitor/Console       com.confessr.app                     I  File: https://localhost/assets/index-CKkl5px8.js - Line 257 - Msg: 📋 Retrieved messages: [object Object]
2025-10-02 01:16:43.692 32461-32461 Capacitor/Console       com.confessr.app                     I  File: https://localhost/assets/index-CKkl5px8.js - Line 257 - Msg: ✅ Message storage test passed! Message was successfully saved and retrieved.
2025-10-02 01:16:43.692 32461-32461 Capacitor/Console       com.confessr.app                     I  File: https://localhost/assets/index-CKkl5px8.js - Line 728 - Msg: ✅ SQLite initialized successfully
2025-10-02 01:16:43.693 32461-32461 Capacitor/Console       com.confessr.app                     I  File: https://localhost/assets/index-CKkl5px8.js - Line 728 - Msg: 🌐 Network status monitoring handled centrally in main.tsx
2025-10-02 01:16:43.693 32461-32461 Capacitor/Console       com.confessr.app                     I  File: https://localhost/assets/index-CKkl5px8.js - Line 359 - Msg: 🎧 Setting up auth state listener...
2025-10-02 01:16:43.693 32461-32461 Capacitor/Console       com.confessr.app                     I  File: https://localhost/assets/index-CKkl5px8.js - Line 359 - Msg: [supabase-pipeline] 19:46:43.681 🔑 getClient() called - hasClient=true isInitialized=true initPromiseActive=false
2025-10-02 01:16:43.694 32461-32461 Capacitor/Console       com.confessr.app                     I  File: https://localhost/assets/index-CKkl5px8.js - Line 359 - Msg: 🔍 Initializing authentication...
2025-10-02 01:16:43.694 32461-32461 Capacitor/Console       com.confessr.app                     I  File: https://localhost/assets/index-CKkl5px8.js - Line 359 - Msg: [supabase-pipeline] 19:46:43.683 🔐 Fetching fresh session from Supabase
2025-10-02 01:16:43.695 32461-32461 Capacitor/Console       com.confessr.app                     I  File: https://localhost/assets/index-CKkl5px8.js - Line 359 - Msg: [supabase-pipeline] 19:46:43.683 🔑 getClient() called - hasClient=true isInitialized=true initPromiseActive=false
2025-10-02 01:16:43.989 32461-32461 Capacitor/Console       com.confessr.app                     I  File: https://localhost/assets/index-CKkl5px8.js - Line 359 - Msg: [supabase-pipeline] 19:46:43.988 🔑 Token cached: user=839d1d4a hasAccess=true hasRefresh=true
2025-10-02 01:16:43.990 32461-32461 Capacitor/Console       com.confessr.app                     I  File: https://localhost/assets/index-CKkl5px8.js - Line 359 - Msg: 🔄 Auth state changed: TOKEN_REFRESHED 839d1d4a-e72b-47bb-b74e-ef28a15f43ee
2025-10-02 01:16:43.990 32461-32461 Capacitor/Console       com.confessr.app                     I  File: https://localhost/assets/index-CKkl5px8.js - Line 359 - Msg: 🔄 Token refreshed
2025-10-02 01:16:43.990 32461-32461 Capacitor/Console       com.confessr.app                     I  File: https://localhost/assets/index-CKkl5px8.js - Line 359 - Msg: 📝 Setting session: 839d1d4a-e72b-47bb-b74e-ef28a15f43ee
2025-10-02 01:16:44.000 32461-32461 Capacitor/Console       com.confessr.app                     I  File: https://localhost/assets/index-CKkl5px8.js - Line 359 - Msg: [supabase-pipeline] 19:46:43.999 🔑 Token cached: user=839d1d4a hasAccess=true hasRefresh=true
2025-10-02 01:16:44.002 32461-32461 Capacitor/Console       com.confessr.app                     I  File: https://localhost/assets/index-CKkl5px8.js - Line 359 - Msg: [supabase-pipeline] 19:46:44.001 🧪 Corruption check: client is healthy (getSession successful)
2025-10-02 01:16:44.008 32461-32461 Capacitor/Console       com.confessr.app                     I  File: https://localhost/assets/index-CKkl5px8.js - Line 359 - Msg: [supabase-pipeline] 19:46:44.004 [38;5;159m[fetch][0m POST https://sxykfyqrqwifkirveqgr.supabase.co/rest/v1/user_devices?on_conflict=token
2025-10-02 01:16:44.009 32461-32461 Capacitor/Console       com.confessr.app                     I  File: https://localhost/assets/index-CKkl5px8.js - Line 359 - Msg: 🔄 Auth state changed: INITIAL_SESSION 839d1d4a-e72b-47bb-b74e-ef28a15f43ee
2025-10-02 01:16:44.009 32461-32461 Capacitor/Console       com.confessr.app                     I  File: https://localhost/assets/index-CKkl5px8.js - Line 359 - Msg: 📡 Auth event: INITIAL_SESSION
2025-10-02 01:16:44.013 32461-32461 Capacitor/Console       com.confessr.app                     I  File: https://localhost/assets/index-CKkl5px8.js - Line 359 - Msg: 👤 Active session found for user: 839d1d4a-e72b-47bb-b74e-ef28a15f43ee
2025-10-02 01:16:44.014 32461-32461 Capacitor/Console       com.confessr.app                     I  File: https://localhost/assets/index-CKkl5px8.js - Line 359 - Msg: 🔄 Syncing user profile for: 839d1d4a-e72b-47bb-b74e-ef28a15f43ee
2025-10-02 01:16:44.022 32461-32461 Capacitor/Console       com.confessr.app                     I  File: https://localhost/assets/index-CKkl5px8.js - Line 386 - Msg: [realtime-v2] Auth event: INITIAL_SESSION
2025-10-02 01:16:44.022 32461-32461 Capacitor/Console       com.confessr.app                     I  File: https://localhost/assets/index-CKkl5px8.js - Line 386 - Msg: [realtime-v2] Token applied; channel healthy, no reconnect
2025-10-02 01:16:44.023 32461-32461 Capacitor/Console       com.confessr.app                     I  File: https://localhost/assets/index-CKkl5px8.js - Line 382 - Msg: [outbox-unified] Resetting outbox processing state
2025-10-02 01:16:44.026 32461-32461 Capacitor/Console       com.confessr.app                     I  File: https://localhost/assets/index-CKkl5px8.js - Line 359 - Msg: [supabase-pipeline] 19:46:44.025 [38;5;159m[fetch][0m GET https://sxykfyqrqwifkirveqgr.supabase.co/rest/v1/users?select=*&id=eq.839d1d4a-e72b-47bb-b74e-ef28a15f43ee
2025-10-02 01:16:44.722 32461-32461 Capacitor/Console       com.confessr.app                     I  File: https://localhost/assets/index-CKkl5px8.js - Line 382 - Msg: [outbox-unified] Trigger requested from: auth-token-refreshed (priority: high)
2025-10-02 01:16:44.722 32461-32461 Capacitor/Console       com.confessr.app                     I  File: https://localhost/assets/index-CKkl5px8.js - Line 382 - Msg: [outbox-unified] Scheduling processing in 50ms for: auth-token-refreshed
2025-10-02 01:16:44.966 32461-32461 Capacitor/Console       com.confessr.app                     I  File: https://localhost/assets/index-CKkl5px8.js - Line 359 - Msg: [supabase-pipeline] 19:46:44.965 🗄️ upsert device token success
2025-10-02 01:16:44.967 32461-32461 Capacitor/Console       com.confessr.app                     I  File: https://localhost/assets/index-CKkl5px8.js - Line 728 - Msg: [push] 2025-10-01T19:46:44.965Z token:registered android dFtsHt…
2025-10-02 01:16:44.967 32461-32461 Capacitor/Console       com.confessr.app                     I  File: https://localhost/assets/index-CKkl5px8.js - Line 359 - Msg: ✅ User profile found and loaded
2025-10-02 01:16:44.971 32461-32461 Capacitor/Console       com.confessr.app                     I  File: https://localhost/assets/index-CKkl5px8.js - Line 728 - Msg: 🎨 App render state: [object Object]
2025-10-02 01:16:44.972 32461-32461 Capacitor/Console       com.confessr.app                     I  File: https://localhost/assets/index-CKkl5px8.js - Line 359 - Msg: 🏁 Auth initialization complete
2025-10-02 01:16:45.014 32461-32461 Capacitor/Console       com.confessr.app                     I  File: https://localhost/assets/index-CKkl5px8.js - Line 728 - Msg: 🚀 Starting outbox processor...
2025-10-02 01:16:45.014 32461-32461 Capacitor/Console       com.confessr.app                     I  File: https://localhost/assets/index-CKkl5px8.js - Line 382 - Msg: [outbox-unified] Resetting outbox processing state
2025-10-02 01:16:45.014 32461-32461 Capacitor/Console       com.confessr.app                     I  File: https://localhost/assets/index-CKkl5px8.js - Line 382 - Msg: [outbox-unified] Trigger requested from: processor-start (priority: immediate)
2025-10-02 01:16:45.015 32461-32461 Capacitor/Console       com.confessr.app                     I  File: https://localhost/assets/index-CKkl5px8.js - Line 382 - Msg: [outbox-unified] Scheduling processing in 0ms for: processor-start
2025-10-02 01:16:45.015 32461-32461 Capacitor/Console       com.confessr.app                     I  File: https://localhost/assets/index-CKkl5px8.js - Line 728 - Msg: 🎨 App render state: [object Object]
2025-10-02 01:16:45.015 32461-32461 Capacitor/Console       com.confessr.app                     I  File: https://localhost/assets/index-CKkl5px8.js - Line 728 - Msg: ✅ Auth setup complete
2025-10-02 01:16:45.019 32461-32461 Capacitor/Console       com.confessr.app                     I  File: https://localhost/assets/index-CKkl5px8.js - Line 359 - Msg: [supabase-pipeline] 19:46:45.018 📦 Starting outbox processing - session outbox-1759348005018
2025-10-02 01:16:45.020 32461-32461 Capacitor/Console       com.confessr.app                     I  File: https://localhost/assets/index-CKkl5px8.js - Line 359 - Msg: [supabase-pipeline] 19:46:45.018 📦 Outbox pre-check: sqliteReady after 0ms
2025-10-02 01:16:45.022 32461-32461 Capacitor/Plugin        com.confessr.app                     V  To native (Capacitor plugin): callbackId: 39849053, pluginId: CapacitorSQLite, methodName: query
