---------------------------- PROCESS STARTED (23394) for package com.confessr.app ----------------------------
2025-09-29 20:19:08.891 23394-23394 Capacitor               com.confessr.app                     D  Starting BridgeActivity
2025-09-29 20:19:08.907 23394-23394 Capacitor               com.confessr.app                     D  Registering plugin instance: CapacitorCookies
2025-09-29 20:19:08.910 23394-23394 Capacitor               com.confessr.app                     D  Registering plugin instance: WebView
2025-09-29 20:19:08.911 23394-23394 Capacitor               com.confessr.app                     D  Registering plugin instance: CapacitorHttp
2025-09-29 20:19:08.912 23394-23394 Capacitor               com.confessr.app                     D  Registering plugin instance: CapacitorSQLite
2025-09-29 20:19:09.024 23394-23394 Capacitor               com.confessr.app                     D  Registering plugin instance: FirebaseMessaging
2025-09-29 20:19:09.025 23394-23394 Capacitor               com.confessr.app                     D  Registering plugin instance: App
2025-09-29 20:19:09.026 23394-23394 Capacitor               com.confessr.app                     D  Registering plugin instance: Haptics
2025-09-29 20:19:09.028 23394-23394 Capacitor               com.confessr.app                     D  Registering plugin instance: Keyboard
2025-09-29 20:19:09.029 23394-23394 Capacitor               com.confessr.app                     D  Registering plugin instance: Network
2025-09-29 20:19:09.030 23394-23394 Capacitor               com.confessr.app                     D  Registering plugin instance: Preferences
2025-09-29 20:19:09.032 23394-23394 Capacitor               com.confessr.app                     D  Registering plugin instance: PushNotifications
2025-09-29 20:19:09.068 23394-23394 Capacitor               com.confessr.app                     W  Unable to read file at path public/plugins
2025-09-29 20:19:09.072 23394-23394 Capacitor               com.confessr.app                     D  Loading app at https://localhost
2025-09-29 20:19:09.092 23394-3313  Capacitor               com.confessr.app                     D  Handling local request: https://localhost/
2025-09-29 20:19:09.100 23394-23394 Capacitor               com.confessr.app                     D  App started
2025-09-29 20:19:09.102 23394-23394 Capacitor/AppPlugin     com.confessr.app                     D  Firing change: true
2025-09-29 20:19:09.103 23394-23394 Capacitor/AppPlugin     com.confessr.app                     V  Notifying listeners for event appStateChange
2025-09-29 20:19:09.103 23394-23394 Capacitor/AppPlugin     com.confessr.app                     D  No listeners found for event appStateChange
2025-09-29 20:19:09.105 23394-23394 Capacitor               com.confessr.app                     D  App resumed
2025-09-29 20:19:09.111 23394-3452  Capacitor/NetworkPlugin com.confessr.app                     V  Notifying listeners for event networkStatusChange
2025-09-29 20:19:09.111 23394-3452  Capacitor/NetworkPlugin com.confessr.app                     D  No listeners found for event networkStatusChange
2025-09-29 20:19:09.176 22487-3133  SQLiteConnectionPool    com.google.android.gms.persistent    I  The connection pool for /data/user/0/com.google.android.gms/databases/metadata.db has been closed but there are still 1 connections in use.  They will be closed as they are released back to the pool.
2025-09-29 20:19:09.226 23394-3312  Capacitor               com.confessr.app                     D  Handling local request: https://localhost/assets/index-DsXra4lv.js
2025-09-29 20:19:09.229 23394-3313  Capacitor               com.confessr.app                     D  Handling local request: https://localhost/assets/index-DCAHsDh_.css
2025-09-29 20:19:09.428 23394-23394 Capacitor/Console       com.confessr.app                     I  File: https://localhost/assets/index-DsXra4lv.js - Line 359 - Msg: [supabase-pipeline] 14:49:09.426 🚀 Pipeline initialized
2025-09-29 20:19:09.428 23394-23394 Capacitor/Console       com.confessr.app                     I  File: https://localhost/assets/index-DsXra4lv.js - Line 359 - Msg: [supabase-pipeline] 14:49:09.427 🧪 Debug tag: v2025-09-24.stage-markers.v2
2025-09-29 20:19:09.428 23394-23394 Capacitor/Console       com.confessr.app                     I  File: https://localhost/assets/index-DsXra4lv.js - Line 359 - Msg: [supabase-pipeline] 14:49:09.427 🧪 Marker pack installed: entered-send, pre-network, POST markers, 5s timeout→outbox, watchdog job creation
2025-09-29 20:19:09.429 23394-23394 Capacitor/Console       com.confessr.app                     I  File: https://localhost/assets/index-DsXra4lv.js - Line 359 - Msg: [supabase-pipeline] 14:49:09.428 🔄 initialize() called - force=false isInitialized=false hasClient=false initPromiseActive=false
2025-09-29 20:19:09.429 23394-23394 Capacitor/Console       com.confessr.app                     I  File: https://localhost/assets/index-DsXra4lv.js - Line 359 - Msg: [supabase-pipeline] 14:49:09.428 🔄 Initializing Supabase client...
2025-09-29 20:19:09.429 23394-23394 Capacitor/Console       com.confessr.app                     I  File: https://localhost/assets/index-DsXra4lv.js - Line 359 - Msg: [supabase-pipeline] 14:49:09.428 🔄 Supabase env present? url=true anonKey=true
2025-09-29 20:19:09.436 23394-23394 Capacitor/Console       com.confessr.app                     I  File: https://localhost/assets/index-DsXra4lv.js - Line 359 - Msg: [supabase-pipeline] 14:49:09.434 🔄 Supabase client created ONCE (persistSession=true, autoRefreshToken=true)
2025-09-29 20:19:09.437 23394-23394 Capacitor/Console       com.confessr.app                     I  File: https://localhost/assets/index-DsXra4lv.js - Line 359 - Msg: 💧 Rehydrating auth state...
2025-09-29 20:19:09.437 23394-23394 Capacitor/Console       com.confessr.app                     I  File: https://localhost/assets/index-DsXra4lv.js - Line 359 - Msg: 💧 Auth state rehydrated with user: 839d1d4a-e72b-47bb-b74e-ef28a15f43ee
2025-09-29 20:19:09.437 23394-23394 Capacitor/Console       com.confessr.app                     I  File: https://localhost/assets/index-DsXra4lv.js - Line 362 - Msg: 📦 MessageCache: Initialized with 15min expiry, max 10 chats
2025-09-29 20:19:09.438 23394-23394 Capacitor/Console       com.confessr.app                     I  File: https://localhost/assets/index-DsXra4lv.js - Line 386 - Msg: [webview-lifecycle] 14:49:09 🌐 WebView Lifecycle Manager initialized
2025-09-29 20:19:09.439 23394-23394 Capacitor/Console       com.confessr.app                     I  File: https://localhost/assets/index-DsXra4lv.js - Line 386 - Msg: [general] 14:49:09 ℹ️ Mobile Logger initialized - Session: 1759157349439-x9zjixt6p, Platform: android
2025-09-29 20:19:09.443 23394-23394 Capacitor/Console       com.confessr.app                     I  File: https://localhost/assets/index-DsXra4lv.js - Line 386 - Msg: [realtime-v2] Initializing auth state listener for chat store
2025-09-29 20:19:09.444 23394-23394 Capacitor/Console       com.confessr.app                     I  File: https://localhost/assets/index-DsXra4lv.js - Line 386 - Msg: [realtime-v2] Setting up auth state listener for realtime
2025-09-29 20:19:09.444 23394-23394 Capacitor/Console       com.confessr.app                     I  File: https://localhost/assets/index-DsXra4lv.js - Line 359 - Msg: [supabase-pipeline] 14:49:09.443 🔑 getClient() called - hasClient=true isInitialized=false initPromiseActive=true
2025-09-29 20:19:09.445 23394-23394 Capacitor/Console       com.confessr.app                     I  File: https://localhost/assets/index-DsXra4lv.js - Line 359 - Msg: [supabase-pipeline] 14:49:09.443 🔑 getClient() -> calling initialize()
2025-09-29 20:19:09.446 23394-23394 Capacitor/Console       com.confessr.app                     I  File: https://localhost/assets/index-DsXra4lv.js - Line 359 - Msg: [supabase-pipeline] 14:49:09.443 🔄 initialize() called - force=false isInitialized=false hasClient=true initPromiseActive=true
2025-09-29 20:19:09.446 23394-23394 Capacitor/Console       com.confessr.app                     I  File: https://localhost/assets/index-DsXra4lv.js - Line 359 - Msg: [supabase-pipeline] 14:49:09.443 🔄 initialize() waiting for existing initializePromise
2025-09-29 20:19:09.448 23394-23394 Capacitor/Console       com.confessr.app                     I  File: https://localhost/assets/index-DsXra4lv.js - Line 387 - Msg: [device-lock] 14:49:09 🔒 Device Lock Detection Manager initialized
2025-09-29 20:19:09.448 23394-23394 Capacitor/Console       com.confessr.app                     I  File: https://localhost/assets/index-DsXra4lv.js - Line 387 - Msg: [whatsapp-connection] 14:49:09 📱 WhatsApp-Style Connection Manager initialized
2025-09-29 20:19:09.457 23394-23394 Capacitor/Console       com.confessr.app                     I  File: https://localhost/assets/index-DsXra4lv.js - Line 386 - Msg: [general] 14:49:09 ℹ️ Initializing WhatsApp-style connection system
2025-09-29 20:19:09.458 23394-23394 Capacitor/Console       com.confessr.app                     I  File: https://localhost/assets/index-DsXra4lv.js - Line 359 - Msg: [supabase-pipeline] 14:49:09.458 ✅ Supabase client initialized successfully (PERMANENT INSTANCE)
2025-09-29 20:19:09.462 23394-3312  Capacitor               com.confessr.app                     D  Handling local request: https://localhost/assets/capacitor-firebase-messaging-HNnXeiEZ.js
2025-09-29 20:19:09.463 23394-23394 Capacitor/Plugin        com.confessr.app                     V  To native (Capacitor plugin): callbackId: 134029105, pluginId: App, methodName: addListener
2025-09-29 20:19:09.463 23394-23394 Capacitor               com.confessr.app                     V  callback: 134029105, pluginId: App, methodName: addListener, methodData: {"eventName":"appStateChange"}
2025-09-29 20:19:09.464 23394-23394 Capacitor/Plugin        com.confessr.app                     V  To native (Capacitor plugin): callbackId: 134029106, pluginId: App, methodName: addListener
2025-09-29 20:19:09.464 23394-23394 Capacitor               com.confessr.app                     V  callback: 134029106, pluginId: App, methodName: addListener, methodData: {"eventName":"resume"}
2025-09-29 20:19:09.465 23394-23394 Capacitor/Plugin        com.confessr.app                     V  To native (Capacitor plugin): callbackId: 134029107, pluginId: Network, methodName: getStatus
2025-09-29 20:19:09.465 23394-23394 Capacitor               com.confessr.app                     V  callback: 134029107, pluginId: Network, methodName: getStatus, methodData: {}
2025-09-29 20:19:09.494 23394-23394 Capacitor/Console       com.confessr.app                     I  File: https://localhost/assets/index-DsXra4lv.js - Line 386 - Msg: [webview-lifecycle] 14:49:09 ✅ WebView context fully restored and ready
2025-09-29 20:19:09.502 23394-23394 Capacitor/Console       com.confessr.app                     I  File: https://localhost/assets/index-DsXra4lv.js - Line 386 - Msg: [network] 14:49:09 ℹ️ Initial network status: online {"connectionType":"cellular"}
2025-09-29 20:19:09.503 23394-23394 Capacitor/Console       com.confessr.app                     I  File: https://localhost/assets/index-DsXra4lv.js - Line 387 - Msg: [whatsapp-connection] 14:49:09 📊 Status: connecting -  
2025-09-29 20:19:09.504 23394-23394 Capacitor/Console       com.confessr.app                     I  File: https://localhost/assets/index-DsXra4lv.js - Line 386 - Msg: [connection] 14:49:09 ℹ️ Connection status: connecting -  {"isUserVisible":false}
2025-09-29 20:19:09.505 23394-23394 Capacitor/Plugin        com.confessr.app                     V  To native (Capacitor plugin): callbackId: 134029108, pluginId: App, methodName: addListener
2025-09-29 20:19:09.505 23394-23394 Capacitor               com.confessr.app                     V  callback: 134029108, pluginId: App, methodName: addListener, methodData: {"eventName":"appStateChange"}
2025-09-29 20:19:09.506 23394-23394 Capacitor/Plugin        com.confessr.app                     V  To native (Capacitor plugin): callbackId: 134029109, pluginId: App, methodName: addListener
2025-09-29 20:19:09.506 23394-23394 Capacitor               com.confessr.app                     V  callback: 134029109, pluginId: App, methodName: addListener, methodData: {"eventName":"resume"}
2025-09-29 20:19:09.506 23394-23394 Capacitor/Plugin        com.confessr.app                     V  To native (Capacitor plugin): callbackId: 134029110, pluginId: Network, methodName: addListener
2025-09-29 20:19:09.506 23394-23394 Capacitor               com.confessr.app                     V  callback: 134029110, pluginId: Network, methodName: addListener, methodData: {"eventName":"networkStatusChange"}
2025-09-29 20:19:09.520 23394-23394 Capacitor/Console       com.confessr.app                     I  File: https://localhost/assets/index-DsXra4lv.js - Line 728 - Msg: 🚀 App mounted, setting up auth...
2025-09-29 20:19:09.520 23394-23394 Capacitor/Console       com.confessr.app                     I  File: https://localhost/assets/index-DsXra4lv.js - Line 728 - Msg: 📱 Native platform detected, initializing SQLite...
2025-09-29 20:19:09.520 23394-23394 Capacitor/Console       com.confessr.app                     I  File: https://localhost/assets/index-DsXra4lv.js - Line 107 - Msg: 🗄️ Initializing SQLite database...
2025-09-29 20:19:09.521 23394-23394 Capacitor/Console       com.confessr.app                     I  File: https://localhost/assets/index-DsXra4lv.js - Line 728 - Msg: 🎨 App render state: [object Object]
2025-09-29 20:19:09.554 23394-3312  Capacitor               com.confessr.app                     D  Handling local request: https://localhost/favicon.ico
2025-09-29 20:19:09.556 23394-3312  Capacitor               com.confessr.app                     D  Handling local request: https://localhost/assets/index-BaoRcU4N.js
2025-09-29 20:19:09.576 23394-3312  Capacitor               com.confessr.app                     D  Handling local request: https://localhost/favicon.ico
2025-09-29 20:19:09.634 23394-23394 Capacitor/Console       com.confessr.app                     I  File: https://localhost/assets/index-DsXra4lv.js - Line 359 - Msg: [supabase-pipeline] 14:49:09.532 🔑 Token cached: user=839d1d4a hasAccess=true hasRefresh=true
2025-09-29 20:19:09.634 23394-23394 Capacitor/Console       com.confessr.app                     I  File: https://localhost/assets/index-DsXra4lv.js - Line 728 - Msg: [push] permission before(FirebaseMessaging): unknown
2025-09-29 20:19:09.634 23394-23394 Capacitor/Console       com.confessr.app                     I  File: https://localhost/assets/index-DsXra4lv.js - Line 728 - Msg: [push] permission after(FirebaseMessaging): denied
2025-09-29 20:19:09.641 23394-23394 Capacitor/Plugin        com.confessr.app                     V  To native (Capacitor plugin): callbackId: 134029111, pluginId: App, methodName: addListener
2025-09-29 20:19:09.641 23394-23394 Capacitor               com.confessr.app                     V  callback: 134029111, pluginId: App, methodName: addListener, methodData: {"eventName":"backButton"}
2025-09-29 20:19:09.642 23394-23394 Capacitor/Plugin        com.confessr.app                     V  To native (Capacitor plugin): callbackId: 134029112, pluginId: App, methodName: addListener
2025-09-29 20:19:09.642 23394-23394 Capacitor               com.confessr.app                     V  callback: 134029112, pluginId: App, methodName: addListener, methodData: {"eventName":"appStateChange"}
2025-09-29 20:19:09.642 23394-23394 Capacitor/Plugin        com.confessr.app                     V  To native (Capacitor plugin): callbackId: 134029113, pluginId: Preferences, methodName: get
2025-09-29 20:19:09.642 23394-23394 Capacitor               com.confessr.app                     V  callback: 134029113, pluginId: Preferences, methodName: get, methodData: {"key":"sqlite_encryption_key"}
2025-09-29 20:19:09.796 23394-23394 Capacitor/Console       com.confessr.app                     I  File: https://localhost/assets/index-DsXra4lv.js - Line 359 - Msg: [supabase-pipeline] 14:49:09.659 🔑 Token cached: user=839d1d4a hasAccess=true hasRefresh=true
2025-09-29 20:19:09.802 23394-23394 Capacitor/Console       com.confessr.app                     I  File: https://localhost/assets/index-DsXra4lv.js - Line 359 - Msg: [supabase-pipeline] 14:49:09.797 🧪 Corruption check: client is healthy (getSession successful)
2025-09-29 20:19:09.803 23394-23394 Capacitor/Plugin        com.confessr.app                     V  To native (Capacitor plugin): callbackId: 134029114, pluginId: CapacitorSQLite, methodName: setEncryptionSecret
2025-09-29 20:19:09.803 23394-23394 Capacitor               com.confessr.app                     V  callback: 134029114, pluginId: CapacitorSQLite, methodName: setEncryptionSecret, methodData: {"passphrase":"ab061e40325342b28537a23da981dc0b"}
2025-09-29 20:19:09.804 23394-23394 Capacitor/Plugin        com.confessr.app                     V  To native (Capacitor plugin): callbackId: 134029115, pluginId: PushNotifications, methodName: checkPermissions
2025-09-29 20:19:09.804 23394-23394 Capacitor               com.confessr.app                     V  callback: 134029115, pluginId: PushNotifications, methodName: checkPermissions, methodData: {}
2025-09-29 20:19:09.814 23394-3370  com.getcap...RetHandler com.confessr.app                     V  *** ERROR SetEncryptionSecret: a passphrase has already been set 
2025-09-29 20:19:09.815 23394-3370  Capacitor               com.confessr.app                     D  Sending plugin error: {"save":false,"callbackId":"134029114","pluginId":"CapacitorSQLite","methodName":"setEncryptionSecret","success":false,"error":{"message":"SetEncryptionSecret: a passphrase has already been set "}}
2025-09-29 20:19:09.879 23394-23394 Capacitor/Console       com.confessr.app                     I  File: https://localhost/assets/index-DsXra4lv.js - Line 386 - Msg: [realtime-v2] Auth event: INITIAL_SESSION
2025-09-29 20:19:09.879 23394-23394 Capacitor/Console       com.confessr.app                     I  File: https://localhost/assets/index-DsXra4lv.js - Line 386 - Msg: [realtime-v2] Token applied; channel healthy, no reconnect
2025-09-29 20:19:09.879 23394-23394 Capacitor/Console       com.confessr.app                     I  File: https://localhost/assets/index-DsXra4lv.js - Line 382 - Msg: [outbox-unified] Resetting outbox processing state
2025-09-29 20:19:09.884 23394-23394 Capacitor/Console       com.confessr.app                     I  File: https://localhost/assets/index-DsXra4lv.js - Line 107 - Msg: 🔑 SQLite encryption key was already set
2025-09-29 20:19:09.885 23394-23394 Capacitor/Console       com.confessr.app                     I  File: https://localhost/assets/index-DsXra4lv.js - Line 728 - Msg: [push] permission before(PushNotifications): granted
2025-09-29 20:19:09.887 23394-23394 Capacitor/Plugin        com.confessr.app                     V  To native (Capacitor plugin): callbackId: 134029116, pluginId: CapacitorSQLite, methodName: isDatabase
2025-09-29 20:19:09.887 23394-23394 Capacitor               com.confessr.app                     V  callback: 134029116, pluginId: CapacitorSQLite, methodName: isDatabase, methodData: {"database":"confessr_db"}
2025-09-29 20:19:09.888 23394-23394 Capacitor/Plugin        com.confessr.app                     V  To native (Capacitor plugin): callbackId: 134029117, pluginId: PushNotifications, methodName: register
2025-09-29 20:19:09.888 23394-23394 Capacitor               com.confessr.app                     V  callback: 134029117, pluginId: PushNotifications, methodName: register, methodData: {}
2025-09-29 20:19:09.891 23394-23394 Capacitor/...ionsPlugin com.confessr.app                     V  Notifying listeners for event registration
2025-09-29 20:19:09.891 23394-23394 Capacitor/...ionsPlugin com.confessr.app                     D  No listeners found for event registration
2025-09-29 20:19:09.987 23394-23394 Capacitor/Console       com.confessr.app                     I  File: https://localhost/assets/index-DsXra4lv.js - Line 107 - Msg: Database exists check: true
2025-09-29 20:19:09.987 23394-23394 Capacitor/Console       com.confessr.app                     I  File: https://localhost/assets/index-DsXra4lv.js - Line 107 - Msg: 🔓 Opening encrypted database with secret mode...
2025-09-29 20:19:09.991 23394-23394 Capacitor/Console       com.confessr.app                     I  File:  - Line 334 - Msg: undefined
2025-09-29 20:19:09.992 23394-23394 Capacitor/Console       com.confessr.app                     I  File: https://localhost/assets/index-DsXra4lv.js - Line 728 - Msg: [push] FirebaseMessaging.getToken returned empty
2025-09-29 20:19:09.993 23394-23394 Capacitor/Plugin        com.confessr.app                     V  To native (Capacitor plugin): callbackId: 134029118, pluginId: CapacitorSQLite, methodName: createConnection
2025-09-29 20:19:09.993 23394-23394 Capacitor               com.confessr.app                     V  callback: 134029118, pluginId: CapacitorSQLite, methodName: createConnection, methodData: {"database":"confessr_db","encrypted":true,"mode":"secret","version":1,"readonly":false}
2025-09-29 20:19:09.993 23394-23394 Capacitor/Console       com.confessr.app                     I  File: https://localhost/assets/index-DsXra4lv.js - Line 359 - Msg: [supabase-pipeline] 14:49:09.992 🔑 getClient() called - hasClient=true isInitialized=true initPromiseActive=false
2025-09-29 20:19:09.994 23394-23394 Capacitor/Plugin        com.confessr.app                     V  To native (Capacitor plugin): callbackId: 134029119, pluginId: PushNotifications, methodName: addListener
2025-09-29 20:19:09.994 23394-23394 Capacitor               com.confessr.app                     V  callback: 134029119, pluginId: PushNotifications, methodName: addListener, methodData: {"eventName":"registration"}
2025-09-29 20:19:10.013 23394-3370  com.getcap...e.Database com.confessr.app                     V  &&& file path /data/user/0/com.confessr.app/databases/confessr_dbSQLite.db
2025-09-29 20:19:10.014 23394-3370  Capacitor/...ionsPlugin com.confessr.app                     V  Notifying listeners for event registration
2025-09-29 20:19:10.061 23394-23394 Capacitor/Plugin        com.confessr.app                     V  To native (Capacitor plugin): callbackId: 134029120, pluginId: PushNotifications, methodName: addListener
2025-09-29 20:19:10.061 23394-23394 Capacitor               com.confessr.app                     V  callback: 134029120, pluginId: PushNotifications, methodName: addListener, methodData: {"eventName":"registrationError"}
2025-09-29 20:19:10.062 23394-23394 Capacitor/Plugin        com.confessr.app                     V  To native (Capacitor plugin): callbackId: 134029121, pluginId: App, methodName: addListener
2025-09-29 20:19:10.062 23394-23394 Capacitor               com.confessr.app                     V  callback: 134029121, pluginId: App, methodName: addListener, methodData: {"eventName":"resume"}
2025-09-29 20:19:10.062 23394-23394 Capacitor/Console       com.confessr.app                     I  File:  - Line 334 - Msg: undefined
2025-09-29 20:19:10.065 23394-23394 Capacitor/Console       com.confessr.app                     I  File: https://localhost/assets/index-DsXra4lv.js - Line 728 - Msg: [push] token received(core): dTC-VD…
2025-09-29 20:19:10.066 23394-23394 Capacitor/Plugin        com.confessr.app                     V  To native (Capacitor plugin): callbackId: 134029122, pluginId: App, methodName: addListener
2025-09-29 20:19:10.066 23394-23394 Capacitor               com.confessr.app                     V  callback: 134029122, pluginId: App, methodName: addListener, methodData: {"eventName":"appUrlOpen"}
2025-09-29 20:19:10.067 23394-23394 Capacitor/Console       com.confessr.app                     I  File: https://localhost/assets/index-DsXra4lv.js - Line 359 - Msg: [supabase-pipeline] 14:49:10.066 🗄️ Executing upsert device token...
2025-09-29 20:19:10.067 23394-23394 Capacitor/Plugin        com.confessr.app                     V  To native (Capacitor plugin): callbackId: 134029123, pluginId: Network, methodName: addListener
2025-09-29 20:19:10.067 23394-23394 Capacitor               com.confessr.app                     V  callback: 134029123, pluginId: Network, methodName: addListener, methodData: {"eventName":"networkStatusChange"}
2025-09-29 20:19:10.067 23394-23394 Capacitor/Console       com.confessr.app                     I  File: https://localhost/assets/index-DsXra4lv.js - Line 359 - Msg: [supabase-pipeline] 14:49:10.066 🔑 getClient() called - hasClient=true isInitialized=true initPromiseActive=false
2025-09-29 20:19:10.068 23394-23394 Capacitor/Plugin        com.confessr.app                     V  To native (Capacitor plugin): callbackId: 134029124, pluginId: CapacitorSQLite, methodName: open
2025-09-29 20:19:10.068 23394-23394 Capacitor               com.confessr.app                     V  callback: 134029124, pluginId: CapacitorSQLite, methodName: open, methodData: {"database":"confessr_db","readonly":false}
2025-09-29 20:19:10.113 23394-23394 Capacitor/Console       com.confessr.app                     I  File: https://localhost/assets/index-DsXra4lv.js - Line 359 - Msg: [supabase-pipeline] 14:49:10.111 [38;5;159m[fetch][0m POST https://sxykfyqrqwifkirveqgr.supabase.co/rest/v1/user_devices?on_conflict=token
2025-09-29 20:19:10.333 23394-23394 Capacitor/Console       com.confessr.app                     I  File: https://localhost/assets/index-DsXra4lv.js - Line 382 - Msg: [outbox-unified] Trigger requested from: auth-token-refreshed (priority: high)
2025-09-29 20:19:10.333 23394-23394 Capacitor/Console       com.confessr.app                     I  File: https://localhost/assets/index-DsXra4lv.js - Line 382 - Msg: [outbox-unified] Scheduling processing in 50ms for: auth-token-refreshed
2025-09-29 20:19:10.383 23394-23394 Capacitor/Console       com.confessr.app                     I  File: https://localhost/assets/index-DsXra4lv.js - Line 359 - Msg: [supabase-pipeline] 14:49:10.374 📦 Starting outbox processing - session outbox-1759157350374
2025-09-29 20:19:10.503 23394-23394 Capacitor/Console       com.confessr.app                     I  File:  - Line 334 - Msg: undefined
2025-09-29 20:19:10.504 23394-23394 Capacitor/Console       com.confessr.app                     I  File: https://localhost/assets/index-DsXra4lv.js - Line 107 - Msg: ✅ Encrypted database opened successfully
2025-09-29 20:19:10.529 23394-23394 Capacitor/Plugin        com.confessr.app                     V  To native (Capacitor plugin): callbackId: 134029125, pluginId: CapacitorSQLite, methodName: execute
2025-09-29 20:19:10.529 23394-23394 Capacitor               com.confessr.app                     V  callback: 134029125, pluginId: CapacitorSQLite, methodName: execute, methodData: {"database":"confessr_db","statements":"PRAGMA cipher_memory_security = ON;","transaction":true,"readonly":false,"isSQL92":true}
2025-09-29 20:19:10.580 23394-23394 Capacitor/Console       com.confessr.app                     I  File: https://localhost/assets/index-DsXra4lv.js - Line 107 - Msg: ✅ Security pragma set
2025-09-29 20:19:10.580 23394-23394 Capacitor/Console       com.confessr.app                     I  File: https://localhost/assets/index-DsXra4lv.js - Line 107 - Msg: 📊 Creating tables in encrypted database...
2025-09-29 20:19:10.604 23394-23394 Capacitor/Plugin        com.confessr.app                     V  To native (Capacitor plugin): callbackId: 134029126, pluginId: CapacitorSQLite, methodName: execute
2025-09-29 20:19:10.605 23394-23394 Capacitor               com.confessr.app                     V  callback: 134029126, pluginId: CapacitorSQLite, methodName: execute, methodData: {"database":"confessr_db","statements":"\n      CREATE TABLE IF NOT EXISTS messages (\n        id TEXT PRIMARY KEY,\n        group_id TEXT NOT NULL,\n        user_id TEXT NOT NULL,\n        content TEXT NOT NULL,\n        is_ghost INTEGER DEFAULT 0,\n        message_type TEXT DEFAULT 'text',\n        category TEXT,\n        parent_id TEXT,\n        image_url TEXT,\n        created_at INTEGER NOT NULL,\n        local_id INTEGER UNIQUE,\n        updated_at INTEGER,\n        deleted_at INTEGER\n      );\n\n      CREATE TABLE IF NOT EXISTS groups (\n        id TEXT PRIMARY KEY,\n        name TEXT NOT NULL,\n        description TEXT,\n        invite_code TEXT,\n        created_by TEXT NOT NULL,\n        created_at INTEGER NOT NULL,\n        last_sync_timestamp INTEGER DEFAULT 0,\n        avatar_url TEXT,\n        is_archived INTEGER DEFAULT 0\n      );\n\n      CREATE TABLE IF NOT EXISTS users (\n        id TEXT PRIMARY KEY,\n        display_name TEXT NOT NULL,\n        phone_number TEXT,\n        avatar_url TEXT,\n        is_onboarded INTEGER DEFAULT 0,\n        created_at INTEGER NOT NULL\n      );\n\n      CREATE TABLE IF NOT EXISTS outbox (\n        id INTEGER PRIMARY KEY AUTOINCREMENT,\n        group_id TEXT NOT NULL,\n        user_id TEXT NOT NULL,\n        content TEXT NOT NULL,\n        retry_count INTEGER DEFAULT 0,\n        next_retry_at INTEGER NOT NULL,\n        message_type TEXT DEFAULT 'text',\n        category TEXT,\n        parent_id TEXT,\n        image_url TEXT,\n        is_ghost INTEGER DEFAULT 0\n      );\n\n      CREATE TABLE IF NOT EXISTS sync_state (\n        key TEXT PRIMARY KEY,\n        value TEXT NOT NULL\n      );\n\n      \/* Polls table *\/\n      CREATE TABLE IF NOT EXISTS polls (\n        id TEXT PRIMARY KEY,\n        message_id TEXT NOT NULL,\n        question TEXT NOT NULL,\n        options TEXT NOT NULL, -- JSON string\n        created_at INTEGER NOT NULL,\n        closes_at INTEGER NOT NULL,\n        created_by TEXT NOT NULL,\n        FOREIGN KEY (message_id) REFERENCES messages(id)\n      );\n\n      \/* Poll votes table *\/\n      CREATE TABLE IF NOT EXISTS poll_votes (\n        poll_id TEXT NOT NULL,\n        user_id TEXT NOT NULL,\n        option_index INTEGER NOT NULL,\n        created_at INTEGER NOT NULL,\n        PRIMARY KEY (poll_id, user_id),\n        FOREIGN KEY (poll_id) REFERENCES polls(id)\n      );\n\n      \/* Reactions table *\/\n      CREATE TABLE IF NOT EXISTS reactions (\n        id TEXT PRIMARY KEY,\n        message_id TEXT NOT NULL,\n        user_id TEXT NOT NULL,\n        emoji TEXT NOT NULL,\n        created_at INTEGER NOT NULL,\n        FOREIGN KEY (message_id) REFERENCES messages(id)\n      );\n\n      \/* Group members table *\/\n      CREATE TABLE IF NOT EXISTS group_members (\n        group_id TEXT NOT NULL,\n        user_id TEXT NOT NULL,\n        role TEXT DEFAULT 'participant',\n        joined_at INTEGER NOT NULL,\n        PRIMARY KEY (group_id, user_id),\n        FOREIGN KEY (group_id) REFERENCES groups(id),\n        FOREIGN KEY (user_id) REFERENCES users(id)\n      );\n\n      \/* User pseudonyms for ghost messages *\/\n      CREATE TABLE IF NOT EXISTS user_pseudonyms (\n        group_id TEXT NOT NULL,\n        user_id TEXT NOT NULL,\n        pseudonym TEXT NOT NULL,\n        created_at INTEGER NOT NULL,\n        PRIMARY KEY (group_id, user_id)\n      );\n\n      \/* Confessions table for confession messages *\/\n      CREATE TABLE IF NOT EXISTS confessions (\n        id TEXT PRIMARY KEY,\n        message_id TEXT NOT NULL,\n        confession_type TEXT NOT NULL,\n        is_anonymous INTEGER DEFAULT 1,\n        FOREIGN KEY (message_id) REFERENCES messages(id)\n      );\n\n      \/* indexes *\/\n      CREATE INDEX IF NOT EXISTS idx_msg_group_date_asc\n        ON messages(group_id, created_at ASC);\n      CREATE INDEX IF NOT EXISTS idx_msg_group_date_desc\n        ON messages(group_id, created_at DESC);\n      CREATE INDEX IF NOT EXISTS idx_
2025-09-29 20:19:10.697 23394-23394 Capacitor/Plugin        com.confessr.app                     V  To native (Capacitor plugin): callbackId: 134029127, pluginId: CapacitorSQLite, methodName: query
2025-09-29 20:19:10.698 23394-23394 Capacitor               com.confessr.app                     V  callback: 134029127, pluginId: CapacitorSQLite, methodName: query, methodData: {"database":"confessr_db","statement":"PRAGMA table_info(messages);","values":[],"readonly":false,"isSQL92":true}
2025-09-29 20:19:10.782 23394-23394 Capacitor/Plugin        com.confessr.app                     V  To native (Capacitor plugin): callbackId: 134029128, pluginId: CapacitorSQLite, methodName: query
2025-09-29 20:19:10.782 23394-23394 Capacitor               com.confessr.app                     V  callback: 134029128, pluginId: CapacitorSQLite, methodName: query, methodData: {"database":"confessr_db","statement":"PRAGMA table_info(messages);","values":[],"readonly":false,"isSQL92":true}
2025-09-29 20:19:10.861 23394-23394 Capacitor/Plugin        com.confessr.app                     V  To native (Capacitor plugin): callbackId: 134029129, pluginId: CapacitorSQLite, methodName: query
2025-09-29 20:19:10.861 23394-23394 Capacitor               com.confessr.app                     V  callback: 134029129, pluginId: CapacitorSQLite, methodName: query, methodData: {"database":"confessr_db","statement":"PRAGMA table_info(groups);","values":[],"readonly":false,"isSQL92":true}
2025-09-29 20:19:10.923 23394-23394 Capacitor/Plugin        com.confessr.app                     V  To native (Capacitor plugin): callbackId: 134029130, pluginId: CapacitorSQLite, methodName: query
2025-09-29 20:19:10.923 23394-23394 Capacitor               com.confessr.app                     V  callback: 134029130, pluginId: CapacitorSQLite, methodName: query, methodData: {"database":"confessr_db","statement":"PRAGMA table_info(groups);","values":[],"readonly":false,"isSQL92":true}
2025-09-29 20:19:10.989 23394-23394 Capacitor/Plugin        com.confessr.app                     V  To native (Capacitor plugin): callbackId: 134029131, pluginId: CapacitorSQLite, methodName: query
2025-09-29 20:19:10.989 23394-23394 Capacitor               com.confessr.app                     V  callback: 134029131, pluginId: CapacitorSQLite, methodName: query, methodData: {"database":"confessr_db","statement":"PRAGMA table_info(groups);","values":[],"readonly":false,"isSQL92":true}
2025-09-29 20:19:11.044 23394-23394 Capacitor/Plugin        com.confessr.app                     V  To native (Capacitor plugin): callbackId: 134029132, pluginId: CapacitorSQLite, methodName: query
2025-09-29 20:19:11.044 23394-23394 Capacitor               com.confessr.app                     V  callback: 134029132, pluginId: CapacitorSQLite, methodName: query, methodData: {"database":"confessr_db","statement":"PRAGMA table_info(groups);","values":[],"readonly":false,"isSQL92":true}
2025-09-29 20:19:11.106 23394-23394 Capacitor/Plugin        com.confessr.app                     V  To native (Capacitor plugin): callbackId: 134029133, pluginId: CapacitorSQLite, methodName: query
2025-09-29 20:19:11.106 23394-23394 Capacitor               com.confessr.app                     V  callback: 134029133, pluginId: CapacitorSQLite, methodName: query, methodData: {"database":"confessr_db","statement":"PRAGMA table_info(groups);","values":[],"readonly":false,"isSQL92":true}
2025-09-29 20:19:11.167 23394-23394 Capacitor/Plugin        com.confessr.app                     V  To native (Capacitor plugin): callbackId: 134029134, pluginId: CapacitorSQLite, methodName: query
2025-09-29 20:19:11.168 23394-23394 Capacitor               com.confessr.app                     V  callback: 134029134, pluginId: CapacitorSQLite, methodName: query, methodData: {"database":"confessr_db","statement":"PRAGMA table_info(groups);","values":[],"readonly":false,"isSQL92":true}
2025-09-29 20:19:11.229 23394-23394 Capacitor/Plugin        com.confessr.app                     V  To native (Capacitor plugin): callbackId: 134029135, pluginId: CapacitorSQLite, methodName: query
2025-09-29 20:19:11.229 23394-23394 Capacitor               com.confessr.app                     V  callback: 134029135, pluginId: CapacitorSQLite, methodName: query, methodData: {"database":"confessr_db","statement":"PRAGMA table_info(groups);","values":[],"readonly":false,"isSQL92":true}
2025-09-29 20:19:11.262 23394-23394 Capacitor/Console       com.confessr.app                     I  File: https://localhost/assets/index-DsXra4lv.js - Line 359 - Msg: [supabase-pipeline] 14:49:11.254 🗄️ upsert device token success
2025-09-29 20:19:11.262 23394-23394 Capacitor/Console       com.confessr.app                     I  File: https://localhost/assets/index-DsXra4lv.js - Line 728 - Msg: [push] 2025-09-29T14:49:11.255Z token:registered android dTC-VD…
2025-09-29 20:19:11.296 23394-23394 Capacitor/Plugin        com.confessr.app                     V  To native (Capacitor plugin): callbackId: 134029136, pluginId: CapacitorSQLite, methodName: query
2025-09-29 20:19:11.296 23394-23394 Capacitor               com.confessr.app                     V  callback: 134029136, pluginId: CapacitorSQLite, methodName: query, methodData: {"database":"confessr_db","statement":"PRAGMA table_info(users);","values":[],"readonly":false,"isSQL92":true}
2025-09-29 20:19:11.353 23394-23394 Capacitor/Plugin        com.confessr.app                     V  To native (Capacitor plugin): callbackId: 134029137, pluginId: CapacitorSQLite, methodName: query
2025-09-29 20:19:11.353 23394-23394 Capacitor               com.confessr.app                     V  callback: 134029137, pluginId: CapacitorSQLite, methodName: query, methodData: {"database":"confessr_db","statement":"PRAGMA table_info(users);","values":[],"readonly":false,"isSQL92":true}
2025-09-29 20:19:11.415 23394-23394 Capacitor/Plugin        com.confessr.app                     V  To native (Capacitor plugin): callbackId: 134029138, pluginId: CapacitorSQLite, methodName: query
2025-09-29 20:19:11.415 23394-23394 Capacitor               com.confessr.app                     V  callback: 134029138, pluginId: CapacitorSQLite, methodName: query, methodData: {"database":"confessr_db","statement":"PRAGMA table_info(users);","values":[],"readonly":false,"isSQL92":true}
2025-09-29 20:19:11.452 23394-23394 Capacitor/Console       com.confessr.app                     I  File: https://localhost/assets/index-DsXra4lv.js - Line 252 - Msg: ✅ Database migration completed
2025-09-29 20:19:11.452 23394-23394 Capacitor/Console       com.confessr.app                     I  File: https://localhost/assets/index-DsXra4lv.js - Line 107 - Msg: ✅ Tables created in encrypted database
2025-09-29 20:19:11.452 23394-23394 Capacitor/Console       com.confessr.app                     I  File: https://localhost/assets/index-DsXra4lv.js - Line 107 - Msg: ✅ Encrypted SQLite ready
2025-09-29 20:19:11.453 23394-23394 Capacitor/Console       com.confessr.app                     I  File: https://localhost/assets/index-DsXra4lv.js - Line 252 - Msg: 🧪 Testing local storage...
2025-09-29 20:19:11.473 23394-23394 Capacitor/Plugin        com.confessr.app                     V  To native (Capacitor plugin): callbackId: 134029139, pluginId: CapacitorSQLite, methodName: run
2025-09-29 20:19:11.473 23394-23394 Capacitor               com.confessr.app                     V  callback: 134029139, pluginId: CapacitorSQLite, methodName: run, methodData: {"database":"confessr_db","statement":"\n        INSERT OR REPLACE INTO users (id, display_name, phone_number, avatar_url, is_onboarded, created_at)\n        VALUES (?, ?, ?, ?, ?, ?)\n      ","values":["test-user-id","Test User","+1234567890",null,1,1759157351437],"transaction":true,"readonly":false,"returnMode":"no","isSQL92":true}
2025-09-29 20:19:11.514 23394-23394 Capacitor/Console       com.confessr.app                     I  File: https://localhost/assets/index-DsXra4lv.js - Line 255 - Msg: ✅ Test user saved
2025-09-29 20:19:11.541 23394-23394 Capacitor/Plugin        com.confessr.app                     V  To native (Capacitor plugin): callbackId: 134029140, pluginId: CapacitorSQLite, methodName: query
2025-09-29 20:19:11.542 23394-23394 Capacitor               com.confessr.app                     V  callback: 134029140, pluginId: CapacitorSQLite, methodName: query, methodData: {"database":"confessr_db","statement":"SELECT * FROM users WHERE id = ?","values":["test-user-id"],"readonly":false,"isSQL92":true}
2025-09-29 20:19:11.583 23394-23394 Capacitor/Console       com.confessr.app                     I  File: https://localhost/assets/index-DsXra4lv.js - Line 255 - Msg: 📋 Retrieved user: [object Object]
2025-09-29 20:19:11.584 23394-23394 Capacitor/Console       com.confessr.app                     I  File: https://localhost/assets/index-DsXra4lv.js - Line 255 - Msg: ✅ Local storage test passed! Data was successfully saved and retrieved.
2025-09-29 20:19:11.584 23394-23394 Capacitor/Console       com.confessr.app                     I  File: https://localhost/assets/index-DsXra4lv.js - Line 359 - Msg: [supabase-pipeline] 14:49:11.576 📦 Outbox pre-check: sqliteReady after 1202ms
2025-09-29 20:19:11.615 23394-23394 Capacitor/Plugin        com.confessr.app                     V  To native (Capacitor plugin): callbackId: 134029141, pluginId: CapacitorSQLite, methodName: run
2025-09-29 20:19:11.615 23394-23394 Capacitor               com.confessr.app                     V  callback: 134029141, pluginId: CapacitorSQLite, methodName: run, methodData: {"database":"confessr_db","statement":"INSERT OR REPLACE INTO messages\n         (id, group_id, user_id, content, is_ghost, message_type, category, parent_id, image_url, created_at, updated_at, deleted_at)\n         VALUES (?, ?, ?, ?, ?, ?, ?, ?, ?, ?, ?, ?);","values":["test-message-id","test-group-id","test-user-id","Test message content",0,"text",null,null,null,1759157351567,null,null],"transaction":true,"readonly":false,"returnMode":"no","isSQL92":true}
2025-09-29 20:19:11.615 23394-23394 Capacitor/Plugin        com.confessr.app                     V  To native (Capacitor plugin): callbackId: 134029142, pluginId: CapacitorSQLite, methodName: query
2025-09-29 20:19:11.615 23394-23394 Capacitor               com.confessr.app                     V  callback: 134029142, pluginId: CapacitorSQLite, methodName: query, methodData: {"database":"confessr_db","statement":"\n      SELECT * FROM outbox \n      WHERE next_retry_at <= ? \n      ORDER BY next_retry_at ASC\n    ","values":[1759157351576],"readonly":false,"isSQL92":true}
2025-09-29 20:19:11.661 23394-23394 Capacitor/Console       com.confessr.app                     I  File: https://localhost/assets/index-DsXra4lv.js - Line 257 - Msg: ✅ Test message saved
2025-09-29 20:19:11.662 23394-23394 Capacitor/Console       com.confessr.app                     I  File: https://localhost/assets/index-DsXra4lv.js - Line 359 - Msg: [supabase-pipeline] 14:49:11.644 📦 non-empty: start (5)
2025-09-29 20:19:11.680 23394-23394 Capacitor/Plugin        com.confessr.app                     V  To native (Capacitor plugin): callbackId: 134029143, pluginId: CapacitorSQLite, methodName: query
2025-09-29 20:19:11.680 23394-23394 Capacitor               com.confessr.app                     V  callback: 134029143, pluginId: CapacitorSQLite, methodName: query, methodData: {"database":"confessr_db","statement":"SELECT * FROM messages WHERE group_id = ? ORDER BY created_at ASC LIMIT 50 OFFSET 0","values":["test-group-id"],"readonly":false,"isSQL92":true}
2025-09-29 20:19:11.681 23394-23394 Capacitor/Plugin        com.confessr.app                     V  To native (Capacitor plugin): callbackId: 134029144, pluginId: Network, methodName: getStatus
2025-09-29 20:19:11.681 23394-23394 Capacitor               com.confessr.app                     V  callback: 134029144, pluginId: Network, methodName: getStatus, methodData: {}
2025-09-29 20:19:11.722 23394-23394 Capacitor/Console       com.confessr.app                     I  File: https://localhost/assets/index-DsXra4lv.js - Line 257 - Msg: 📋 Retrieved messages: [object Object]
2025-09-29 20:19:11.722 23394-23394 Capacitor/Console       com.confessr.app                     I  File: https://localhost/assets/index-DsXra4lv.js - Line 257 - Msg: ✅ Message storage test passed! Message was successfully saved and retrieved.
2025-09-29 20:19:11.723 23394-23394 Capacitor/Console       com.confessr.app                     I  File: https://localhost/assets/index-DsXra4lv.js - Line 728 - Msg: ✅ SQLite initialized successfully
2025-09-29 20:19:11.723 23394-23394 Capacitor/Console       com.confessr.app                     I  File: https://localhost/assets/index-DsXra4lv.js - Line 728 - Msg: 🌐 Network status monitoring handled centrally in main.tsx
2025-09-29 20:19:11.723 23394-23394 Capacitor/Console       com.confessr.app                     I  File: https://localhost/assets/index-DsXra4lv.js - Line 359 - Msg: 🎧 Setting up auth state listener...
2025-09-29 20:19:11.723 23394-23394 Capacitor/Console       com.confessr.app                     I  File: https://localhost/assets/index-DsXra4lv.js - Line 359 - Msg: [supabase-pipeline] 14:49:11.706 🔑 getClient() called - hasClient=true isInitialized=true initPromiseActive=false
2025-09-29 20:19:11.723 23394-23394 Capacitor/Console       com.confessr.app                     I  File: https://localhost/assets/index-DsXra4lv.js - Line 359 - Msg: 🔍 Initializing authentication...
2025-09-29 20:19:11.723 23394-23394 Capacitor/Console       com.confessr.app                     I  File: https://localhost/assets/index-DsXra4lv.js - Line 359 - Msg: [supabase-pipeline] 14:49:11.707 🔐 Attempting session recovery using cached tokens
2025-09-29 20:19:11.723 23394-23394 Capacitor/Console       com.confessr.app                     I  File: https://localhost/assets/index-DsXra4lv.js - Line 359 - Msg: [supabase-pipeline] 14:49:11.708 🔑 getClient() called - hasClient=true isInitialized=true initPromiseActive=false
2025-09-29 20:19:11.723 23394-23394 Capacitor/Console       com.confessr.app                     I  File: https://localhost/assets/index-DsXra4lv.js - Line 359 - Msg: [supabase-pipeline] 14:49:11.710 🌐 Network state: online=true webViewReady=true type=cellular
2025-09-29 20:19:11.724 23394-23394 Capacitor/Console       com.confessr.app                     I  File: https://localhost/assets/index-DsXra4lv.js - Line 359 - Msg: [supabase-pipeline] 14:49:11.710 🏥 Health check: starting (online=true webViewReady=true)
2025-09-29 20:19:11.724 23394-23394 Capacitor/Console       com.confessr.app                     I  File: https://localhost/assets/index-DsXra4lv.js - Line 359 - Msg: [supabase-pipeline] 14:49:11.711 🏥 Health check: using cached access token (healthy)
2025-09-29 20:19:11.724 23394-23394 Capacitor/Console       com.confessr.app                     I  File: https://localhost/assets/index-DsXra4lv.js - Line 359 - Msg: [supabase-pipeline] 14:49:11.711 🔑 getClient() called - hasClient=true isInitialized=true initPromiseActive=false
2025-09-29 20:19:11.724 23394-23394 Capacitor/Console       com.confessr.app                     I  File: https://localhost/assets/index-DsXra4lv.js - Line 359 - Msg: [supabase-pipeline] 14:49:11.711 📦 Processing outbox message 1/5 (ID: 82)
2025-09-29 20:19:11.724 23394-23394 Capacitor/Console       com.confessr.app                     I  File: https://localhost/assets/index-DsXra4lv.js - Line 359 - Msg: [supabase-pipeline] 14:49:11.711 [#82] attempt start (dk=d:839d1d4a-e72b-47bb-b74e-ef28a15f43ee:87faebb0-0bf4-49c9-8119-8d56abe52be2:1759156010005-1mkavi206y8)
2025-09-29 20:19:11.724 23394-23394 Capacitor/Console       com.confessr.app                     I  File: https://localhost/assets/index-DsXra4lv.js - Line 359 - Msg: [supabase-pipeline] 14:49:11.711 [#82] requires_pseudonym=true  attempting upsert before send
2025-09-29 20:19:11.724 23394-23394 Capacitor/Console       com.confessr.app                     I  File: https://localhost/assets/index-DsXra4lv.js - Line 359 - Msg: [supabase-pipeline] 14:49:11.711 🗄️ Executing RPC upsert_pseudonym...
2025-09-29 20:19:11.724 23394-23394 Capacitor/Console       com.confessr.app                     I  File: https://localhost/assets/index-DsXra4lv.js - Line 359 - Msg: [supabase-pipeline] 14:49:11.712 🔑 getClient() called - hasClient=true isInitialized=true initPromiseActive=false
2025-09-29 20:19:11.742 23394-23394 Capacitor/Console       com.confessr.app                     I  File: https://localhost/assets/index-DsXra4lv.js - Line 359 - Msg: 🔄 Auth state changed: INITIAL_SESSION 839d1d4a-e72b-47bb-b74e-ef28a15f43ee
2025-09-29 20:19:11.743 23394-23394 Capacitor/Console       com.confessr.app                     I  File: https://localhost/assets/index-DsXra4lv.js - Line 359 - Msg: 📡 Auth event: INITIAL_SESSION
2025-09-29 20:19:11.758 23394-23394 Capacitor/Console       com.confessr.app                     I  File: https://localhost/assets/index-DsXra4lv.js - Line 359 - Msg: [supabase-pipeline] 14:49:11.746 [38;5;159m[fetch][0m GET https://sxykfyqrqwifkirveqgr.supabase.co/auth/v1/user
2025-09-29 20:19:12.162 23394-23394 Capacitor/Console       com.confessr.app                     I  File: https://localhost/assets/index-DsXra4lv.js - Line 359 - Msg: [supabase-pipeline] 14:49:12.142 🔑 Token cached: user=839d1d4a hasAccess=true hasRefresh=true
2025-09-29 20:19:12.163 23394-23394 Capacitor/Console       com.confessr.app                     I  File: https://localhost/assets/index-DsXra4lv.js - Line 386 - Msg: [realtime-v2] Auth event: SIGNED_IN
2025-09-29 20:19:12.163 23394-23394 Capacitor/Console       com.confessr.app                     I  File: https://localhost/assets/index-DsXra4lv.js - Line 386 - Msg: [realtime-v2] Token applied; channel healthy, no reconnect
2025-09-29 20:19:12.163 23394-23394 Capacitor/Console       com.confessr.app                     I  File: https://localhost/assets/index-DsXra4lv.js - Line 382 - Msg: [outbox-unified] Resetting outbox processing state
