2025-10-02 14:59:05.583   390-390   Capacitor/Console       com.confessr.app                     I  File: https://localhost/assets/index-2r1AJTr8.js - Line 361 - Msg: [supabase-pipeline] 09:29:05.579 📦 Outbox pre-check: sqliteReady after 0ms
2025-10-02 14:59:05.584   390-390   Capacitor/Console       com.confessr.app                     I  File: https://localhost/assets/index-2r1AJTr8.js - Line 737 - Msg: 🚀 Dashboard: Triggering background preload for top groups
2025-10-02 14:59:05.585   390-390   Capacitor/Console       com.confessr.app                     I  File: https://localhost/assets/index-2r1AJTr8.js - Line 382 - Msg: 🚀 Preloader: Starting preload for top groups while on dashboard
2025-10-02 14:59:05.585   390-390   Capacitor/Console       com.confessr.app                     I  File: https://localhost/assets/index-2r1AJTr8.js - Line 364 - Msg: 🚀 Preloader: Starting background preload for dashboard groups
2025-10-02 14:59:05.585   390-390   Capacitor/Console       com.confessr.app                     I  File: https://localhost/assets/index-2r1AJTr8.js - Line 364 - Msg: 📦 MessageCache: Top 3 groups for preloading: fcf73372-c86c-4e53-ac3d-f28896ce1d30,2e246d9c-356a-4fec-9022-108157fa391a,6af01500-2e15-490e-9077-316348aef93e
2025-10-02 14:59:05.585   390-390   Capacitor/Console       com.confessr.app                     I  File: https://localhost/assets/index-2r1AJTr8.js - Line 364 - Msg: 🚀 Preloader: Loading messages for group fcf73372-c86c-4e53-ac3d-f28896ce1d30
2025-10-02 14:59:05.586   390-390   Capacitor/Console       com.confessr.app                     I  File: https://localhost/assets/index-2r1AJTr8.js - Line 364 - Msg: 🚀 Preloader: Loading messages for group 2e246d9c-356a-4fec-9022-108157fa391a
2025-10-02 14:59:05.586   390-390   Capacitor/Console       com.confessr.app                     I  File: https://localhost/assets/index-2r1AJTr8.js - Line 364 - Msg: 🚀 Preloader: Loading messages for group 6af01500-2e15-490e-9077-316348aef93e
2025-10-02 14:59:05.588   390-390   Capacitor/Console       com.confessr.app                     I  File: https://localhost/assets/index-2r1AJTr8.js - Line 737 - Msg: 🚀 Dashboard: Triggering preload after groups loaded
2025-10-02 14:59:05.588   390-390   Capacitor/Console       com.confessr.app                     I  File: https://localhost/assets/index-2r1AJTr8.js - Line 382 - Msg: 🚀 Preloader: Starting preload for top groups while on dashboard
2025-10-02 14:59:05.589   390-390   Capacitor/Console       com.confessr.app                     I  File: https://localhost/assets/index-2r1AJTr8.js - Line 364 - Msg: ⏭️ Preloader: Skipping (global throttle)
2025-10-02 14:59:05.590   390-390   Capacitor/Plugin        com.confessr.app                     V  To native (Capacitor plugin): callbackId: 8218245, pluginId: CapacitorSQLite, methodName: query
2025-10-02 14:59:05.591   390-390   Capacitor               com.confessr.app                     V  callback: 8218245, pluginId: CapacitorSQLite, methodName: query, methodData: {"database":"confessr_db","statement":"\n      SELECT * FROM outbox \n      WHERE next_retry_at <= ? \n      ORDER BY next_retry_at ASC\n    ","values":[1759397345579],"readonly":false,"isSQL92":true}
2025-10-02 14:59:05.592   390-390   Capacitor/Plugin        com.confessr.app                     V  To native (Capacitor plugin): callbackId: 8218246, pluginId: CapacitorSQLite, methodName: query
2025-10-02 14:59:05.592   390-390   Capacitor               com.confessr.app                     V  callback: 8218246, pluginId: CapacitorSQLite, methodName: query, methodData: {"database":"confessr_db","statement":"\n      SELECT * FROM messages\n      WHERE group_id = ?\n      ORDER BY created_at DESC\n      LIMIT ?\n    ","values":["fcf73372-c86c-4e53-ac3d-f28896ce1d30",10],"readonly":false,"isSQL92":true}
2025-10-02 14:59:05.593   390-390   Capacitor/Plugin        com.confessr.app                     V  To native (Capacitor plugin): callbackId: 8218247, pluginId: CapacitorSQLite, methodName: query
2025-10-02 14:59:05.593   390-390   Capacitor               com.confessr.app                     V  callback: 8218247, pluginId: CapacitorSQLite, methodName: query, methodData: {"database":"confessr_db","statement":"\n      SELECT * FROM messages\n      WHERE group_id = ?\n      ORDER BY created_at DESC\n      LIMIT ?\n    ","values":["2e246d9c-356a-4fec-9022-108157fa391a",10],"readonly":false,"isSQL92":true}
2025-10-02 14:59:05.595   390-390   Capacitor/Plugin        com.confessr.app                     V  To native (Capacitor plugin): callbackId: 8218248, pluginId: CapacitorSQLite, methodName: query
2025-10-02 14:59:05.595   390-390   Capacitor               com.confessr.app                     V  callback: 8218248, pluginId: CapacitorSQLite, methodName: query, methodData: {"database":"confessr_db","statement":"\n      SELECT * FROM messages\n      WHERE group_id = ?\n      ORDER BY created_at DESC\n      LIMIT ?\n    ","values":["6af01500-2e15-490e-9077-316348aef93e",10],"readonly":false,"isSQL92":true}
2025-10-02 14:59:05.596   390-390   Capacitor/Console       com.confessr.app                     I  File: https://localhost/assets/index-2r1AJTr8.js - Line 361 - Msg: [supabase-pipeline] 09:29:05.594 📦 No outbox messages to process; idle
2025-10-02 14:59:05.597   390-390   Capacitor/Console       com.confessr.app                     I  File: https://localhost/assets/index-2r1AJTr8.js - Line 364 - Msg: 🚀 Preloader: No messages found for group fcf73372-c86c-4e53-ac3d-f28896ce1d30
2025-10-02 14:59:05.601   390-390   Capacitor/Console       com.confessr.app                     I  File: https://localhost/assets/index-2r1AJTr8.js - Line 364 - Msg: 🚀 Preloader: No messages found for group 2e246d9c-356a-4fec-9022-108157fa391a
2025-10-02 14:59:05.602   390-390   Capacitor/Console       com.confessr.app                     I  File: https://localhost/assets/index-2r1AJTr8.js - Line 364 - Msg: 🚀 Preloader: No messages found for group 6af01500-2e15-490e-9077-316348aef93e
2025-10-02 14:59:25.233   390-390   Capacitor               com.confessr.app                     D  App destroyed
---------------------------- PROCESS ENDED (390) for package com.confessr.app ----------------------------
---------------------------- PROCESS STARTED (8660) for package com.confessr.app ----------------------------
2025-10-02 15:02:32.097  8660-8660  Capacitor               com.confessr.app                     D  Starting BridgeActivity
2025-10-02 15:02:32.116  8660-8660  Capacitor               com.confessr.app                     D  Registering plugin instance: CapacitorCookies
2025-10-02 15:02:32.120  8660-8660  Capacitor               com.confessr.app                     D  Registering plugin instance: WebView
2025-10-02 15:02:32.122  8660-8660  Capacitor               com.confessr.app                     D  Registering plugin instance: CapacitorHttp
2025-10-02 15:02:32.124  8660-8660  Capacitor               com.confessr.app                     D  Registering plugin instance: CapacitorSQLite
2025-10-02 15:02:32.312  8660-8660  Capacitor               com.confessr.app                     D  Registering plugin instance: FirebaseMessaging
2025-10-02 15:02:32.315  8660-8660  Capacitor               com.confessr.app                     D  Registering plugin instance: App
2025-10-02 15:02:32.316  8660-8660  Capacitor               com.confessr.app                     D  Registering plugin instance: Haptics
2025-10-02 15:02:32.321  8660-8660  Capacitor               com.confessr.app                     D  Registering plugin instance: Keyboard
2025-10-02 15:02:32.322  8660-8660  Capacitor               com.confessr.app                     D  Registering plugin instance: Network
2025-10-02 15:02:32.323  8660-8660  Capacitor               com.confessr.app                     D  Registering plugin instance: Preferences
2025-10-02 15:02:32.326  8660-8660  Capacitor               com.confessr.app                     D  Registering plugin instance: PushNotifications
2025-10-02 15:02:32.357  8660-8660  Capacitor               com.confessr.app                     W  Unable to read file at path public/plugins
2025-10-02 15:02:32.361  8660-8660  Capacitor               com.confessr.app                     D  Loading app at https://localhost
2025-10-02 15:02:32.411  8660-11489 Capacitor               com.confessr.app                     D  Handling local request: https://localhost/
2025-10-02 15:02:32.421  8660-8660  Capacitor               com.confessr.app                     D  App started
2025-10-02 15:02:32.424  8660-8660  Capacitor/AppPlugin     com.confessr.app                     D  Firing change: true
2025-10-02 15:02:32.425  8660-8660  Capacitor/AppPlugin     com.confessr.app                     V  Notifying listeners for event appStateChange
2025-10-02 15:02:32.425  8660-8660  Capacitor/AppPlugin     com.confessr.app                     D  No listeners found for event appStateChange
2025-10-02 15:02:32.432  8660-8660  Capacitor               com.confessr.app                     D  App resumed
2025-10-02 15:02:32.469  8660-11678 Capacitor/NetworkPlugin com.confessr.app                     V  Notifying listeners for event networkStatusChange
2025-10-02 15:02:32.469  8660-11678 Capacitor/NetworkPlugin com.confessr.app                     D  No listeners found for event networkStatusChange
2025-10-02 15:02:32.680  8660-11489 Capacitor               com.confessr.app                     D  Handling local request: https://localhost/assets/index-9aE0KOxy.js
2025-10-02 15:02:32.702  8660-11490 Capacitor               com.confessr.app                     D  Handling local request: https://localhost/assets/index-BHPGbWI5.css
2025-10-02 15:02:33.347  8660-8660  Capacitor/Console       com.confessr.app                     I  File: https://localhost/assets/index-9aE0KOxy.js - Line 361 - Msg: [supabase-pipeline] 09:32:33.331 🚀 Pipeline initialized
2025-10-02 15:02:33.347  8660-8660  Capacitor/Console       com.confessr.app                     I  File: https://localhost/assets/index-9aE0KOxy.js - Line 361 - Msg: [supabase-pipeline] 09:32:33.346 🧪 Debug tag: v2025-09-24.stage-markers.v2
2025-10-02 15:02:33.347  8660-8660  Capacitor/Console       com.confessr.app                     I  File: https://localhost/assets/index-9aE0KOxy.js - Line 361 - Msg: [supabase-pipeline] 09:32:33.346 🧪 Marker pack installed: entered-send, pre-network, POST markers, 5s timeout→outbox, watchdog job creation
2025-10-02 15:02:33.352  8660-8660  Capacitor/Console       com.confessr.app                     I  File: https://localhost/assets/index-9aE0KOxy.js - Line 361 - Msg: [supabase-pipeline] 09:32:33.346 🔄 initialize() called - force=false isInitialized=false hasClient=false initPromiseActive=false
2025-10-02 15:02:33.353  8660-8660  Capacitor/Console       com.confessr.app                     I  File: https://localhost/assets/index-9aE0KOxy.js - Line 361 - Msg: [supabase-pipeline] 09:32:33.351 🔄 Initializing Supabase client...
2025-10-02 15:02:33.353  8660-8660  Capacitor/Console       com.confessr.app                     I  File: https://localhost/assets/index-9aE0KOxy.js - Line 361 - Msg: [supabase-pipeline] 09:32:33.351 🔄 Supabase env present? url=true anonKey=true
2025-10-02 15:02:33.366  8660-8660  Capacitor/Console       com.confessr.app                     I  File: https://localhost/assets/index-9aE0KOxy.js - Line 361 - Msg: [supabase-pipeline] 09:32:33.365 🔄 Supabase client created ONCE (persistSession=true, autoRefreshToken=true)
2025-10-02 15:02:33.371  8660-8660  Capacitor/Console       com.confessr.app                     I  File: https://localhost/assets/index-9aE0KOxy.js - Line 361 - Msg: 💧 Rehydrating auth state...
2025-10-02 15:02:33.372  8660-8660  Capacitor/Console       com.confessr.app                     I  File: https://localhost/assets/index-9aE0KOxy.js - Line 361 - Msg: 💧 Auth state rehydrated with user: 839d1d4a-e72b-47bb-b74e-ef28a15f43ee
2025-10-02 15:02:33.372  8660-8660  Capacitor/Console       com.confessr.app                     I  File: https://localhost/assets/index-9aE0KOxy.js - Line 364 - Msg: 📦 MessageCache: Initialized with 15min expiry, max 10 chats
2025-10-02 15:02:33.373  8660-8660  Capacitor/Console       com.confessr.app                     I  File: https://localhost/assets/index-9aE0KOxy.js - Line 394 - Msg: [webview-lifecycle] 09:32:33 🌐 WebView Lifecycle Manager initialized
2025-10-02 15:02:33.375  8660-8660  Capacitor/Console       com.confessr.app                     I  File: https://localhost/assets/index-9aE0KOxy.js - Line 394 - Msg: [general] 09:32:33 ℹ️ Mobile Logger initialized - Session: 1759397553374-ugm6o6t67, Platform: android
2025-10-02 15:02:33.389  8660-8660  Capacitor/Console       com.confessr.app                     I  File: https://localhost/assets/index-9aE0KOxy.js - Line 394 - Msg: [realtime-v2] Initializing auth state listener for chat store
2025-10-02 15:02:33.389  8660-8660  Capacitor/Console       com.confessr.app                     I  File: https://localhost/assets/index-9aE0KOxy.js - Line 394 - Msg: [realtime-v2] Setting up auth state listener for realtime
2025-10-02 15:02:33.391  8660-8660  Capacitor/Console       com.confessr.app                     I  File: https://localhost/assets/index-9aE0KOxy.js - Line 361 - Msg: [supabase-pipeline] 09:32:33.389 🔑 getClient() called - hasClient=true isInitialized=false initPromiseActive=true
2025-10-02 15:02:33.391  8660-8660  Capacitor/Console       com.confessr.app                     I  File: https://localhost/assets/index-9aE0KOxy.js - Line 361 - Msg: [supabase-pipeline] 09:32:33.389 🔑 getClient() -> calling initialize()
2025-10-02 15:02:33.392  8660-8660  Capacitor/Console       com.confessr.app                     I  File: https://localhost/assets/index-9aE0KOxy.js - Line 361 - Msg: [supabase-pipeline] 09:32:33.390 🔄 initialize() called - force=false isInitialized=false hasClient=true initPromiseActive=true
2025-10-02 15:02:33.392  8660-8660  Capacitor/Console       com.confessr.app                     I  File: https://localhost/assets/index-9aE0KOxy.js - Line 361 - Msg: [supabase-pipeline] 09:32:33.390 🔄 initialize() waiting for existing initializePromise
2025-10-02 15:02:33.404  8660-8660  Capacitor/Console       com.confessr.app                     I  File: https://localhost/assets/index-9aE0KOxy.js - Line 395 - Msg: [device-lock] 09:32:33 🔒 Device Lock Detection Manager initialized
2025-10-02 15:02:33.405  8660-8660  Capacitor/Console       com.confessr.app                     I  File: https://localhost/assets/index-9aE0KOxy.js - Line 395 - Msg: [whatsapp-connection] 09:32:33 📱 WhatsApp-Style Connection Manager initialized
2025-10-02 15:02:33.425  8660-8660  Capacitor/Console       com.confessr.app                     I  File: https://localhost/assets/index-9aE0KOxy.js - Line 394 - Msg: [general] 09:32:33 ℹ️ Initializing WhatsApp-style connection system
2025-10-02 15:02:33.430  8660-8660  Capacitor/Console       com.confessr.app                     I  File: https://localhost/assets/index-9aE0KOxy.js - Line 361 - Msg: [supabase-pipeline] 09:32:33.429 ✅ Supabase client initialized successfully (PERMANENT INSTANCE)
2025-10-02 15:02:33.437  8660-8660  Capacitor/Plugin        com.confessr.app                     V  To native (Capacitor plugin): callbackId: 21126405, pluginId: App, methodName: addListener
2025-10-02 15:02:33.437  8660-8660  Capacitor               com.confessr.app                     V  callback: 21126405, pluginId: App, methodName: addListener, methodData: {"eventName":"appStateChange"}
2025-10-02 15:02:33.446  8660-8660  Capacitor/Plugin        com.confessr.app                     V  To native (Capacitor plugin): callbackId: 21126406, pluginId: App, methodName: addListener
2025-10-02 15:02:33.446  8660-8660  Capacitor               com.confessr.app                     V  callback: 21126406, pluginId: App, methodName: addListener, methodData: {"eventName":"resume"}
2025-10-02 15:02:33.447  8660-8660  Capacitor/Plugin        com.confessr.app                     V  To native (Capacitor plugin): callbackId: 21126407, pluginId: Network, methodName: getStatus
2025-10-02 15:02:33.447  8660-8660  Capacitor               com.confessr.app                     V  callback: 21126407, pluginId: Network, methodName: getStatus, methodData: {}
2025-10-02 15:02:33.448  8660-11489 Capacitor               com.confessr.app                     D  Handling local request: https://localhost/assets/capacitor-firebase-messaging-HNnXeiEZ.js
2025-10-02 15:02:33.479  8660-8660  Capacitor/Console       com.confessr.app                     I  File: https://localhost/assets/index-9aE0KOxy.js - Line 394 - Msg: [webview-lifecycle] 09:32:33 ✅ WebView context fully restored and ready
2025-10-02 15:02:33.499  8660-8660  Capacitor/Console       com.confessr.app                     I  File: https://localhost/assets/index-9aE0KOxy.js - Line 394 - Msg: [network] 09:32:33 ℹ️ Initial network status: online {"connectionType":"wifi"}
2025-10-02 15:02:33.500  8660-8660  Capacitor/Console       com.confessr.app                     I  File: https://localhost/assets/index-9aE0KOxy.js - Line 395 - Msg: [whatsapp-connection] 09:32:33 📊 Status: connecting -  
2025-10-02 15:02:33.501  8660-8660  Capacitor/Console       com.confessr.app                     I  File: https://localhost/assets/index-9aE0KOxy.js - Line 394 - Msg: [connection] 09:32:33 ℹ️ Connection status: connecting -  {"isUserVisible":false}
2025-10-02 15:02:33.509  8660-8660  Capacitor/Plugin        com.confessr.app                     V  To native (Capacitor plugin): callbackId: 21126408, pluginId: App, methodName: addListener
2025-10-02 15:02:33.509  8660-8660  Capacitor               com.confessr.app                     V  callback: 21126408, pluginId: App, methodName: addListener, methodData: {"eventName":"appStateChange"}
2025-10-02 15:02:33.510  8660-8660  Capacitor/Plugin        com.confessr.app                     V  To native (Capacitor plugin): callbackId: 21126409, pluginId: App, methodName: addListener
2025-10-02 15:02:33.510  8660-8660  Capacitor               com.confessr.app                     V  callback: 21126409, pluginId: App, methodName: addListener, methodData: {"eventName":"resume"}
2025-10-02 15:02:33.510  8660-8660  Capacitor/Plugin        com.confessr.app                     V  To native (Capacitor plugin): callbackId: 21126410, pluginId: Network, methodName: addListener
2025-10-02 15:02:33.510  8660-8660  Capacitor               com.confessr.app                     V  callback: 21126410, pluginId: Network, methodName: addListener, methodData: {"eventName":"networkStatusChange"}
2025-10-02 15:02:33.558  8660-11487 Capacitor               com.confessr.app                     D  Handling local request: https://localhost/favicon.ico
2025-10-02 15:02:33.560  8660-11487 Capacitor               com.confessr.app                     D  Handling local request: https://localhost/assets/index-DqIfz6hg.js
2025-10-02 15:02:33.577  8660-11487 Capacitor               com.confessr.app                     D  Handling local request: https://localhost/favicon.ico
2025-10-02 15:02:33.860  8660-8660  Capacitor/Console       com.confessr.app                     I  File: https://localhost/assets/index-9aE0KOxy.js - Line 741 - Msg: 🚀 App mounted, setting up auth...
2025-10-02 15:02:33.861  8660-8660  Capacitor/Console       com.confessr.app                     I  File: https://localhost/assets/index-9aE0KOxy.js - Line 741 - Msg: 📱 Native platform detected, initializing SQLite...
2025-10-02 15:02:33.861  8660-8660  Capacitor/Console       com.confessr.app                     I  File: https://localhost/assets/index-9aE0KOxy.js - Line 107 - Msg: 🗄️ Initializing SQLite database...
2025-10-02 15:02:33.861  8660-8660  Capacitor/Console       com.confessr.app                     I  File: https://localhost/assets/index-9aE0KOxy.js - Line 741 - Msg: 🎨 App render state: [object Object]
2025-10-02 15:02:33.862  8660-8660  Capacitor/Console       com.confessr.app                     I  File: https://localhost/assets/index-9aE0KOxy.js - Line 361 - Msg: [supabase-pipeline] 09:32:33.551 🔑 Token cached: user=839d1d4a hasAccess=true hasRefresh=true
2025-10-02 15:02:33.862  8660-8660  Capacitor/Console       com.confessr.app                     I  File: https://localhost/assets/index-9aE0KOxy.js - Line 394 - Msg: [realtime-v2] Auth event: SIGNED_IN
2025-10-02 15:02:33.862  8660-8660  Capacitor/Console       com.confessr.app                     I  File: https://localhost/assets/index-9aE0KOxy.js - Line 394 - Msg: [realtime-v2] Token applied; channel healthy, no reconnect
2025-10-02 15:02:33.862  8660-8660  Capacitor/Console       com.confessr.app                     I  File: https://localhost/assets/index-9aE0KOxy.js - Line 390 - Msg: [outbox-unified] Resetting outbox processing state
2025-10-02 15:02:33.863  8660-8660  Capacitor/Console       com.confessr.app                     I  File: https://localhost/assets/index-9aE0KOxy.js - Line 741 - Msg: [push] permission before(FirebaseMessaging): unknown
2025-10-02 15:02:33.863  8660-8660  Capacitor/Console       com.confessr.app                     I  File: https://localhost/assets/index-9aE0KOxy.js - Line 741 - Msg: [push] permission after(FirebaseMessaging): denied
2025-10-02 15:02:33.871  8660-8660  Capacitor/Plugin        com.confessr.app                     V  To native (Capacitor plugin): callbackId: 21126411, pluginId: App, methodName: addListener
2025-10-02 15:02:33.871  8660-8660  Capacitor               com.confessr.app                     V  callback: 21126411, pluginId: App, methodName: addListener, methodData: {"eventName":"backButton"}
2025-10-02 15:02:33.872  8660-8660  Capacitor/Plugin        com.confessr.app                     V  To native (Capacitor plugin): callbackId: 21126412, pluginId: App, methodName: addListener
2025-10-02 15:02:33.872  8660-8660  Capacitor               com.confessr.app                     V  callback: 21126412, pluginId: App, methodName: addListener, methodData: {"eventName":"appStateChange"}
2025-10-02 15:02:33.872  8660-8660  Capacitor/Plugin        com.confessr.app                     V  To native (Capacitor plugin): callbackId: 21126413, pluginId: Preferences, methodName: get
2025-10-02 15:02:33.872  8660-8660  Capacitor               com.confessr.app                     V  callback: 21126413, pluginId: Preferences, methodName: get, methodData: {"key":"sqlite_encryption_key"}
2025-10-02 15:02:34.067  8660-8660  Capacitor/Console       com.confessr.app                     I  File: https://localhost/assets/index-9aE0KOxy.js - Line 361 - Msg: [supabase-pipeline] 09:32:33.875 🔑 Token cached: user=839d1d4a hasAccess=true hasRefresh=true
2025-10-02 15:02:34.068  8660-8660  Capacitor/Console       com.confessr.app                     I  File: https://localhost/assets/index-9aE0KOxy.js - Line 390 - Msg: [outbox-unified] Trigger requested from: auth-token-refreshed (priority: high)
2025-10-02 15:02:34.068  8660-8660  Capacitor/Console       com.confessr.app                     I  File: https://localhost/assets/index-9aE0KOxy.js - Line 390 - Msg: [outbox-unified] Scheduling processing in 50ms for: auth-token-refreshed
2025-10-02 15:02:34.147  8660-8660  Capacitor/Console       com.confessr.app                     I  File: https://localhost/assets/index-9aE0KOxy.js - Line 394 - Msg: [realtime-v2] Auth event: INITIAL_SESSION
2025-10-02 15:02:34.147  8660-8660  Capacitor/Console       com.confessr.app                     I  File: https://localhost/assets/index-9aE0KOxy.js - Line 394 - Msg: [realtime-v2] Token applied; channel healthy, no reconnect
2025-10-02 15:02:34.147  8660-8660  Capacitor/Console       com.confessr.app                     I  File: https://localhost/assets/index-9aE0KOxy.js - Line 390 - Msg: [outbox-unified] Resetting outbox processing state
2025-10-02 15:02:34.148  8660-8660  Capacitor/Plugin        com.confessr.app                     V  To native (Capacitor plugin): callbackId: 21126414, pluginId: PushNotifications, methodName: checkPermissions
2025-10-02 15:02:34.148  8660-8660  Capacitor               com.confessr.app                     V  callback: 21126414, pluginId: PushNotifications, methodName: checkPermissions, methodData: {}
2025-10-02 15:02:34.238  8660-8660  Capacitor/Plugin        com.confessr.app                     V  To native (Capacitor plugin): callbackId: 21126415, pluginId: CapacitorSQLite, methodName: setEncryptionSecret
2025-10-02 15:02:34.238  8660-8660  Capacitor               com.confessr.app                     V  callback: 21126415, pluginId: CapacitorSQLite, methodName: setEncryptionSecret, methodData: {"passphrase":"66f3d49e8e514204b885794206a8fec2"}
2025-10-02 15:02:34.248  8660-11574 com.getcap...RetHandler com.confessr.app                     V  *** ERROR SetEncryptionSecret: a passphrase has already been set 
2025-10-02 15:02:34.248  8660-11574 Capacitor               com.confessr.app                     D  Sending plugin error: {"save":false,"callbackId":"21126415","pluginId":"CapacitorSQLite","methodName":"setEncryptionSecret","success":false,"error":{"message":"SetEncryptionSecret: a passphrase has already been set "}}
2025-10-02 15:02:34.284  8660-8660  Capacitor/Console       com.confessr.app                     I  File: https://localhost/assets/index-9aE0KOxy.js - Line 741 - Msg: [push] permission before(PushNotifications): granted
2025-10-02 15:02:34.315  8660-8660  Capacitor/Console       com.confessr.app                     I  File: https://localhost/assets/index-9aE0KOxy.js - Line 107 - Msg: 🔑 SQLite encryption key was already set
2025-10-02 15:02:34.317  8660-8660  Capacitor/Plugin        com.confessr.app                     V  To native (Capacitor plugin): callbackId: 21126416, pluginId: PushNotifications, methodName: register
2025-10-02 15:02:34.317  8660-8660  Capacitor               com.confessr.app                     V  callback: 21126416, pluginId: PushNotifications, methodName: register, methodData: {}
2025-10-02 15:02:34.349  8660-8660  Capacitor/Plugin        com.confessr.app                     V  To native (Capacitor plugin): callbackId: 21126417, pluginId: CapacitorSQLite, methodName: isDatabase
2025-10-02 15:02:34.349  8660-8660  Capacitor               com.confessr.app                     V  callback: 21126417, pluginId: CapacitorSQLite, methodName: isDatabase, methodData: {"database":"confessr_db"}
2025-10-02 15:02:34.350  8660-8660  Capacitor/Console       com.confessr.app                     I  File:  - Line 334 - Msg: undefined
2025-10-02 15:02:34.350  8660-8660  Capacitor/Console       com.confessr.app                     I  File: https://localhost/assets/index-9aE0KOxy.js - Line 741 - Msg: [push] FirebaseMessaging.getToken returned empty
2025-10-02 15:02:34.351  8660-8660  Capacitor/Console       com.confessr.app                     I  File: https://localhost/assets/index-9aE0KOxy.js - Line 361 - Msg: [supabase-pipeline] 09:32:34.348 🔑 getClient() called - hasClient=true isInitialized=true initPromiseActive=false
2025-10-02 15:02:34.351  8660-8660  Capacitor/...ionsPlugin com.confessr.app                     V  Notifying listeners for event registration
2025-10-02 15:02:34.352  8660-8660  Capacitor/...ionsPlugin com.confessr.app                     D  No listeners found for event registration
2025-10-02 15:02:34.376  8660-8660  Capacitor/Console       com.confessr.app                     I  File: https://localhost/assets/index-9aE0KOxy.js - Line 107 - Msg: Database exists check: true
2025-10-02 15:02:34.376  8660-8660  Capacitor/Console       com.confessr.app                     I  File: https://localhost/assets/index-9aE0KOxy.js - Line 107 - Msg: 🔓 Opening encrypted database with secret mode...
2025-10-02 15:02:34.380  8660-8660  Capacitor/Plugin        com.confessr.app                     V  To native (Capacitor plugin): callbackId: 21126418, pluginId: PushNotifications, methodName: addListener
2025-10-02 15:02:34.380  8660-8660  Capacitor               com.confessr.app                     V  callback: 21126418, pluginId: PushNotifications, methodName: addListener, methodData: {"eventName":"registration"}
2025-10-02 15:02:34.380  8660-11574 Capacitor/...ionsPlugin com.confessr.app                     V  Notifying listeners for event registration
2025-10-02 15:02:34.382  8660-8660  Capacitor/Plugin        com.confessr.app                     V  To native (Capacitor plugin): callbackId: 21126419, pluginId: PushNotifications, methodName: addListener
2025-10-02 15:02:34.382  8660-8660  Capacitor               com.confessr.app                     V  callback: 21126419, pluginId: PushNotifications, methodName: addListener, methodData: {"eventName":"registrationError"}
2025-10-02 15:02:34.384  8660-8660  Capacitor/Plugin        com.confessr.app                     V  To native (Capacitor plugin): callbackId: 21126420, pluginId: App, methodName: addListener
2025-10-02 15:02:34.384  8660-8660  Capacitor               com.confessr.app                     V  callback: 21126420, pluginId: App, methodName: addListener, methodData: {"eventName":"resume"}
2025-10-02 15:02:34.386  8660-8660  Capacitor/Plugin        com.confessr.app                     V  To native (Capacitor plugin): callbackId: 21126421, pluginId: App, methodName: addListener
2025-10-02 15:02:34.386  8660-8660  Capacitor               com.confessr.app                     V  callback: 21126421, pluginId: App, methodName: addListener, methodData: {"eventName":"appUrlOpen"}
2025-10-02 15:02:34.388  8660-8660  Capacitor/Console       com.confessr.app                     I  File: https://localhost/assets/index-9aE0KOxy.js - Line 741 - Msg: [push] token received(core): dFtsHt…
2025-10-02 15:02:34.389  8660-8660  Capacitor/Plugin        com.confessr.app                     V  To native (Capacitor plugin): callbackId: 21126422, pluginId: Network, methodName: addListener
2025-10-02 15:02:34.389  8660-8660  Capacitor               com.confessr.app                     V  callback: 21126422, pluginId: Network, methodName: addListener, methodData: {"eventName":"networkStatusChange"}
2025-10-02 15:02:34.390  8660-8660  Capacitor/Console       com.confessr.app                     I  File: https://localhost/assets/index-9aE0KOxy.js - Line 361 - Msg: [supabase-pipeline] 09:32:34.387 🗄️ Executing upsert device token...
2025-10-02 15:02:34.391  8660-8660  Capacitor/Console       com.confessr.app                     I  File: https://localhost/assets/index-9aE0KOxy.js - Line 361 - Msg: [supabase-pipeline] 09:32:34.388 🔑 getClient() called - hasClient=true isInitialized=true initPromiseActive=false
2025-10-02 15:02:34.397  8660-8660  Capacitor/Plugin        com.confessr.app                     V  To native (Capacitor plugin): callbackId: 21126423, pluginId: CapacitorSQLite, methodName: createConnection
2025-10-02 15:02:34.397  8660-8660  Capacitor               com.confessr.app                     V  callback: 21126423, pluginId: CapacitorSQLite, methodName: createConnection, methodData: {"database":"confessr_db","encrypted":true,"mode":"secret","version":1,"readonly":false}
2025-10-02 15:02:34.405  8660-11574 com.getcap...e.Database com.confessr.app                     V  &&& file path /data/user/0/com.confessr.app/databases/confessr_dbSQLite.db
2025-10-02 15:02:34.406  8660-8660  Capacitor/Console       com.confessr.app                     I  File: https://localhost/assets/index-9aE0KOxy.js - Line 361 - Msg: [supabase-pipeline] 09:32:34.402 [38;5;159m[fetch][0m POST https://sxykfyqrqwifkirveqgr.supabase.co/rest/v1/user_devices?on_conflict=token
2025-10-02 15:02:34.436  8660-8660  Capacitor/Console       com.confessr.app                     I  File:  - Line 334 - Msg: undefined
2025-10-02 15:02:34.468  8660-8660  Capacitor/Plugin        com.confessr.app                     V  To native (Capacitor plugin): callbackId: 21126424, pluginId: CapacitorSQLite, methodName: open
2025-10-02 15:02:34.468  8660-8660  Capacitor               com.confessr.app                     V  callback: 21126424, pluginId: CapacitorSQLite, methodName: open, methodData: {"database":"confessr_db","readonly":false}
2025-10-02 15:02:34.587  8660-8660  Capacitor/Console       com.confessr.app                     I  File: https://localhost/assets/index-9aE0KOxy.js - Line 390 - Msg: [outbox-unified] Trigger requested from: auth-token-refreshed (priority: high)
2025-10-02 15:02:34.588  8660-8660  Capacitor/Console       com.confessr.app                     I  File: https://localhost/assets/index-9aE0KOxy.js - Line 390 - Msg: [outbox-unified] Scheduling processing in 50ms for: auth-token-refreshed
2025-10-02 15:02:34.633  8660-8660  Capacitor/Console       com.confessr.app                     I  File: https://localhost/assets/index-9aE0KOxy.js - Line 361 - Msg: [supabase-pipeline] 09:32:34.628 📦 Starting outbox processing - session outbox-1759397554628
2025-10-02 15:02:34.859  8660-8660  Capacitor/Console       com.confessr.app                     I  File:  - Line 334 - Msg: undefined
2025-10-02 15:02:34.861  8660-8660  Capacitor/Console       com.confessr.app                     I  File: https://localhost/assets/index-9aE0KOxy.js - Line 107 - Msg: ✅ Encrypted database opened successfully
2025-10-02 15:02:34.884  8660-8660  Capacitor/Plugin        com.confessr.app                     V  To native (Capacitor plugin): callbackId: 21126425, pluginId: CapacitorSQLite, methodName: execute
2025-10-02 15:02:34.884  8660-8660  Capacitor               com.confessr.app                     V  callback: 21126425, pluginId: CapacitorSQLite, methodName: execute, methodData: {"database":"confessr_db","statements":"PRAGMA cipher_memory_security = ON;","transaction":true,"readonly":false,"isSQL92":true}
2025-10-02 15:02:34.947  8660-8660  Capacitor/Console       com.confessr.app                     I  File: https://localhost/assets/index-9aE0KOxy.js - Line 107 - Msg: ✅ Security pragma set
2025-10-02 15:02:34.947  8660-8660  Capacitor/Console       com.confessr.app                     I  File: https://localhost/assets/index-9aE0KOxy.js - Line 107 - Msg: 📊 Creating tables in encrypted database...
2025-10-02 15:02:34.986  8660-8660  Capacitor/Plugin        com.confessr.app                     V  To native (Capacitor plugin): callbackId: 21126426, pluginId: CapacitorSQLite, methodName: execute
2025-10-02 15:02:34.987  8660-8660  Capacitor               com.confessr.app                     V  callback: 21126426, pluginId: CapacitorSQLite, methodName: execute, methodData: {"database":"confessr_db","statements":"\n      CREATE TABLE IF NOT EXISTS messages (\n        id TEXT PRIMARY KEY,\n        group_id TEXT NOT NULL,\n        user_id TEXT NOT NULL,\n        content TEXT NOT NULL,\n        is_ghost INTEGER DEFAULT 0,\n        message_type TEXT DEFAULT 'text',\n        category TEXT,\n        parent_id TEXT,\n        image_url TEXT,\n        created_at INTEGER NOT NULL,\n        local_id INTEGER UNIQUE,\n        updated_at INTEGER,\n        deleted_at INTEGER\n      );\n\n      CREATE TABLE IF NOT EXISTS groups (\n        id TEXT PRIMARY KEY,\n        name TEXT NOT NULL,\n        description TEXT,\n        invite_code TEXT,\n        created_by TEXT NOT NULL,\n        created_at INTEGER NOT NULL,\n        last_sync_timestamp INTEGER DEFAULT 0,\n        avatar_url TEXT,\n        is_archived INTEGER DEFAULT 0\n      );\n\n      CREATE TABLE IF NOT EXISTS users (\n        id TEXT PRIMARY KEY,\n        display_name TEXT NOT NULL,\n        phone_number TEXT,\n        avatar_url TEXT,\n        is_onboarded INTEGER DEFAULT 0,\n        created_at INTEGER NOT NULL\n      );\n\n      CREATE TABLE IF NOT EXISTS outbox (\n        id INTEGER PRIMARY KEY AUTOINCREMENT,\n        group_id TEXT NOT NULL,\n        user_id TEXT NOT NULL,\n        content TEXT NOT NULL,\n        retry_count INTEGER DEFAULT 0,\n        next_retry_at INTEGER NOT NULL,\n        message_type TEXT DEFAULT 'text',\n        category TEXT,\n        parent_id TEXT,\n        image_url TEXT,\n        is_ghost INTEGER DEFAULT 0\n      );\n\n      CREATE TABLE IF NOT EXISTS sync_state (\n        key TEXT PRIMARY KEY,\n        value TEXT NOT NULL\n      );\n\n      \/* Polls table *\/\n      CREATE TABLE IF NOT EXISTS polls (\n        id TEXT PRIMARY KEY,\n        message_id TEXT NOT NULL,\n        question TEXT NOT NULL,\n        options TEXT NOT NULL, -- JSON string\n        created_at INTEGER NOT NULL,\n        closes_at INTEGER NOT NULL,\n        created_by TEXT NOT NULL,\n        FOREIGN KEY (message_id) REFERENCES messages(id)\n      );\n\n      \/* Poll votes table *\/\n      CREATE TABLE IF NOT EXISTS poll_votes (\n        poll_id TEXT NOT NULL,\n        user_id TEXT NOT NULL,\n        option_index INTEGER NOT NULL,\n        created_at INTEGER NOT NULL,\n        PRIMARY KEY (poll_id, user_id),\n        FOREIGN KEY (poll_id) REFERENCES polls(id)\n      );\n\n      \/* Reactions table *\/\n      CREATE TABLE IF NOT EXISTS reactions (\n        id TEXT PRIMARY KEY,\n        message_id TEXT NOT NULL,\n        user_id TEXT NOT NULL,\n        emoji TEXT NOT NULL,\n        created_at INTEGER NOT NULL,\n        FOREIGN KEY (message_id) REFERENCES messages(id)\n      );\n\n      \/* Group members table *\/\n      CREATE TABLE IF NOT EXISTS group_members (\n        group_id TEXT NOT NULL,\n        user_id TEXT NOT NULL,\n        role TEXT DEFAULT 'participant',\n        joined_at INTEGER NOT NULL,\n        last_read_at INTEGER DEFAULT 0,\n        last_read_message_id TEXT,\n        PRIMARY KEY (group_id, user_id),\n        FOREIGN KEY (group_id) REFERENCES groups(id),\n        FOREIGN KEY (user_id) REFERENCES users(id)\n      );\n\n      \/* User pseudonyms for ghost messages *\/\n      CREATE TABLE IF NOT EXISTS user_pseudonyms (\n        group_id TEXT NOT NULL,\n        user_id TEXT NOT NULL,\n        pseudonym TEXT NOT NULL,\n        created_at INTEGER NOT NULL,\n        PRIMARY KEY (group_id, user_id)\n      );\n\n      \/* Confessions table for confession messages *\/\n      CREATE TABLE IF NOT EXISTS confessions (\n        id TEXT PRIMARY KEY,\n        message_id TEXT NOT NULL,\n        confession_type TEXT NOT NULL,\n        is_anonymous INTEGER DEFAULT 1,\n        FOREIGN KEY (message_id) REFERENCES messages(id)\n      );\n\n      \/* indexes *\/\n      CREATE INDEX IF NOT EXISTS idx_msg_group_date_asc\n        ON messages(group_id, created_at ASC);\n      CREATE INDEX IF NOT EXISTS idx_msg_group_date_desc\n        ON
2025-10-02 15:02:35.067  8660-8660  Capacitor/Plugin        com.confessr.app                     V  To native (Capacitor plugin): callbackId: 21126427, pluginId: CapacitorSQLite, methodName: query
2025-10-02 15:02:35.068  8660-8660  Capacitor               com.confessr.app                     V  callback: 21126427, pluginId: CapacitorSQLite, methodName: query, methodData: {"database":"confessr_db","statement":"PRAGMA table_info(messages);","values":[],"readonly":false,"isSQL92":true}
2025-10-02 15:02:35.125  8660-8660  Capacitor/Console       com.confessr.app                     I  File: https://localhost/assets/index-9aE0KOxy.js - Line 361 - Msg: [supabase-pipeline] 09:32:35.101 🗄️ upsert device token success
2025-10-02 15:02:35.125  8660-8660  Capacitor/Console       com.confessr.app                     I  File: https://localhost/assets/index-9aE0KOxy.js - Line 741 - Msg: [push] 2025-10-02T09:32:35.102Z token:registered android dFtsHt…
2025-10-02 15:02:35.163  8660-8660  Capacitor/Plugin        com.confessr.app                     V  To native (Capacitor plugin): callbackId: 21126428, pluginId: CapacitorSQLite, methodName: query
2025-10-02 15:02:35.164  8660-8660  Capacitor               com.confessr.app                     V  callback: 21126428, pluginId: CapacitorSQLite, methodName: query, methodData: {"database":"confessr_db","statement":"PRAGMA table_info(messages);","values":[],"readonly":false,"isSQL92":true}
2025-10-02 15:02:35.207  8660-8660  Capacitor/Plugin        com.confessr.app                     V  To native (Capacitor plugin): callbackId: 21126429, pluginId: CapacitorSQLite, methodName: query
2025-10-02 15:02:35.207  8660-8660  Capacitor               com.confessr.app                     V  callback: 21126429, pluginId: CapacitorSQLite, methodName: query, methodData: {"database":"confessr_db","statement":"PRAGMA table_info(groups);","values":[],"readonly":false,"isSQL92":true}
2025-10-02 15:02:35.247  8660-8660  Capacitor/Plugin        com.confessr.app                     V  To native (Capacitor plugin): callbackId: 21126430, pluginId: CapacitorSQLite, methodName: query
2025-10-02 15:02:35.247  8660-8660  Capacitor               com.confessr.app                     V  callback: 21126430, pluginId: CapacitorSQLite, methodName: query, methodData: {"database":"confessr_db","statement":"PRAGMA table_info(groups);","values":[],"readonly":false,"isSQL92":true}
2025-10-02 15:02:35.310  8660-8660  Capacitor/Plugin        com.confessr.app                     V  To native (Capacitor plugin): callbackId: 21126431, pluginId: CapacitorSQLite, methodName: query
2025-10-02 15:02:35.310  8660-8660  Capacitor               com.confessr.app                     V  callback: 21126431, pluginId: CapacitorSQLite, methodName: query, methodData: {"database":"confessr_db","statement":"PRAGMA table_info(groups);","values":[],"readonly":false,"isSQL92":true}
2025-10-02 15:02:35.378  8660-8660  Capacitor/Plugin        com.confessr.app                     V  To native (Capacitor plugin): callbackId: 21126432, pluginId: CapacitorSQLite, methodName: query
2025-10-02 15:02:35.378  8660-8660  Capacitor               com.confessr.app                     V  callback: 21126432, pluginId: CapacitorSQLite, methodName: query, methodData: {"database":"confessr_db","statement":"PRAGMA table_info(groups);","values":[],"readonly":false,"isSQL92":true}
2025-10-02 15:02:35.450  8660-8660  Capacitor/Plugin        com.confessr.app                     V  To native (Capacitor plugin): callbackId: 21126433, pluginId: CapacitorSQLite, methodName: query
2025-10-02 15:02:35.451  8660-8660  Capacitor               com.confessr.app                     V  callback: 21126433, pluginId: CapacitorSQLite, methodName: query, methodData: {"database":"confessr_db","statement":"PRAGMA table_info(groups);","values":[],"readonly":false,"isSQL92":true}
2025-10-02 15:02:35.503  8660-8660  Capacitor/Plugin        com.confessr.app                     V  To native (Capacitor plugin): callbackId: 21126434, pluginId: CapacitorSQLite, methodName: query
2025-10-02 15:02:35.503  8660-8660  Capacitor               com.confessr.app                     V  callback: 21126434, pluginId: CapacitorSQLite, methodName: query, methodData: {"database":"confessr_db","statement":"PRAGMA table_info(groups);","values":[],"readonly":false,"isSQL92":true}
2025-10-02 15:02:35.573  8660-8660  Capacitor/Plugin        com.confessr.app                     V  To native (Capacitor plugin): callbackId: 21126435, pluginId: CapacitorSQLite, methodName: query
2025-10-02 15:02:35.574  8660-8660  Capacitor               com.confessr.app                     V  callback: 21126435, pluginId: CapacitorSQLite, methodName: query, methodData: {"database":"confessr_db","statement":"PRAGMA table_info(groups);","values":[],"readonly":false,"isSQL92":true}
2025-10-02 15:02:35.635  8660-8660  Capacitor/Plugin        com.confessr.app                     V  To native (Capacitor plugin): callbackId: 21126436, pluginId: CapacitorSQLite, methodName: query
2025-10-02 15:02:35.635  8660-8660  Capacitor               com.confessr.app                     V  callback: 21126436, pluginId: CapacitorSQLite, methodName: query, methodData: {"database":"confessr_db","statement":"PRAGMA table_info(users);","values":[],"readonly":false,"isSQL92":true}
2025-10-02 15:02:35.699  8660-8660  Capacitor/Plugin        com.confessr.app                     V  To native (Capacitor plugin): callbackId: 21126437, pluginId: CapacitorSQLite, methodName: query
2025-10-02 15:02:35.699  8660-8660  Capacitor               com.confessr.app                     V  callback: 21126437, pluginId: CapacitorSQLite, methodName: query, methodData: {"database":"confessr_db","statement":"PRAGMA table_info(users);","values":[],"readonly":false,"isSQL92":true}
2025-10-02 15:02:35.765  8660-8660  Capacitor/Plugin        com.confessr.app                     V  To native (Capacitor plugin): callbackId: 21126438, pluginId: CapacitorSQLite, methodName: query
2025-10-02 15:02:35.766  8660-8660  Capacitor               com.confessr.app                     V  callback: 21126438, pluginId: CapacitorSQLite, methodName: query, methodData: {"database":"confessr_db","statement":"PRAGMA table_info(users);","values":[],"readonly":false,"isSQL92":true}
2025-10-02 15:02:35.832  8660-8660  Capacitor/Plugin        com.confessr.app                     V  To native (Capacitor plugin): callbackId: 21126439, pluginId: CapacitorSQLite, methodName: query
2025-10-02 15:02:35.832  8660-8660  Capacitor               com.confessr.app                     V  callback: 21126439, pluginId: CapacitorSQLite, methodName: query, methodData: {"database":"confessr_db","statement":"PRAGMA table_info(group_members);","values":[],"readonly":false,"isSQL92":true}
2025-10-02 15:02:35.875  8660-8660  Capacitor/Plugin        com.confessr.app                     V  To native (Capacitor plugin): callbackId: 21126440, pluginId: CapacitorSQLite, methodName: query
2025-10-02 15:02:35.875  8660-8660  Capacitor               com.confessr.app                     V  callback: 21126440, pluginId: CapacitorSQLite, methodName: query, methodData: {"database":"confessr_db","statement":"PRAGMA table_info(group_members);","values":[],"readonly":false,"isSQL92":true}
2025-10-02 15:02:35.898  8660-8660  Capacitor/Console       com.confessr.app                     I  File: https://localhost/assets/index-9aE0KOxy.js - Line 254 - Msg: ✅ Database migration completed
2025-10-02 15:02:35.898  8660-8660  Capacitor/Console       com.confessr.app                     I  File: https://localhost/assets/index-9aE0KOxy.js - Line 107 - Msg: ✅ Tables created in encrypted database
2025-10-02 15:02:35.899  8660-8660  Capacitor/Console       com.confessr.app                     I  File: https://localhost/assets/index-9aE0KOxy.js - Line 107 - Msg: ✅ Encrypted SQLite ready
2025-10-02 15:02:35.918  8660-8660  Capacitor/Console       com.confessr.app                     I  File: https://localhost/assets/index-9aE0KOxy.js - Line 254 - Msg: 🧪 Testing local storage...
2025-10-02 15:02:35.949  8660-8660  Capacitor/Plugin        com.confessr.app                     V  To native (Capacitor plugin): callbackId: 21126441, pluginId: CapacitorSQLite, methodName: run
2025-10-02 15:02:35.949  8660-8660  Capacitor               com.confessr.app                     V  callback: 21126441, pluginId: CapacitorSQLite, methodName: run, methodData: {"database":"confessr_db","statement":"\n        INSERT OR REPLACE INTO users (id, display_name, phone_number, avatar_url, is_onboarded, created_at)\n        VALUES (?, ?, ?, ?, ?, ?)\n      ","values":["test-user-id","Test User","+1234567890",null,1,1759397555903],"transaction":true,"readonly":false,"returnMode":"no","isSQL92":true}
2025-10-02 15:02:36.045  8660-8660  Capacitor/Console       com.confessr.app                     I  File: https://localhost/assets/index-9aE0KOxy.js - Line 257 - Msg: ✅ Test user saved
2025-10-02 15:02:36.046  8660-8660  Capacitor/Console       com.confessr.app                     I  File: https://localhost/assets/index-9aE0KOxy.js - Line 361 - Msg: [supabase-pipeline] 09:32:36.036 📦 Outbox pre-check: sqliteReady after 1407ms
2025-10-02 15:02:36.068  8660-8660  Capacitor/Plugin        com.confessr.app                     V  To native (Capacitor plugin): callbackId: 21126442, pluginId: CapacitorSQLite, methodName: query
2025-10-02 15:02:36.068  8660-8660  Capacitor               com.confessr.app                     V  callback: 21126442, pluginId: CapacitorSQLite, methodName: query, methodData: {"database":"confessr_db","statement":"SELECT * FROM users WHERE id = ?","values":["test-user-id"],"readonly":false,"isSQL92":true}
2025-10-02 15:02:36.069  8660-8660  Capacitor/Plugin        com.confessr.app                     V  To native (Capacitor plugin): callbackId: 21126443, pluginId: CapacitorSQLite, methodName: query
2025-10-02 15:02:36.069  8660-8660  Capacitor               com.confessr.app                     V  callback: 21126443, pluginId: CapacitorSQLite, methodName: query, methodData: {"database":"confessr_db","statement":"\n      SELECT * FROM outbox \n      WHERE next_retry_at <= ? \n      ORDER BY next_retry_at ASC\n    ","values":[1759397556036],"readonly":false,"isSQL92":true}
2025-10-02 15:02:36.108  8660-8660  Capacitor/Console       com.confessr.app                     I  File: https://localhost/assets/index-9aE0KOxy.js - Line 257 - Msg: 📋 Retrieved user: [object Object]
2025-10-02 15:02:36.108  8660-8660  Capacitor/Console       com.confessr.app                     I  File: https://localhost/assets/index-9aE0KOxy.js - Line 257 - Msg: ✅ Local storage test passed! Data was successfully saved and retrieved.
2025-10-02 15:02:36.109  8660-8660  Capacitor/Console       com.confessr.app                     I  File: https://localhost/assets/index-9aE0KOxy.js - Line 361 - Msg: [supabase-pipeline] 09:32:36.092 📦 No outbox messages to process; idle
2025-10-02 15:02:36.132  8660-8660  Capacitor/Plugin        com.confessr.app                     V  To native (Capacitor plugin): callbackId: 21126444, pluginId: CapacitorSQLite, methodName: run
