---------------------------- PROCESS ENDED (13017) for package com.confessr.app ----------------------------
---------------------------- PROCESS STARTED (29708) for package com.confessr.app ----------------------------
2025-10-02 16:55:24.411 29708-29708 Capacitor               com.confessr.app                     D  Starting BridgeActivity
2025-10-02 16:55:24.432 29708-29708 Capacitor               com.confessr.app                     D  Registering plugin instance: CapacitorCookies
2025-10-02 16:55:24.435 29708-29708 Capacitor               com.confessr.app                     D  Registering plugin instance: WebView
2025-10-02 16:55:24.436 29708-29708 Capacitor               com.confessr.app                     D  Registering plugin instance: CapacitorHttp
2025-10-02 16:55:24.438 29708-29708 Capacitor               com.confessr.app                     D  Registering plugin instance: CapacitorSQLite
2025-10-02 16:55:24.614 29708-29708 Capacitor               com.confessr.app                     D  Registering plugin instance: FirebaseMessaging
2025-10-02 16:55:24.615 29708-29708 Capacitor               com.confessr.app                     D  Registering plugin instance: App
2025-10-02 16:55:24.617 29708-29708 Capacitor               com.confessr.app                     D  Registering plugin instance: Haptics
2025-10-02 16:55:24.620 29708-29708 Capacitor               com.confessr.app                     D  Registering plugin instance: Keyboard
2025-10-02 16:55:24.621 29708-29708 Capacitor               com.confessr.app                     D  Registering plugin instance: Network
2025-10-02 16:55:24.627 29708-29708 Capacitor               com.confessr.app                     D  Registering plugin instance: Preferences
2025-10-02 16:55:24.629 29708-29708 Capacitor               com.confessr.app                     D  Registering plugin instance: PushNotifications
2025-10-02 16:55:24.657 29708-29708 Capacitor               com.confessr.app                     W  Unable to read file at path public/plugins
2025-10-02 16:55:24.662 29708-29708 Capacitor               com.confessr.app                     D  Loading app at https://localhost
2025-10-02 16:55:24.709 29708-8600  Capacitor               com.confessr.app                     D  Handling local request: https://localhost/
2025-10-02 16:55:24.715 29708-29708 Capacitor               com.confessr.app                     D  App started
2025-10-02 16:55:24.717 29708-29708 Capacitor/AppPlugin     com.confessr.app                     D  Firing change: true
2025-10-02 16:55:24.718 29708-29708 Capacitor/AppPlugin     com.confessr.app                     V  Notifying listeners for event appStateChange
2025-10-02 16:55:24.718 29708-29708 Capacitor/AppPlugin     com.confessr.app                     D  No listeners found for event appStateChange
2025-10-02 16:55:24.724 29708-29708 Capacitor               com.confessr.app                     D  App resumed
2025-10-02 16:55:24.862 29708-8832  Capacitor/NetworkPlugin com.confessr.app                     V  Notifying listeners for event networkStatusChange
2025-10-02 16:55:24.862 29708-8832  Capacitor/NetworkPlugin com.confessr.app                     D  No listeners found for event networkStatusChange
2025-10-02 16:55:25.141 29708-8598  Capacitor               com.confessr.app                     D  Handling local request: https://localhost/assets/index-D3gbBkmX.js
2025-10-02 16:55:25.142 29708-8600  Capacitor               com.confessr.app                     D  Handling local request: https://localhost/assets/index-BHPGbWI5.css
2025-10-02 16:55:25.648 29708-29708 Capacitor/Console       com.confessr.app                     I  File: https://localhost/assets/index-D3gbBkmX.js - Line 361 - Msg: [supabase-pipeline] 11:25:25.640 🚀 Pipeline initialized
2025-10-02 16:55:25.648 29708-29708 Capacitor/Console       com.confessr.app                     I  File: https://localhost/assets/index-D3gbBkmX.js - Line 361 - Msg: [supabase-pipeline] 11:25:25.644 🧪 Debug tag: v2025-09-24.stage-markers.v2
2025-10-02 16:55:25.648 29708-29708 Capacitor/Console       com.confessr.app                     I  File: https://localhost/assets/index-D3gbBkmX.js - Line 361 - Msg: [supabase-pipeline] 11:25:25.644 🧪 Marker pack installed: entered-send, pre-network, POST markers, 5s timeout→outbox, watchdog job creation
2025-10-02 16:55:25.649 29708-29708 Capacitor/Console       com.confessr.app                     I  File: https://localhost/assets/index-D3gbBkmX.js - Line 361 - Msg: [supabase-pipeline] 11:25:25.644 🔄 initialize() called - force=false isInitialized=false hasClient=false initPromiseActive=false
2025-10-02 16:55:25.649 29708-29708 Capacitor/Console       com.confessr.app                     I  File: https://localhost/assets/index-D3gbBkmX.js - Line 361 - Msg: [supabase-pipeline] 11:25:25.644 🔄 Initializing Supabase client...
2025-10-02 16:55:25.649 29708-29708 Capacitor/Console       com.confessr.app                     I  File: https://localhost/assets/index-D3gbBkmX.js - Line 361 - Msg: [supabase-pipeline] 11:25:25.644 🔄 Supabase env present? url=true anonKey=true
2025-10-02 16:55:25.686 29708-29708 Capacitor/Console       com.confessr.app                     I  File: https://localhost/assets/index-D3gbBkmX.js - Line 361 - Msg: [supabase-pipeline] 11:25:25.683 🔄 Supabase client created ONCE (persistSession=true, autoRefreshToken=true)
2025-10-02 16:55:25.692 29708-29708 Capacitor/Console       com.confessr.app                     I  File: https://localhost/assets/index-D3gbBkmX.js - Line 361 - Msg: 💧 Rehydrating auth state...
2025-10-02 16:55:25.692 29708-29708 Capacitor/Console       com.confessr.app                     I  File: https://localhost/assets/index-D3gbBkmX.js - Line 361 - Msg: 💧 Auth state rehydrated with user: 839d1d4a-e72b-47bb-b74e-ef28a15f43ee
2025-10-02 16:55:25.692 29708-29708 Capacitor/Console       com.confessr.app                     I  File: https://localhost/assets/index-D3gbBkmX.js - Line 364 - Msg: 📦 MessageCache: Initialized with 15min expiry, max 10 chats
2025-10-02 16:55:25.692 29708-29708 Capacitor/Console       com.confessr.app                     I  File: https://localhost/assets/index-D3gbBkmX.js - Line 394 - Msg: [webview-lifecycle] 11:25:25 🌐 WebView Lifecycle Manager initialized
2025-10-02 16:55:25.695 29708-29708 Capacitor/Console       com.confessr.app                     I  File: https://localhost/assets/index-D3gbBkmX.js - Line 394 - Msg: [general] 11:25:25 ℹ️ Mobile Logger initialized - Session: 1759404325693-0phc6ofky, Platform: android
2025-10-02 16:55:25.699 29708-29708 Capacitor/Console       com.confessr.app                     I  File: https://localhost/assets/index-D3gbBkmX.js - Line 394 - Msg: [realtime-v2] Initializing auth state listener for chat store
2025-10-02 16:55:25.699 29708-29708 Capacitor/Console       com.confessr.app                     I  File: https://localhost/assets/index-D3gbBkmX.js - Line 394 - Msg: [realtime-v2] Setting up auth state listener for realtime
2025-10-02 16:55:25.703 29708-29708 Capacitor/Console       com.confessr.app                     I  File: https://localhost/assets/index-D3gbBkmX.js - Line 361 - Msg: [supabase-pipeline] 11:25:25.700 🔑 getClient() called - hasClient=true isInitialized=false initPromiseActive=true
2025-10-02 16:55:25.703 29708-29708 Capacitor/Console       com.confessr.app                     I  File: https://localhost/assets/index-D3gbBkmX.js - Line 361 - Msg: [supabase-pipeline] 11:25:25.700 🔑 getClient() -> calling initialize()
2025-10-02 16:55:25.703 29708-29708 Capacitor/Console       com.confessr.app                     I  File: https://localhost/assets/index-D3gbBkmX.js - Line 361 - Msg: [supabase-pipeline] 11:25:25.700 🔄 initialize() called - force=false isInitialized=false hasClient=true initPromiseActive=true
2025-10-02 16:55:25.704 29708-29708 Capacitor/Console       com.confessr.app                     I  File: https://localhost/assets/index-D3gbBkmX.js - Line 361 - Msg: [supabase-pipeline] 11:25:25.700 🔄 initialize() waiting for existing initializePromise
2025-10-02 16:55:25.708 29708-29708 Capacitor/Console       com.confessr.app                     I  File: https://localhost/assets/index-D3gbBkmX.js - Line 395 - Msg: [device-lock] 11:25:25 🔒 Device Lock Detection Manager initialized
2025-10-02 16:55:25.711 29708-29708 Capacitor/Console       com.confessr.app                     I  File: https://localhost/assets/index-D3gbBkmX.js - Line 395 - Msg: [whatsapp-connection] 11:25:25 📱 WhatsApp-Style Connection Manager initialized
2025-10-02 16:55:25.785 29708-29708 Capacitor/Console       com.confessr.app                     I  File: https://localhost/assets/index-D3gbBkmX.js - Line 741 - Msg: [main] 🚀 IIFE starting - about to initialize push notifications
2025-10-02 16:55:25.786 29708-29708 Capacitor/Console       com.confessr.app                     I  File: https://localhost/assets/index-D3gbBkmX.js - Line 741 - Msg: [main] 🔥 Inside async IIFE - before try block
2025-10-02 16:55:25.786 29708-29708 Capacitor/Console       com.confessr.app                     I  File: https://localhost/assets/index-D3gbBkmX.js - Line 741 - Msg: [main] 📱 Initializing push notifications...
2025-10-02 16:55:25.787 29708-29708 Capacitor/Console       com.confessr.app                     I  File: https://localhost/assets/index-D3gbBkmX.js - Line 741 - Msg: [push] 🚀 initPush() called
2025-10-02 16:55:25.787 29708-29708 Capacitor/Console       com.confessr.app                     I  File: https://localhost/assets/index-D3gbBkmX.js - Line 741 - Msg: [push] ✅ Starting push initialization...
2025-10-02 16:55:25.788 29708-29708 Capacitor/Console       com.confessr.app                     I  File: https://localhost/assets/index-D3gbBkmX.js - Line 741 - Msg: [push] 📦 Importing @capacitor-firebase/messaging...
2025-10-02 16:55:25.798 29708-29708 Capacitor/Console       com.confessr.app                     I  File: https://localhost/assets/index-D3gbBkmX.js - Line 361 - Msg: [supabase-pipeline] 11:25:25.792 ✅ Supabase client initialized successfully (PERMANENT INSTANCE)
2025-10-02 16:55:25.801 29708-29708 Capacitor/Plugin        com.confessr.app                     V  To native (Capacitor plugin): callbackId: 118123850, pluginId: App, methodName: addListener
2025-10-02 16:55:25.801 29708-29708 Capacitor               com.confessr.app                     V  callback: 118123850, pluginId: App, methodName: addListener, methodData: {"eventName":"appStateChange"}
2025-10-02 16:55:25.802 29708-29708 Capacitor/Plugin        com.confessr.app                     V  To native (Capacitor plugin): callbackId: 118123851, pluginId: App, methodName: addListener
2025-10-02 16:55:25.802 29708-29708 Capacitor               com.confessr.app                     V  callback: 118123851, pluginId: App, methodName: addListener, methodData: {"eventName":"resume"}
2025-10-02 16:55:25.817 29708-8600  Capacitor               com.confessr.app                     D  Handling local request: https://localhost/assets/capacitor-firebase-messaging-HNnXeiEZ.js
2025-10-02 16:55:25.880 29708-29708 Capacitor/Console       com.confessr.app                     I  File: https://localhost/assets/index-D3gbBkmX.js - Line 394 - Msg: [webview-lifecycle] 11:25:25 ✅ WebView context fully restored and ready
2025-10-02 16:55:25.887 29708-29708 Capacitor/Console       com.confessr.app                     I  File: https://localhost/assets/index-D3gbBkmX.js - Line 741 - Msg: 🚀 App mounted, setting up auth...
2025-10-02 16:55:25.887 29708-29708 Capacitor/Console       com.confessr.app                     I  File: https://localhost/assets/index-D3gbBkmX.js - Line 741 - Msg: 📱 Native platform detected, initializing SQLite...
2025-10-02 16:55:25.887 29708-29708 Capacitor/Console       com.confessr.app                     I  File: https://localhost/assets/index-D3gbBkmX.js - Line 107 - Msg: 🗄️ Initializing SQLite database...
2025-10-02 16:55:25.888 29708-29708 Capacitor/Console       com.confessr.app                     I  File: https://localhost/assets/index-D3gbBkmX.js - Line 741 - Msg: 🎨 App render state: [object Object]
2025-10-02 16:55:25.890 29708-29708 Capacitor/Plugin        com.confessr.app                     V  To native (Capacitor plugin): callbackId: 118123852, pluginId: App, methodName: addListener
2025-10-02 16:55:25.890 29708-29708 Capacitor               com.confessr.app                     V  callback: 118123852, pluginId: App, methodName: addListener, methodData: {"eventName":"backButton"}
2025-10-02 16:55:25.890 29708-29708 Capacitor/Plugin        com.confessr.app                     V  To native (Capacitor plugin): callbackId: 118123853, pluginId: App, methodName: addListener
2025-10-02 16:55:25.891 29708-29708 Capacitor               com.confessr.app                     V  callback: 118123853, pluginId: App, methodName: addListener, methodData: {"eventName":"appStateChange"}
2025-10-02 16:55:25.897 29708-8598  Capacitor               com.confessr.app                     D  Handling local request: https://localhost/favicon.ico
2025-10-02 16:55:25.932 29708-29708 Capacitor/Console       com.confessr.app                     I  File: https://localhost/assets/index-D3gbBkmX.js - Line 361 - Msg: [supabase-pipeline] 11:25:25.893 🔑 Token cached: user=839d1d4a hasAccess=true hasRefresh=true
2025-10-02 16:55:25.932 29708-29708 Capacitor/Console       com.confessr.app                     I  File: https://localhost/assets/index-D3gbBkmX.js - Line 394 - Msg: [realtime-v2] Auth event: SIGNED_IN
2025-10-02 16:55:25.932 29708-29708 Capacitor/Console       com.confessr.app                     I  File: https://localhost/assets/index-D3gbBkmX.js - Line 394 - Msg: [realtime-v2] Token applied; channel healthy, no reconnect
2025-10-02 16:55:25.933 29708-29708 Capacitor/Console       com.confessr.app                     I  File: https://localhost/assets/index-D3gbBkmX.js - Line 390 - Msg: [outbox-unified] Resetting outbox processing state
2025-10-02 16:55:25.989 29708-8598  Capacitor               com.confessr.app                     D  Handling local request: https://localhost/favicon.ico
2025-10-02 16:55:26.008 29708-8598  Capacitor               com.confessr.app                     D  Handling local request: https://localhost/assets/index-CbhZAE53.js
2025-10-02 16:55:26.508 29708-29708 Capacitor/Console       com.confessr.app                     I  File: https://localhost/assets/index-D3gbBkmX.js - Line 741 - Msg: [push] ✅ FirebaseMessaging imported successfully
2025-10-02 16:55:26.508 29708-29708 Capacitor/Console       com.confessr.app                     I  File: https://localhost/assets/index-D3gbBkmX.js - Line 741 - Msg: [push] permission before(FirebaseMessaging): unknown
2025-10-02 16:55:26.508 29708-29708 Capacitor/Console       com.confessr.app                     I  File: https://localhost/assets/index-D3gbBkmX.js - Line 741 - Msg: [push] permission after(FirebaseMessaging): denied
2025-10-02 16:55:26.509 29708-29708 Capacitor/Console       com.confessr.app                     I  File: https://localhost/assets/index-D3gbBkmX.js - Line 390 - Msg: [outbox-unified] Trigger requested from: auth-token-refreshed (priority: high)
2025-10-02 16:55:26.509 29708-29708 Capacitor/Console       com.confessr.app                     I  File: https://localhost/assets/index-D3gbBkmX.js - Line 390 - Msg: [outbox-unified] Scheduling processing in 50ms for: auth-token-refreshed
2025-10-02 16:55:26.509 29708-29708 Capacitor/Console       com.confessr.app                     I  File: https://localhost/assets/index-D3gbBkmX.js - Line 361 - Msg: [supabase-pipeline] 11:25:26.446 📦 Starting outbox processing - session outbox-1759404326446
2025-10-02 16:55:26.510 29708-29708 Capacitor/Plugin        com.confessr.app                     V  To native (Capacitor plugin): callbackId: 118123854, pluginId: Preferences, methodName: get
2025-10-02 16:55:26.510 29708-29708 Capacitor               com.confessr.app                     V  callback: 118123854, pluginId: Preferences, methodName: get, methodData: {"key":"sqlite_encryption_key"}
2025-10-02 16:55:26.672 29708-29708 Capacitor/Console       com.confessr.app                     I  File: https://localhost/assets/index-D3gbBkmX.js - Line 361 - Msg: [supabase-pipeline] 11:25:26.510 🔑 Token cached: user=839d1d4a hasAccess=true hasRefresh=true
2025-10-02 16:55:26.784 29708-29708 Capacitor/Console       com.confessr.app                     I  File: https://localhost/assets/index-D3gbBkmX.js - Line 394 - Msg: [realtime-v2] Auth event: INITIAL_SESSION
2025-10-02 16:55:26.784 29708-29708 Capacitor/Console       com.confessr.app                     I  File: https://localhost/assets/index-D3gbBkmX.js - Line 394 - Msg: [realtime-v2] Token applied; channel healthy, no reconnect
2025-10-02 16:55:26.784 29708-29708 Capacitor/Console       com.confessr.app                     I  File: https://localhost/assets/index-D3gbBkmX.js - Line 390 - Msg: [outbox-unified] Resetting outbox processing state
2025-10-02 16:55:26.785 29708-29708 Capacitor/Plugin        com.confessr.app                     V  To native (Capacitor plugin): callbackId: 118123855, pluginId: PushNotifications, methodName: checkPermissions
2025-10-02 16:55:26.785 29708-29708 Capacitor               com.confessr.app                     V  callback: 118123855, pluginId: PushNotifications, methodName: checkPermissions, methodData: {}
2025-10-02 16:55:26.852 29708-29708 Capacitor/Plugin        com.confessr.app                     V  To native (Capacitor plugin): callbackId: 118123856, pluginId: CapacitorSQLite, methodName: setEncryptionSecret
2025-10-02 16:55:26.852 29708-29708 Capacitor               com.confessr.app                     V  callback: 118123856, pluginId: CapacitorSQLite, methodName: setEncryptionSecret, methodData: {"passphrase":"66f3d49e8e514204b885794206a8fec2"}
2025-10-02 16:55:26.864 29708-8684  com.getcap...RetHandler com.confessr.app                     V  *** ERROR SetEncryptionSecret: a passphrase has already been set 
2025-10-02 16:55:26.865 29708-8684  Capacitor               com.confessr.app                     D  Sending plugin error: {"save":false,"callbackId":"118123856","pluginId":"CapacitorSQLite","methodName":"setEncryptionSecret","success":false,"error":{"message":"SetEncryptionSecret: a passphrase has already been set "}}
2025-10-02 16:55:26.930 29708-29708 Capacitor/Console       com.confessr.app                     I  File: https://localhost/assets/index-D3gbBkmX.js - Line 741 - Msg: [push] permission before(PushNotifications): granted
2025-10-02 16:55:26.986 29708-29708 Capacitor/Console       com.confessr.app                     I  File: https://localhost/assets/index-D3gbBkmX.js - Line 107 - Msg: 🔑 SQLite encryption key was already set
2025-10-02 16:55:26.987 29708-29708 Capacitor/Plugin        com.confessr.app                     V  To native (Capacitor plugin): callbackId: 118123857, pluginId: PushNotifications, methodName: register
2025-10-02 16:55:26.987 29708-29708 Capacitor               com.confessr.app                     V  callback: 118123857, pluginId: PushNotifications, methodName: register, methodData: {}
2025-10-02 16:55:27.034 29708-29708 Capacitor/Plugin        com.confessr.app                     V  To native (Capacitor plugin): callbackId: 118123858, pluginId: CapacitorSQLite, methodName: isDatabase
2025-10-02 16:55:27.034 29708-29708 Capacitor               com.confessr.app                     V  callback: 118123858, pluginId: CapacitorSQLite, methodName: isDatabase, methodData: {"database":"confessr_db"}
2025-10-02 16:55:27.034 29708-29708 Capacitor/...ionsPlugin com.confessr.app                     V  Notifying listeners for event registration
2025-10-02 16:55:27.034 29708-29708 Capacitor/...ionsPlugin com.confessr.app                     D  No listeners found for event registration
2025-10-02 16:55:27.059 29708-29708 Capacitor/Console       com.confessr.app                     I  File:  - Line 334 - Msg: undefined
2025-10-02 16:55:27.060 29708-29708 Capacitor/Console       com.confessr.app                     I  File: https://localhost/assets/index-D3gbBkmX.js - Line 741 - Msg: [push] 🎯 Registering PushNotifications.pushNotificationReceived listener (PRIMARY)
2025-10-02 16:55:27.060 29708-29708 Capacitor/Console       com.confessr.app                     I  File: https://localhost/assets/index-D3gbBkmX.js - Line 741 - Msg: [push] ✅ PushNotifications.pushNotificationReceived listener registered successfully
2025-10-02 16:55:27.061 29708-29708 Capacitor/Console       com.confessr.app                     I  File: https://localhost/assets/index-D3gbBkmX.js - Line 741 - Msg: [push] FirebaseMessaging.getToken returned empty
2025-10-02 16:55:27.061 29708-29708 Capacitor/Console       com.confessr.app                     I  File: https://localhost/assets/index-D3gbBkmX.js - Line 741 - Msg: [push] 📝 Registering FirebaseMessaging.tokenReceived listener
2025-10-02 16:55:27.061 29708-29708 Capacitor/Console       com.confessr.app                     I  File: https://localhost/assets/index-D3gbBkmX.js - Line 741 - Msg: [push] 📝 Registering FirebaseMessaging.notificationReceived listener (FALLBACK)
2025-10-02 16:55:27.061 29708-29708 Capacitor/Console       com.confessr.app                     I  File: https://localhost/assets/index-D3gbBkmX.js - Line 741 - Msg: [push] ✅ FirebaseMessaging.notificationReceived listener registered (may not fire on Android)
2025-10-02 16:55:27.061 29708-29708 Capacitor/Console       com.confessr.app                     I  File: https://localhost/assets/index-D3gbBkmX.js - Line 361 - Msg: [supabase-pipeline] 11:25:27.056 🔑 getClient() called - hasClient=true isInitialized=true initPromiseActive=false
2025-10-02 16:55:27.062 29708-29708 Capacitor/Console       com.confessr.app                     I  File: https://localhost/assets/index-D3gbBkmX.js - Line 741 - Msg: [push] ✅ Push initialization completed successfully
2025-10-02 16:55:27.063 29708-29708 Capacitor/Console       com.confessr.app                     I  File: https://localhost/assets/index-D3gbBkmX.js - Line 741 - Msg: [main] ✅ Push notifications initialized
2025-10-02 16:55:27.063 29708-29708 Capacitor/Console       com.confessr.app                     I  File: https://localhost/assets/index-D3gbBkmX.js - Line 394 - Msg: [general] 11:25:27 ℹ️ Initializing WhatsApp-style connection system
2025-10-02 16:55:27.084 29708-29708 Capacitor/Console       com.confessr.app                     I  File: https://localhost/assets/index-D3gbBkmX.js - Line 107 - Msg: Database exists check: true
2025-10-02 16:55:27.085 29708-29708 Capacitor/Console       com.confessr.app                     I  File: https://localhost/assets/index-D3gbBkmX.js - Line 107 - Msg: 🔓 Opening encrypted database with secret mode...
2025-10-02 16:55:27.088 29708-29708 Capacitor/Plugin        com.confessr.app                     V  To native (Capacitor plugin): callbackId: 118123859, pluginId: PushNotifications, methodName: addListener
2025-10-02 16:55:27.088 29708-29708 Capacitor               com.confessr.app                     V  callback: 118123859, pluginId: PushNotifications, methodName: addListener, methodData: {"eventName":"registration"}
2025-10-02 16:55:27.090 29708-29708 Capacitor/Plugin        com.confessr.app                     V  To native (Capacitor plugin): callbackId: 118123860, pluginId: PushNotifications, methodName: addListener
2025-10-02 16:55:27.090 29708-29708 Capacitor               com.confessr.app                     V  callback: 118123860, pluginId: PushNotifications, methodName: addListener, methodData: {"eventName":"registrationError"}
2025-10-02 16:55:27.092 29708-29708 Capacitor/Plugin        com.confessr.app                     V  To native (Capacitor plugin): callbackId: 118123861, pluginId: PushNotifications, methodName: addListener
2025-10-02 16:55:27.092 29708-29708 Capacitor               com.confessr.app                     V  callback: 118123861, pluginId: PushNotifications, methodName: addListener, methodData: {"eventName":"pushNotificationReceived"}
2025-10-02 16:55:27.094 29708-29708 Capacitor/Plugin        com.confessr.app                     V  To native (Capacitor plugin): callbackId: 118123862, pluginId: App, methodName: addListener
2025-10-02 16:55:27.094 29708-29708 Capacitor               com.confessr.app                     V  callback: 118123862, pluginId: App, methodName: addListener, methodData: {"eventName":"resume"}
2025-10-02 16:55:27.095 29708-29708 Capacitor/Plugin        com.confessr.app                     V  To native (Capacitor plugin): callbackId: 118123863, pluginId: App, methodName: addListener
2025-10-02 16:55:27.096 29708-29708 Capacitor               com.confessr.app                     V  callback: 118123863, pluginId: App, methodName: addListener, methodData: {"eventName":"appUrlOpen"}
2025-10-02 16:55:27.097 29708-8684  Capacitor/...ionsPlugin com.confessr.app                     V  Notifying listeners for event registration
2025-10-02 16:55:27.097 29708-29708 Capacitor/Plugin        com.confessr.app                     V  To native (Capacitor plugin): callbackId: 118123864, pluginId: Network, methodName: addListener
2025-10-02 16:55:27.098 29708-29708 Capacitor               com.confessr.app                     V  callback: 118123864, pluginId: Network, methodName: addListener, methodData: {"eventName":"networkStatusChange"}
2025-10-02 16:55:27.141 29708-29708 Capacitor/Console       com.confessr.app                     I  File: https://localhost/assets/index-D3gbBkmX.js - Line 741 - Msg: [push] token received(core): dFtsHt…
2025-10-02 16:55:27.142 29708-29708 Capacitor/Console       com.confessr.app                     I  File: https://localhost/assets/index-D3gbBkmX.js - Line 361 - Msg: [supabase-pipeline] 11:25:27.106 🗄️ Executing upsert device token...
2025-10-02 16:55:27.143 29708-29708 Capacitor/Console       com.confessr.app                     I  File: https://localhost/assets/index-D3gbBkmX.js - Line 361 - Msg: [supabase-pipeline] 11:25:27.115 🔑 getClient() called - hasClient=true isInitialized=true initPromiseActive=false
2025-10-02 16:55:27.146 29708-29708 Capacitor/Plugin        com.confessr.app                     V  To native (Capacitor plugin): callbackId: 118123865, pluginId: Network, methodName: getStatus
2025-10-02 16:55:27.146 29708-29708 Capacitor               com.confessr.app                     V  callback: 118123865, pluginId: Network, methodName: getStatus, methodData: {}
2025-10-02 16:55:27.147 29708-29708 Capacitor/Console       com.confessr.app                     I  File: https://localhost/assets/index-D3gbBkmX.js - Line 361 - Msg: [supabase-pipeline] 11:25:27.145 [38;5;159m[fetch][0m POST https://sxykfyqrqwifkirveqgr.supabase.co/rest/v1/user_devices?on_conflict=token
2025-10-02 16:55:27.149 29708-29708 Capacitor/Plugin        com.confessr.app                     V  To native (Capacitor plugin): callbackId: 118123866, pluginId: CapacitorSQLite, methodName: createConnection
2025-10-02 16:55:27.150 29708-29708 Capacitor               com.confessr.app                     V  callback: 118123866, pluginId: CapacitorSQLite, methodName: createConnection, methodData: {"database":"confessr_db","encrypted":true,"mode":"secret","version":1,"readonly":false}
2025-10-02 16:55:27.203 29708-29708 Capacitor/Console       com.confessr.app                     I  File: https://localhost/assets/index-D3gbBkmX.js - Line 390 - Msg: [outbox-unified] Trigger requested from: auth-token-refreshed (priority: high)
2025-10-02 16:55:27.204 29708-29708 Capacitor/Console       com.confessr.app                     I  File: https://localhost/assets/index-D3gbBkmX.js - Line 390 - Msg: [outbox-unified] Scheduling processing in 50ms for: auth-token-refreshed
2025-10-02 16:55:27.244 29708-8684  com.getcap...e.Database com.confessr.app                     V  &&& file path /data/user/0/com.confessr.app/databases/confessr_dbSQLite.db
2025-10-02 16:55:27.246 29708-29708 Capacitor/Console       com.confessr.app                     I  File: https://localhost/assets/index-D3gbBkmX.js - Line 394 - Msg: [network] 11:25:27 ℹ️ Initial network status: online {"connectionType":"wifi"}
2025-10-02 16:55:27.246 29708-29708 Capacitor/Console       com.confessr.app                     I  File: https://localhost/assets/index-D3gbBkmX.js - Line 395 - Msg: [whatsapp-connection] 11:25:27 📊 Status: connecting -  
2025-10-02 16:55:27.247 29708-29708 Capacitor/Console       com.confessr.app                     I  File: https://localhost/assets/index-D3gbBkmX.js - Line 394 - Msg: [connection] 11:25:27 ℹ️ Connection status: connecting -  {"isUserVisible":false}
2025-10-02 16:55:27.250 29708-29708 Capacitor/Console       com.confessr.app                     I  File: https://localhost/assets/index-D3gbBkmX.js - Line 361 - Msg: [supabase-pipeline] 11:25:27.243 📦 Outbox processing already in progress; skipping
2025-10-02 16:55:27.258 29708-29708 Capacitor/Plugin        com.confessr.app                     V  To native (Capacitor plugin): callbackId: 118123867, pluginId: App, methodName: addListener
2025-10-02 16:55:27.258 29708-29708 Capacitor               com.confessr.app                     V  callback: 118123867, pluginId: App, methodName: addListener, methodData: {"eventName":"appStateChange"}
2025-10-02 16:55:27.260 29708-29708 Capacitor/Plugin        com.confessr.app                     V  To native (Capacitor plugin): callbackId: 118123868, pluginId: App, methodName: addListener
2025-10-02 16:55:27.260 29708-29708 Capacitor               com.confessr.app                     V  callback: 118123868, pluginId: App, methodName: addListener, methodData: {"eventName":"resume"}
2025-10-02 16:55:27.262 29708-29708 Capacitor/Plugin        com.confessr.app                     V  To native (Capacitor plugin): callbackId: 118123869, pluginId: Network, methodName: addListener
2025-10-02 16:55:27.262 29708-29708 Capacitor               com.confessr.app                     V  callback: 118123869, pluginId: Network, methodName: addListener, methodData: {"eventName":"networkStatusChange"}
2025-10-02 16:55:27.326 29708-29708 Capacitor/Console       com.confessr.app                     I  File:  - Line 334 - Msg: undefined
2025-10-02 16:55:27.348 29708-29708 Capacitor/Plugin        com.confessr.app                     V  To native (Capacitor plugin): callbackId: 118123870, pluginId: CapacitorSQLite, methodName: open
2025-10-02 16:55:27.348 29708-29708 Capacitor               com.confessr.app                     V  callback: 118123870, pluginId: CapacitorSQLite, methodName: open, methodData: {"database":"confessr_db","readonly":false}
2025-10-02 16:55:27.715 29708-29708 Capacitor/Console       com.confessr.app                     I  File:  - Line 334 - Msg: undefined
2025-10-02 16:55:27.716 29708-29708 Capacitor/Console       com.confessr.app                     I  File: https://localhost/assets/index-D3gbBkmX.js - Line 107 - Msg: ✅ Encrypted database opened successfully
2025-10-02 16:55:27.783 29708-29708 Capacitor/Plugin        com.confessr.app                     V  To native (Capacitor plugin): callbackId: 118123871, pluginId: CapacitorSQLite, methodName: execute
2025-10-02 16:55:27.784 29708-29708 Capacitor               com.confessr.app                     V  callback: 118123871, pluginId: CapacitorSQLite, methodName: execute, methodData: {"database":"confessr_db","statements":"PRAGMA cipher_memory_security = ON;","transaction":true,"readonly":false,"isSQL92":true}
2025-10-02 16:55:27.849 29708-29708 Capacitor/Console       com.confessr.app                     I  File: https://localhost/assets/index-D3gbBkmX.js - Line 107 - Msg: ✅ Security pragma set
2025-10-02 16:55:27.849 29708-29708 Capacitor/Console       com.confessr.app                     I  File: https://localhost/assets/index-D3gbBkmX.js - Line 107 - Msg: 📊 Creating tables in encrypted database...
2025-10-02 16:55:27.875 29708-29708 Capacitor/Plugin        com.confessr.app                     V  To native (Capacitor plugin): callbackId: 118123872, pluginId: CapacitorSQLite, methodName: execute
2025-10-02 16:55:27.876 29708-29708 Capacitor               com.confessr.app                     V  callback: 118123872, pluginId: CapacitorSQLite, methodName: execute, methodData: {"database":"confessr_db","statements":"\n      CREATE TABLE IF NOT EXISTS messages (\n        id TEXT PRIMARY KEY,\n        group_id TEXT NOT NULL,\n        user_id TEXT NOT NULL,\n        content TEXT NOT NULL,\n        is_ghost INTEGER DEFAULT 0,\n        message_type TEXT DEFAULT 'text',\n        category TEXT,\n        parent_id TEXT,\n        image_url TEXT,\n        created_at INTEGER NOT NULL,\n        local_id INTEGER UNIQUE,\n        updated_at INTEGER,\n        deleted_at INTEGER\n      );\n\n      CREATE TABLE IF NOT EXISTS groups (\n        id TEXT PRIMARY KEY,\n        name TEXT NOT NULL,\n        description TEXT,\n        invite_code TEXT,\n        created_by TEXT NOT NULL,\n        created_at INTEGER NOT NULL,\n        last_sync_timestamp INTEGER DEFAULT 0,\n        avatar_url TEXT,\n        is_archived INTEGER DEFAULT 0\n      );\n\n      CREATE TABLE IF NOT EXISTS users (\n        id TEXT PRIMARY KEY,\n        display_name TEXT NOT NULL,\n        phone_number TEXT,\n        avatar_url TEXT,\n        is_onboarded INTEGER DEFAULT 0,\n        created_at INTEGER NOT NULL\n      );\n\n      CREATE TABLE IF NOT EXISTS outbox (\n        id INTEGER PRIMARY KEY AUTOINCREMENT,\n        group_id TEXT NOT NULL,\n        user_id TEXT NOT NULL,\n        content TEXT NOT NULL,\n        retry_count INTEGER DEFAULT 0,\n        next_retry_at INTEGER NOT NULL,\n        message_type TEXT DEFAULT 'text',\n        category TEXT,\n        parent_id TEXT,\n        image_url TEXT,\n        is_ghost INTEGER DEFAULT 0\n      );\n\n      CREATE TABLE IF NOT EXISTS sync_state (\n        key TEXT PRIMARY KEY,\n        value TEXT NOT NULL\n      );\n\n      \/* Polls table *\/\n      CREATE TABLE IF NOT EXISTS polls (\n        id TEXT PRIMARY KEY,\n        message_id TEXT NOT NULL,\n        question TEXT NOT NULL,\n        options TEXT NOT NULL, -- JSON string\n        created_at INTEGER NOT NULL,\n        closes_at INTEGER NOT NULL,\n        created_by TEXT NOT NULL,\n        FOREIGN KEY (message_id) REFERENCES messages(id)\n      );\n\n      \/* Poll votes table *\/\n      CREATE TABLE IF NOT EXISTS poll_votes (\n        poll_id TEXT NOT NULL,\n        user_id TEXT NOT NULL,\n        option_index INTEGER NOT NULL,\n        created_at INTEGER NOT NULL,\n        PRIMARY KEY (poll_id, user_id),\n        FOREIGN KEY (poll_id) REFERENCES polls(id)\n      );\n\n      \/* Reactions table *\/\n      CREATE TABLE IF NOT EXISTS reactions (\n        id TEXT PRIMARY KEY,\n        message_id TEXT NOT NULL,\n        user_id TEXT NOT NULL,\n        emoji TEXT NOT NULL,\n        created_at INTEGER NOT NULL,\n        FOREIGN KEY (message_id) REFERENCES messages(id)\n      );\n\n      \/* Group members table *\/\n      CREATE TABLE IF NOT EXISTS group_members (\n        group_id TEXT NOT NULL,\n        user_id TEXT NOT NULL,\n        role TEXT DEFAULT 'participant',\n        joined_at INTEGER NOT NULL,\n        last_read_at INTEGER DEFAULT 0,\n        last_read_message_id TEXT,\n        PRIMARY KEY (group_id, user_id),\n        FOREIGN KEY (group_id) REFERENCES groups(id),\n        FOREIGN KEY (user_id) REFERENCES users(id)\n      );\n\n      \/* User pseudonyms for ghost messages *\/\n      CREATE TABLE IF NOT EXISTS user_pseudonyms (\n        group_id TEXT NOT NULL,\n        user_id TEXT NOT NULL,\n        pseudonym TEXT NOT NULL,\n        created_at INTEGER NOT NULL,\n        PRIMARY KEY (group_id, user_id)\n      );\n\n      \/* Confessions table for confession messages *\/\n      CREATE TABLE IF NOT EXISTS confessions (\n        id TEXT PRIMARY KEY,\n        message_id TEXT NOT NULL,\n        confession_type TEXT NOT NULL,\n        is_anonymous INTEGER DEFAULT 1,\n        FOREIGN KEY (message_id) REFERENCES messages(id)\n      );\n\n      \/* indexes *\/\n      CREATE INDEX IF NOT EXISTS idx_msg_group_date_asc\n        ON messages(group_id, created_at ASC);\n      CREATE INDEX IF NOT EXISTS idx_msg_group_date_desc\n        O
2025-10-02 16:55:27.985 29708-29708 Capacitor/Plugin        com.confessr.app                     V  To native (Capacitor plugin): callbackId: 118123873, pluginId: CapacitorSQLite, methodName: query
2025-10-02 16:55:27.986 29708-29708 Capacitor               com.confessr.app                     V  callback: 118123873, pluginId: CapacitorSQLite, methodName: query, methodData: {"database":"confessr_db","statement":"PRAGMA table_info(messages);","values":[],"readonly":false,"isSQL92":true}
2025-10-02 16:55:28.078 29708-29708 Capacitor/Plugin        com.confessr.app                     V  To native (Capacitor plugin): callbackId: 118123874, pluginId: CapacitorSQLite, methodName: query
2025-10-02 16:55:28.078 29708-29708 Capacitor               com.confessr.app                     V  callback: 118123874, pluginId: CapacitorSQLite, methodName: query, methodData: {"database":"confessr_db","statement":"PRAGMA table_info(messages);","values":[],"readonly":false,"isSQL92":true}
2025-10-02 16:55:28.158 29708-29708 Capacitor/Plugin        com.confessr.app                     V  To native (Capacitor plugin): callbackId: 118123875, pluginId: CapacitorSQLite, methodName: query
2025-10-02 16:55:28.158 29708-29708 Capacitor               com.confessr.app                     V  callback: 118123875, pluginId: CapacitorSQLite, methodName: query, methodData: {"database":"confessr_db","statement":"PRAGMA table_info(groups);","values":[],"readonly":false,"isSQL92":true}
2025-10-02 16:55:28.230 29708-29708 Capacitor/Plugin        com.confessr.app                     V  To native (Capacitor plugin): callbackId: 118123876, pluginId: CapacitorSQLite, methodName: query
2025-10-02 16:55:28.230 29708-29708 Capacitor               com.confessr.app                     V  callback: 118123876, pluginId: CapacitorSQLite, methodName: query, methodData: {"database":"confessr_db","statement":"PRAGMA table_info(groups);","values":[],"readonly":false,"isSQL92":true}
2025-10-02 16:55:28.301 29708-29708 Capacitor/Plugin        com.confessr.app                     V  To native (Capacitor plugin): callbackId: 118123877, pluginId: CapacitorSQLite, methodName: query
2025-10-02 16:55:28.301 29708-29708 Capacitor               com.confessr.app                     V  callback: 118123877, pluginId: CapacitorSQLite, methodName: query, methodData: {"database":"confessr_db","statement":"PRAGMA table_info(groups);","values":[],"readonly":false,"isSQL92":true}
2025-10-02 16:55:28.403 29708-29708 Capacitor/Plugin        com.confessr.app                     V  To native (Capacitor plugin): callbackId: 118123878, pluginId: CapacitorSQLite, methodName: query
2025-10-02 16:55:28.403 29708-29708 Capacitor               com.confessr.app                     V  callback: 118123878, pluginId: CapacitorSQLite, methodName: query, methodData: {"database":"confessr_db","statement":"PRAGMA table_info(groups);","values":[],"readonly":false,"isSQL92":true}
2025-10-02 16:55:28.511 29708-29708 Capacitor/Plugin        com.confessr.app                     V  To native (Capacitor plugin): callbackId: 118123879, pluginId: CapacitorSQLite, methodName: query
2025-10-02 16:55:28.511 29708-29708 Capacitor               com.confessr.app                     V  callback: 118123879, pluginId: CapacitorSQLite, methodName: query, methodData: {"database":"confessr_db","statement":"PRAGMA table_info(groups);","values":[],"readonly":false,"isSQL92":true}
2025-10-02 16:55:28.540 29708-29708 Capacitor/Plugin        com.confessr.app                     V  To native (Capacitor plugin): callbackId: 118123880, pluginId: CapacitorSQLite, methodName: query
2025-10-02 16:55:28.540 29708-29708 Capacitor               com.confessr.app                     V  callback: 118123880, pluginId: CapacitorSQLite, methodName: query, methodData: {"database":"confessr_db","statement":"PRAGMA table_info(groups);","values":[],"readonly":false,"isSQL92":true}
2025-10-02 16:55:28.573 29708-29708 Capacitor/Plugin        com.confessr.app                     V  To native (Capacitor plugin): callbackId: 118123881, pluginId: CapacitorSQLite, methodName: query
2025-10-02 16:55:28.573 29708-29708 Capacitor               com.confessr.app                     V  callback: 118123881, pluginId: CapacitorSQLite, methodName: query, methodData: {"database":"confessr_db","statement":"PRAGMA table_info(groups);","values":[],"readonly":false,"isSQL92":true}
2025-10-02 16:55:28.630 29708-29708 Capacitor/Plugin        com.confessr.app                     V  To native (Capacitor plugin): callbackId: 118123882, pluginId: CapacitorSQLite, methodName: query
2025-10-02 16:55:28.630 29708-29708 Capacitor               com.confessr.app                     V  callback: 118123882, pluginId: CapacitorSQLite, methodName: query, methodData: {"database":"confessr_db","statement":"PRAGMA table_info(users);","values":[],"readonly":false,"isSQL92":true}
2025-10-02 16:55:28.688 29708-29708 Capacitor/Plugin        com.confessr.app                     V  To native (Capacitor plugin): callbackId: 118123883, pluginId: CapacitorSQLite, methodName: query
2025-10-02 16:55:28.689 29708-29708 Capacitor               com.confessr.app                     V  callback: 118123883, pluginId: CapacitorSQLite, methodName: query, methodData: {"database":"confessr_db","statement":"PRAGMA table_info(users);","values":[],"readonly":false,"isSQL92":true}
2025-10-02 16:55:28.756 29708-29708 Capacitor/Plugin        com.confessr.app                     V  To native (Capacitor plugin): callbackId: 118123884, pluginId: CapacitorSQLite, methodName: query
2025-10-02 16:55:28.756 29708-29708 Capacitor               com.confessr.app                     V  callback: 118123884, pluginId: CapacitorSQLite, methodName: query, methodData: {"database":"confessr_db","statement":"PRAGMA table_info(users);","values":[],"readonly":false,"isSQL92":true}
2025-10-02 16:55:28.817 29708-29708 Capacitor/Console       com.confessr.app                     I  File: https://localhost/assets/index-D3gbBkmX.js - Line 361 - Msg: [supabase-pipeline] 11:25:28.812 🗄️ upsert device token success
2025-10-02 16:55:28.817 29708-29708 Capacitor/Console       com.confessr.app                     I  File: https://localhost/assets/index-D3gbBkmX.js - Line 741 - Msg: [push] 2025-10-02T11:25:28.813Z token:registered android dFtsHt…
2025-10-02 16:55:28.818 29708-29708 Capacitor/Plugin        com.confessr.app                     V  To native (Capacitor plugin): callbackId: 118123885, pluginId: CapacitorSQLite, methodName: query
2025-10-02 16:55:28.818 29708-29708 Capacitor               com.confessr.app                     V  callback: 118123885, pluginId: CapacitorSQLite, methodName: query, methodData: {"database":"confessr_db","statement":"PRAGMA table_info(group_members);","values":[],"readonly":false,"isSQL92":true}
2025-10-02 16:55:28.893 29708-29708 Capacitor/Plugin        com.confessr.app                     V  To native (Capacitor plugin): callbackId: 118123886, pluginId: CapacitorSQLite, methodName: query
2025-10-02 16:55:28.893 29708-29708 Capacitor               com.confessr.app                     V  callback: 118123886, pluginId: CapacitorSQLite, methodName: query, methodData: {"database":"confessr_db","statement":"PRAGMA table_info(group_members);","values":[],"readonly":false,"isSQL92":true}
2025-10-02 16:55:28.935 29708-29708 Capacitor/Console       com.confessr.app                     I  File: https://localhost/assets/index-D3gbBkmX.js - Line 254 - Msg: ✅ Database migration completed
2025-10-02 16:55:28.936 29708-29708 Capacitor/Console       com.confessr.app                     I  File: https://localhost/assets/index-D3gbBkmX.js - Line 107 - Msg: ✅ Tables created in encrypted database
2025-10-02 16:55:28.937 29708-29708 Capacitor/Console       com.confessr.app                     I  File: https://localhost/assets/index-D3gbBkmX.js - Line 107 - Msg: ✅ Encrypted SQLite ready
2025-10-02 16:55:28.937 29708-29708 Capacitor/Console       com.confessr.app                     I  File: https://localhost/assets/index-D3gbBkmX.js - Line 254 - Msg: 🧪 Testing local storage...
2025-10-02 16:55:28.957 29708-29708 Capacitor/Plugin        com.confessr.app                     V  To native (Capacitor plugin): callbackId: 118123887, pluginId: CapacitorSQLite, methodName: run
2025-10-02 16:55:28.958 29708-29708 Capacitor               com.confessr.app                     V  callback: 118123887, pluginId: CapacitorSQLite, methodName: run, methodData: {"database":"confessr_db","statement":"\n        INSERT OR REPLACE INTO users (id, display_name, phone_number, avatar_url, is_onboarded, created_at)\n        VALUES (?, ?, ?, ?, ?, ?)\n      ","values":["test-user-id","Test User","+1234567890",null,1,1759404328918],"transaction":true,"readonly":false,"returnMode":"no","isSQL92":true}
2025-10-02 16:55:29.050 29708-29708 Capacitor/Console       com.confessr.app                     I  File: https://localhost/assets/index-D3gbBkmX.js - Line 257 - Msg: ✅ Test user saved
2025-10-02 16:55:29.060 29708-29708 Capacitor/Plugin        com.confessr.app                     V  To native (Capacitor plugin): callbackId: 118123888, pluginId: CapacitorSQLite, methodName: query
2025-10-02 16:55:29.060 29708-29708 Capacitor               com.confessr.app                     V  callback: 118123888, pluginId: CapacitorSQLite, methodName: query, methodData: {"database":"confessr_db","statement":"SELECT * FROM users WHERE id = ?","values":["test-user-id"],"readonly":false,"isSQL92":true}
2025-10-02 16:55:29.081 29708-29708 Capacitor/Console       com.confessr.app                     I  File: https://localhost/assets/index-D3gbBkmX.js - Line 361 - Msg: [supabase-pipeline] 11:25:29.076 📦 Outbox pre-check: sqliteReady after 2630ms
2025-10-02 16:55:29.117 29708-29708 Capacitor/Console       com.confessr.app                     I  File: https://localhost/assets/index-D3gbBkmX.js - Line 257 - Msg: 📋 Retrieved user: [object Object]
2025-10-02 16:55:29.117 29708-29708 Capacitor/Console       com.confessr.app                     I  File: https://localhost/assets/index-D3gbBkmX.js - Line 257 - Msg: ✅ Local storage test passed! Data was successfully saved and retrieved.
2025-10-02 16:55:29.120 29708-29708 Capacitor/Plugin        com.confessr.app                     V  To native (Capacitor plugin): callbackId: 118123889, pluginId: CapacitorSQLite, methodName: query
2025-10-02 16:55:29.120 29708-29708 Capacitor               com.confessr.app                     V  callback: 118123889, pluginId: CapacitorSQLite, methodName: query, methodData: {"database":"confessr_db","statement":"\n      SELECT * FROM outbox \n      WHERE next_retry_at <= ? \n      ORDER BY next_retry_at ASC\n    ","values":[1759404329077],"readonly":false,"isSQL92":true}
2025-10-02 16:55:29.133 29708-29708 Capacitor/Plugin        com.confessr.app                     V  To native (Capacitor plugin): callbackId: 118123890, pluginId: CapacitorSQLite, methodName: run
2025-10-02 16:55:29.134 29708-29708 Capacitor               com.confessr.app                     V  callback: 118123890, pluginId: CapacitorSQLite, methodName: run, methodData: {"database":"confessr_db","statement":"INSERT OR REPLACE INTO messages\n         (id, group_id, user_id, content, is_ghost, message_type, category, parent_id, image_url, created_at, updated_at, deleted_at)\n         VALUES (?, ?, ?, ?, ?, ?, ?, ?, ?, ?, ?, ?);","values":["test-message-id","test-group-id","test-user-id","Test message content",0,"text",null,null,null,1759404329083,null,null],"transaction":true,"readonly":false,"returnMode":"no","isSQL92":true}
2025-10-02 16:55:29.135 29708-29708 Capacitor/Console       com.confessr.app                     I  File: https://localhost/assets/index-D3gbBkmX.js - Line 361 - Msg: [supabase-pipeline] 11:25:29.132 📦 No outbox messages to process; idle
2025-10-02 16:55:29.191 29708-29708 Capacitor/Console       com.confessr.app                     I  File: https://localhost/assets/index-D3gbBkmX.js - Line 259 - Msg: ✅ Test message saved
2025-10-02 16:55:29.211 29708-29708 Capacitor/Plugin        com.confessr.app                     V  To native (Capacitor plugin): callbackId: 118123891, pluginId: CapacitorSQLite, methodName: query
2025-10-02 16:55:29.212 29708-29708 Capacitor               com.confessr.app                     V  callback: 118123891, pluginId: CapacitorSQLite, methodName: query, methodData: {"database":"confessr_db","statement":"SELECT * FROM messages WHERE group_id = ? ORDER BY created_at ASC LIMIT 50 OFFSET 0","values":["test-group-id"],"readonly":false,"isSQL92":true}
2025-10-02 16:55:29.257 29708-29708 Capacitor/Console       com.confessr.app                     I  File: https://localhost/assets/index-D3gbBkmX.js - Line 259 - Msg: 📋 Retrieved messages: [object Object]
2025-10-02 16:55:29.258 29708-29708 Capacitor/Console       com.confessr.app                     I  File: https://localhost/assets/index-D3gbBkmX.js - Line 259 - Msg: ✅ Message storage test passed! Message was successfully saved and retrieved.
2025-10-02 16:55:29.259 29708-29708 Capacitor/Console       com.confessr.app                     I  File: https://localhost/assets/index-D3gbBkmX.js - Line 741 - Msg: ✅ SQLite initialized successfully
2025-10-02 16:55:29.260 29708-29708 Capacitor/Console       com.confessr.app                     I  File: https://localhost/assets/index-D3gbBkmX.js - Line 741 - Msg: 🌐 Network status monitoring handled centrally in main.tsx
