---------------------------- PROCESS STARTED (964) for package com.confessr.app ----------------------------
2025-09-24 01:41:54.637   964-964   Capacitor               com.confessr.app                     D  Starting BridgeActivity
2025-09-24 01:41:54.652   964-964   Capacitor               com.confessr.app                     D  Registering plugin instance: CapacitorCookies
2025-09-24 01:41:54.655   964-964   Capacitor               com.confessr.app                     D  Registering plugin instance: WebView
2025-09-24 01:41:54.656   964-964   Capacitor               com.confessr.app                     D  Registering plugin instance: CapacitorHttp
2025-09-24 01:41:54.657   964-964   Capacitor               com.confessr.app                     D  Registering plugin instance: CapacitorSQLite
2025-09-24 01:41:54.775   964-964   Capacitor               com.confessr.app                     D  Registering plugin instance: FirebaseMessaging
2025-09-24 01:41:54.777   964-964   Capacitor               com.confessr.app                     D  Registering plugin instance: App
2025-09-24 01:41:54.777   964-964   Capacitor               com.confessr.app                     D  Registering plugin instance: Haptics
2025-09-24 01:41:54.781   964-964   Capacitor               com.confessr.app                     D  Registering plugin instance: Keyboard
2025-09-24 01:41:54.782   964-964   Capacitor               com.confessr.app                     D  Registering plugin instance: Network
2025-09-24 01:41:54.783   964-964   Capacitor               com.confessr.app                     D  Registering plugin instance: Preferences
2025-09-24 01:41:54.784   964-964   Capacitor               com.confessr.app                     D  Registering plugin instance: PushNotifications
2025-09-24 01:41:54.809   964-964   Capacitor               com.confessr.app                     W  Unable to read file at path public/plugins
2025-09-24 01:41:54.812   964-964   Capacitor               com.confessr.app                     D  Loading app at https://localhost
2025-09-24 01:41:54.838   964-4748  Capacitor               com.confessr.app                     D  Handling local request: https://localhost/
2025-09-24 01:41:54.845   964-964   Capacitor               com.confessr.app                     D  App started
2025-09-24 01:41:54.847   964-964   Capacitor/AppPlugin     com.confessr.app                     D  Firing change: true
2025-09-24 01:41:54.847   964-964   Capacitor/AppPlugin     com.confessr.app                     V  Notifying listeners for event appStateChange
2025-09-24 01:41:54.847   964-964   Capacitor/AppPlugin     com.confessr.app                     D  No listeners found for event appStateChange
2025-09-24 01:41:54.852   964-964   Capacitor               com.confessr.app                     D  App resumed
2025-09-24 01:41:54.857   964-4795  Capacitor/NetworkPlugin com.confessr.app                     V  Notifying listeners for event networkStatusChange
2025-09-24 01:41:54.857   964-4795  Capacitor/NetworkPlugin com.confessr.app                     D  No listeners found for event networkStatusChange
2025-09-24 01:41:54.947   964-4747  Capacitor               com.confessr.app                     D  Handling local request: https://localhost/assets/index-POZ9EIIE.js
2025-09-24 01:41:54.948   964-4748  Capacitor               com.confessr.app                     D  Handling local request: https://localhost/assets/index-DCAHsDh_.css
2025-09-24 01:41:55.193   964-964   Capacitor/Console       com.confessr.app                     I  File: https://localhost/assets/index-POZ9EIIE.js - Line 358 - Msg: [supabase-pipeline] 20:11:55.190 🚀 Pipeline initialized
2025-09-24 01:41:55.193   964-964   Capacitor/Console       com.confessr.app                     I  File: https://localhost/assets/index-POZ9EIIE.js - Line 358 - Msg: [supabase-pipeline] 20:11:55.192 🧪 Debug tag: v2025-08-22.1
2025-09-24 01:41:55.193   964-964   Capacitor/Console       com.confessr.app                     I  File: https://localhost/assets/index-POZ9EIIE.js - Line 358 - Msg: [supabase-pipeline] 20:11:55.192 🔄 initialize() called - force=false isInitialized=false hasClient=false initPromiseActive=false
2025-09-24 01:41:55.193   964-964   Capacitor/Console       com.confessr.app                     I  File: https://localhost/assets/index-POZ9EIIE.js - Line 358 - Msg: [supabase-pipeline] 20:11:55.193 🔄 Initializing Supabase client...
2025-09-24 01:41:55.193   964-964   Capacitor/Console       com.confessr.app                     I  File: https://localhost/assets/index-POZ9EIIE.js - Line 358 - Msg: [supabase-pipeline] 20:11:55.193 🔄 Supabase env present? url=true anonKey=true
2025-09-24 01:41:55.199   964-964   Capacitor/Console       com.confessr.app                     I  File: https://localhost/assets/index-POZ9EIIE.js - Line 358 - Msg: [supabase-pipeline] 20:11:55.199 🔄 Supabase client created ONCE (persistSession=true, autoRefreshToken=true)
2025-09-24 01:41:55.201   964-964   Capacitor/Console       com.confessr.app                     I  File: https://localhost/assets/index-POZ9EIIE.js - Line 358 - Msg: 💧 Rehydrating auth state...
2025-09-24 01:41:55.201   964-964   Capacitor/Console       com.confessr.app                     I  File: https://localhost/assets/index-POZ9EIIE.js - Line 358 - Msg: 💧 Auth state rehydrated with user: 839d1d4a-e72b-47bb-b74e-ef28a15f43ee
2025-09-24 01:41:55.202   964-964   Capacitor/Console       com.confessr.app                     I  File: https://localhost/assets/index-POZ9EIIE.js - Line 361 - Msg: 📦 MessageCache: Initialized with 15min expiry, max 10 chats
2025-09-24 01:41:55.202   964-964   Capacitor/Console       com.confessr.app                     I  File: https://localhost/assets/index-POZ9EIIE.js - Line 385 - Msg: [webview-lifecycle] 20:11:55 🌐 WebView Lifecycle Manager initialized
2025-09-24 01:41:55.203   964-964   Capacitor/Console       com.confessr.app                     I  File: https://localhost/assets/index-POZ9EIIE.js - Line 385 - Msg: [general] 20:11:55 ℹ️ Mobile Logger initialized - Session: 1758658315202-zh9w8qas0, Platform: android
2025-09-24 01:41:55.209   964-964   Capacitor/Console       com.confessr.app                     I  File: https://localhost/assets/index-POZ9EIIE.js - Line 385 - Msg: [realtime-v2] Initializing auth state listener for chat store
2025-09-24 01:41:55.210   964-964   Capacitor/Console       com.confessr.app                     I  File: https://localhost/assets/index-POZ9EIIE.js - Line 385 - Msg: [realtime-v2] Setting up auth state listener for realtime
2025-09-24 01:41:55.211   964-964   Capacitor/Console       com.confessr.app                     I  File: https://localhost/assets/index-POZ9EIIE.js - Line 358 - Msg: [supabase-pipeline] 20:11:55.210 🔑 getClient() called - hasClient=true isInitialized=false initPromiseActive=true
2025-09-24 01:41:55.211   964-964   Capacitor/Console       com.confessr.app                     I  File: https://localhost/assets/index-POZ9EIIE.js - Line 358 - Msg: [supabase-pipeline] 20:11:55.210 🔑 getClient() -> calling initialize()
2025-09-24 01:41:55.211   964-964   Capacitor/Console       com.confessr.app                     I  File: https://localhost/assets/index-POZ9EIIE.js - Line 358 - Msg: [supabase-pipeline] 20:11:55.210 🔄 initialize() called - force=false isInitialized=false hasClient=true initPromiseActive=true
2025-09-24 01:41:55.211   964-964   Capacitor/Console       com.confessr.app                     I  File: https://localhost/assets/index-POZ9EIIE.js - Line 358 - Msg: [supabase-pipeline] 20:11:55.210 🔄 initialize() waiting for existing initializePromise
2025-09-24 01:41:55.223   964-964   Capacitor/Console       com.confessr.app                     I  File: https://localhost/assets/index-POZ9EIIE.js - Line 386 - Msg: [device-lock] 20:11:55 🔒 Device Lock Detection Manager initialized
2025-09-24 01:41:55.223   964-964   Capacitor/Console       com.confessr.app                     I  File: https://localhost/assets/index-POZ9EIIE.js - Line 386 - Msg: [whatsapp-connection] 20:11:55 📱 WhatsApp-Style Connection Manager initialized
2025-09-24 01:41:55.227   964-964   Capacitor/Console       com.confessr.app                     I  File: https://localhost/assets/index-POZ9EIIE.js - Line 385 - Msg: [general] 20:11:55 ℹ️ Initializing WhatsApp-style connection system
2025-09-24 01:41:55.228   964-964   Capacitor/Console       com.confessr.app                     I  File: https://localhost/assets/index-POZ9EIIE.js - Line 358 - Msg: [supabase-pipeline] 20:11:55.227 ✅ Supabase client initialized successfully (PERMANENT INSTANCE)
2025-09-24 01:41:55.234   964-964   Capacitor/Plugin        com.confessr.app                     V  To native (Capacitor plugin): callbackId: 42629457, pluginId: App, methodName: addListener
2025-09-24 01:41:55.234   964-4748  Capacitor               com.confessr.app                     D  Handling local request: https://localhost/assets/capacitor-firebase-messaging-HNnXeiEZ.js
2025-09-24 01:41:55.234   964-964   Capacitor               com.confessr.app                     V  callback: 42629457, pluginId: App, methodName: addListener, methodData: {"eventName":"appStateChange"}
2025-09-24 01:41:55.235   964-964   Capacitor/Plugin        com.confessr.app                     V  To native (Capacitor plugin): callbackId: 42629458, pluginId: App, methodName: addListener
2025-09-24 01:41:55.235   964-964   Capacitor               com.confessr.app                     V  callback: 42629458, pluginId: App, methodName: addListener, methodData: {"eventName":"resume"}
2025-09-24 01:41:55.236   964-964   Capacitor/Plugin        com.confessr.app                     V  To native (Capacitor plugin): callbackId: 42629459, pluginId: Network, methodName: getStatus
2025-09-24 01:41:55.236   964-964   Capacitor               com.confessr.app                     V  callback: 42629459, pluginId: Network, methodName: getStatus, methodData: {}
2025-09-24 01:41:55.265   964-964   Capacitor/Console       com.confessr.app                     I  File: https://localhost/assets/index-POZ9EIIE.js - Line 385 - Msg: [webview-lifecycle] 20:11:55 ✅ WebView context fully restored and ready
2025-09-24 01:41:55.271   964-964   Capacitor/Console       com.confessr.app                     I  File: https://localhost/assets/index-POZ9EIIE.js - Line 385 - Msg: [network] 20:11:55 ℹ️ Initial network status: online {"connectionType":"wifi"}
2025-09-24 01:41:55.272   964-964   Capacitor/Console       com.confessr.app                     I  File: https://localhost/assets/index-POZ9EIIE.js - Line 386 - Msg: [whatsapp-connection] 20:11:55 📊 Status: connecting - Initializing connection... 
2025-09-24 01:41:55.272   964-964   Capacitor/Console       com.confessr.app                     I  File: https://localhost/assets/index-POZ9EIIE.js - Line 385 - Msg: [connection] 20:11:55 ℹ️ Connection status: connecting - Initializing connection... {"isUserVisible":true}
2025-09-24 01:41:55.274   964-964   Capacitor/Plugin        com.confessr.app                     V  To native (Capacitor plugin): callbackId: 42629460, pluginId: App, methodName: addListener
2025-09-24 01:41:55.274   964-964   Capacitor               com.confessr.app                     V  callback: 42629460, pluginId: App, methodName: addListener, methodData: {"eventName":"appStateChange"}
2025-09-24 01:41:55.275   964-964   Capacitor/Plugin        com.confessr.app                     V  To native (Capacitor plugin): callbackId: 42629461, pluginId: App, methodName: addListener
2025-09-24 01:41:55.275   964-964   Capacitor               com.confessr.app                     V  callback: 42629461, pluginId: App, methodName: addListener, methodData: {"eventName":"resume"}
2025-09-24 01:41:55.275   964-964   Capacitor/Plugin        com.confessr.app                     V  To native (Capacitor plugin): callbackId: 42629462, pluginId: Network, methodName: addListener
2025-09-24 01:41:55.275   964-964   Capacitor               com.confessr.app                     V  callback: 42629462, pluginId: Network, methodName: addListener, methodData: {"eventName":"networkStatusChange"}
2025-09-24 01:41:55.282   964-964   Capacitor/Console       com.confessr.app                     I  File: https://localhost/assets/index-POZ9EIIE.js - Line 727 - Msg: 🚀 App mounted, setting up auth...
2025-09-24 01:41:55.282   964-964   Capacitor/Console       com.confessr.app                     I  File: https://localhost/assets/index-POZ9EIIE.js - Line 727 - Msg: 📱 Native platform detected, initializing SQLite...
2025-09-24 01:41:55.283   964-964   Capacitor/Console       com.confessr.app                     I  File: https://localhost/assets/index-POZ9EIIE.js - Line 107 - Msg: 🗄️ Initializing SQLite database...
2025-09-24 01:41:55.283   964-964   Capacitor/Console       com.confessr.app                     I  File: https://localhost/assets/index-POZ9EIIE.js - Line 727 - Msg: 🎨 App render state: [object Object]
2025-09-24 01:41:55.319   964-4747  Capacitor               com.confessr.app                     D  Handling local request: https://localhost/favicon.ico
2025-09-24 01:41:55.321   964-4748  Capacitor               com.confessr.app                     D  Handling local request: https://localhost/assets/index-BcTrnb7L.js
2025-09-24 01:41:55.343   964-4747  Capacitor               com.confessr.app                     D  Handling local request: https://localhost/favicon.ico
2025-09-24 01:41:55.397   964-964   Capacitor/Console       com.confessr.app                     I  File: https://localhost/assets/index-POZ9EIIE.js - Line 358 - Msg: [supabase-pipeline] 20:11:55.293 🔑 Token cached: user=839d1d4a hasAccess=true hasRefresh=true
2025-09-24 01:41:55.397   964-964   Capacitor/Console       com.confessr.app                     I  File: https://localhost/assets/index-POZ9EIIE.js - Line 727 - Msg: [push] permission before(FirebaseMessaging): unknown
2025-09-24 01:41:55.397   964-964   Capacitor/Console       com.confessr.app                     I  File: https://localhost/assets/index-POZ9EIIE.js - Line 727 - Msg: [push] permission after(FirebaseMessaging): denied
2025-09-24 01:41:55.408   964-964   Capacitor/Plugin        com.confessr.app                     V  To native (Capacitor plugin): callbackId: 42629463, pluginId: App, methodName: addListener
2025-09-24 01:41:55.408   964-964   Capacitor               com.confessr.app                     V  callback: 42629463, pluginId: App, methodName: addListener, methodData: {"eventName":"backButton"}
2025-09-24 01:41:55.409   964-964   Capacitor/Plugin        com.confessr.app                     V  To native (Capacitor plugin): callbackId: 42629464, pluginId: App, methodName: addListener
2025-09-24 01:41:55.409   964-964   Capacitor               com.confessr.app                     V  callback: 42629464, pluginId: App, methodName: addListener, methodData: {"eventName":"appStateChange"}
2025-09-24 01:41:55.409   964-964   Capacitor/Plugin        com.confessr.app                     V  To native (Capacitor plugin): callbackId: 42629465, pluginId: Preferences, methodName: get
2025-09-24 01:41:55.410   964-964   Capacitor               com.confessr.app                     V  callback: 42629465, pluginId: Preferences, methodName: get, methodData: {"key":"sqlite_encryption_key"}
2025-09-24 01:41:55.534   964-964   Capacitor/Console       com.confessr.app                     I  File: https://localhost/assets/index-POZ9EIIE.js - Line 358 - Msg: [supabase-pipeline] 20:11:55.406 🔑 Token cached: user=839d1d4a hasAccess=true hasRefresh=true
2025-09-24 01:41:55.597   964-964   Capacitor/Console       com.confessr.app                     I  File: https://localhost/assets/index-POZ9EIIE.js - Line 358 - Msg: [supabase-pipeline] 20:11:55.536 🧪 Corruption check: client is healthy (getSession successful)
2025-09-24 01:41:55.598   964-964   Capacitor/Plugin        com.confessr.app                     V  To native (Capacitor plugin): callbackId: 42629466, pluginId: PushNotifications, methodName: checkPermissions
2025-09-24 01:41:55.598   964-964   Capacitor               com.confessr.app                     V  callback: 42629466, pluginId: PushNotifications, methodName: checkPermissions, methodData: {}
2025-09-24 01:41:55.676   964-964   Capacitor/Console       com.confessr.app                     I  File: https://localhost/assets/index-POZ9EIIE.js - Line 385 - Msg: [realtime-v2] Auth event: INITIAL_SESSION
2025-09-24 01:41:55.677   964-964   Capacitor/Console       com.confessr.app                     I  File: https://localhost/assets/index-POZ9EIIE.js - Line 385 - Msg: [realtime-v2] Token applied; channel healthy, no reconnect
2025-09-24 01:41:55.677   964-964   Capacitor/Console       com.confessr.app                     I  File: https://localhost/assets/index-POZ9EIIE.js - Line 381 - Msg: [outbox-unified] Resetting outbox processing state
2025-09-24 01:41:55.678   964-964   Capacitor/Console       com.confessr.app                     I  File: https://localhost/assets/index-POZ9EIIE.js - Line 381 - Msg: [outbox-unified] Reset watchdog timeout count - state cleared, no auto-trigger
2025-09-24 01:41:55.679   964-964   Capacitor/Plugin        com.confessr.app                     V  To native (Capacitor plugin): callbackId: 42629467, pluginId: CapacitorSQLite, methodName: setEncryptionSecret
2025-09-24 01:41:55.679   964-964   Capacitor               com.confessr.app                     V  callback: 42629467, pluginId: CapacitorSQLite, methodName: setEncryptionSecret, methodData: {"passphrase":"712b48c27d904d58aa685a0951d64626"}
2025-09-24 01:41:55.679   964-964   Capacitor/Console       com.confessr.app                     I  File: https://localhost/assets/index-POZ9EIIE.js - Line 727 - Msg: [push] permission before(PushNotifications): granted
2025-09-24 01:41:55.687   964-4785  com.getcap...RetHandler com.confessr.app                     V  *** ERROR SetEncryptionSecret: a passphrase has already been set 
2025-09-24 01:41:55.688   964-4785  Capacitor               com.confessr.app                     D  Sending plugin error: {"save":false,"callbackId":"42629467","pluginId":"CapacitorSQLite","methodName":"setEncryptionSecret","success":false,"error":{"message":"SetEncryptionSecret: a passphrase has already been set "}}
2025-09-24 01:41:55.739   964-964   Capacitor/Plugin        com.confessr.app                     V  To native (Capacitor plugin): callbackId: 42629468, pluginId: PushNotifications, methodName: register
2025-09-24 01:41:55.739   964-964   Capacitor               com.confessr.app                     V  callback: 42629468, pluginId: PushNotifications, methodName: register, methodData: {}
2025-09-24 01:41:55.775   964-964   Capacitor/Console       com.confessr.app                     I  File: https://localhost/assets/index-POZ9EIIE.js - Line 107 - Msg: 🔑 SQLite encryption key was already set
2025-09-24 01:41:55.776   964-964   Capacitor/...ionsPlugin com.confessr.app                     V  Notifying listeners for event registration
2025-09-24 01:41:55.776   964-964   Capacitor/...ionsPlugin com.confessr.app                     D  No listeners found for event registration
2025-09-24 01:41:55.806   964-964   Capacitor/Console       com.confessr.app                     I  File:  - Line 334 - Msg: undefined
2025-09-24 01:41:55.808   964-964   Capacitor/Console       com.confessr.app                     I  File: https://localhost/assets/index-POZ9EIIE.js - Line 727 - Msg: [push] FirebaseMessaging.getToken returned empty
2025-09-24 01:41:55.808   964-964   Capacitor/Console       com.confessr.app                     I  File: https://localhost/assets/index-POZ9EIIE.js - Line 358 - Msg: [supabase-pipeline] 20:11:55.778 🔑 getClient() called - hasClient=true isInitialized=true initPromiseActive=false
2025-09-24 01:41:55.810   964-964   Capacitor/Plugin        com.confessr.app                     V  To native (Capacitor plugin): callbackId: 42629469, pluginId: CapacitorSQLite, methodName: isDatabase
2025-09-24 01:41:55.810   964-964   Capacitor               com.confessr.app                     V  callback: 42629469, pluginId: CapacitorSQLite, methodName: isDatabase, methodData: {"database":"confessr_db"}
2025-09-24 01:41:55.830   964-964   Capacitor/Plugin        com.confessr.app                     V  To native (Capacitor plugin): callbackId: 42629470, pluginId: PushNotifications, methodName: addListener
2025-09-24 01:41:55.830   964-964   Capacitor               com.confessr.app                     V  callback: 42629470, pluginId: PushNotifications, methodName: addListener, methodData: {"eventName":"registration"}
2025-09-24 01:41:55.831   964-964   Capacitor/Plugin        com.confessr.app                     V  To native (Capacitor plugin): callbackId: 42629471, pluginId: PushNotifications, methodName: addListener
2025-09-24 01:41:55.831   964-964   Capacitor               com.confessr.app                     V  callback: 42629471, pluginId: PushNotifications, methodName: addListener, methodData: {"eventName":"registrationError"}
2025-09-24 01:41:55.831   964-4785  Capacitor/...ionsPlugin com.confessr.app                     V  Notifying listeners for event registration
2025-09-24 01:41:55.831   964-964   Capacitor/Console       com.confessr.app                     I  File: https://localhost/assets/index-POZ9EIIE.js - Line 107 - Msg: Database exists check: true
2025-09-24 01:41:55.831   964-964   Capacitor/Console       com.confessr.app                     I  File: https://localhost/assets/index-POZ9EIIE.js - Line 107 - Msg: 🔓 Opening encrypted database with secret mode...
2025-09-24 01:41:55.832   964-964   Capacitor/Plugin        com.confessr.app                     V  To native (Capacitor plugin): callbackId: 42629472, pluginId: App, methodName: addListener
2025-09-24 01:41:55.832   964-964   Capacitor               com.confessr.app                     V  callback: 42629472, pluginId: App, methodName: addListener, methodData: {"eventName":"resume"}
2025-09-24 01:41:55.833   964-964   Capacitor/Plugin        com.confessr.app                     V  To native (Capacitor plugin): callbackId: 42629473, pluginId: App, methodName: addListener
2025-09-24 01:41:55.833   964-964   Capacitor               com.confessr.app                     V  callback: 42629473, pluginId: App, methodName: addListener, methodData: {"eventName":"appUrlOpen"}
2025-09-24 01:41:55.833   964-964   Capacitor/Plugin        com.confessr.app                     V  To native (Capacitor plugin): callbackId: 42629474, pluginId: Network, methodName: addListener
2025-09-24 01:41:55.833   964-964   Capacitor               com.confessr.app                     V  callback: 42629474, pluginId: Network, methodName: addListener, methodData: {"eventName":"networkStatusChange"}
2025-09-24 01:41:55.861   964-964   Capacitor/Console       com.confessr.app                     I  File: https://localhost/assets/index-POZ9EIIE.js - Line 727 - Msg: [push] token received(core): cavkjl…
2025-09-24 01:41:55.861   964-964   Capacitor/Console       com.confessr.app                     I  File: https://localhost/assets/index-POZ9EIIE.js - Line 358 - Msg: [supabase-pipeline] 20:11:55.836 🗄️ Executing upsert device token...
2025-09-24 01:41:55.861   964-964   Capacitor/Console       com.confessr.app                     I  File: https://localhost/assets/index-POZ9EIIE.js - Line 358 - Msg: [supabase-pipeline] 20:11:55.836 🔑 getClient() called - hasClient=true isInitialized=true initPromiseActive=false
2025-09-24 01:41:55.862   964-964   Capacitor/Plugin        com.confessr.app                     V  To native (Capacitor plugin): callbackId: 42629475, pluginId: CapacitorSQLite, methodName: createConnection
2025-09-24 01:41:55.862   964-964   Capacitor               com.confessr.app                     V  callback: 42629475, pluginId: CapacitorSQLite, methodName: createConnection, methodData: {"database":"confessr_db","encrypted":true,"mode":"secret","version":1,"readonly":false}
2025-09-24 01:41:55.874   964-4785  com.getcap...e.Database com.confessr.app                     V  &&& file path /data/user/0/com.confessr.app/databases/confessr_dbSQLite.db
2025-09-24 01:41:55.890   964-964   Capacitor/Console       com.confessr.app                     I  File: https://localhost/assets/index-POZ9EIIE.js - Line 358 - Msg: [supabase-pipeline] 20:11:55.863 [38;5;159m[fetch][0m POST https://sxykfyqrqwifkirveqgr.supabase.co/rest/v1/user_devices?on_conflict=token
2025-09-24 01:41:55.923   964-964   Capacitor/Console       com.confessr.app                     I  File:  - Line 334 - Msg: undefined
2025-09-24 01:41:55.940   964-964   Capacitor/Plugin        com.confessr.app                     V  To native (Capacitor plugin): callbackId: 42629476, pluginId: CapacitorSQLite, methodName: open
2025-09-24 01:41:55.941   964-964   Capacitor               com.confessr.app                     V  callback: 42629476, pluginId: CapacitorSQLite, methodName: open, methodData: {"database":"confessr_db","readonly":false}
2025-09-24 01:41:56.109   964-964   Capacitor/Console       com.confessr.app                     I  File: https://localhost/assets/index-POZ9EIIE.js - Line 381 - Msg: [outbox-unified] Trigger requested from: auth-token-refreshed (priority: high)
2025-09-24 01:41:56.109   964-964   Capacitor/Console       com.confessr.app                     I  File: https://localhost/assets/index-POZ9EIIE.js - Line 381 - Msg: [outbox-unified] Scheduling processing in 50ms for: auth-token-refreshed
2025-09-24 01:41:56.166   964-964   Capacitor/Console       com.confessr.app                     I  File: https://localhost/assets/index-POZ9EIIE.js - Line 381 - Msg: [outbox-unified] Starting processing session outbox-1758658316153
2025-09-24 01:41:56.167   964-964   Capacitor/Console       com.confessr.app                     I  File: https://localhost/assets/index-POZ9EIIE.js - Line 381 - Msg: [outbox-unified] outbox-1758658316153 - SQLite not ready, aborting
2025-09-24 01:41:56.167   964-964   Capacitor/Console       com.confessr.app                     I  File: https://localhost/assets/index-POZ9EIIE.js - Line 381 - Msg: [outbox-unified] outbox-1758658316153 - Processing session completed
2025-09-24 01:41:56.249   964-964   Capacitor/Console       com.confessr.app                     I  File: https://localhost/assets/index-POZ9EIIE.js - Line 358 - Msg: [supabase-pipeline] 20:11:56.239 🗄️ upsert device token success
2025-09-24 01:41:56.249   964-964   Capacitor/Console       com.confessr.app                     I  File: https://localhost/assets/index-POZ9EIIE.js - Line 727 - Msg: [push] 2025-09-23T20:11:56.239Z token:registered android cavkjl…
2025-09-24 01:41:56.398   964-964   Capacitor/Console       com.confessr.app                     I  File:  - Line 334 - Msg: undefined
2025-09-24 01:41:56.398   964-964   Capacitor/Console       com.confessr.app                     I  File: https://localhost/assets/index-POZ9EIIE.js - Line 107 - Msg: ✅ Encrypted database opened successfully
2025-09-24 01:41:56.426   964-964   Capacitor/Plugin        com.confessr.app                     V  To native (Capacitor plugin): callbackId: 42629477, pluginId: CapacitorSQLite, methodName: execute
2025-09-24 01:41:56.426   964-964   Capacitor               com.confessr.app                     V  callback: 42629477, pluginId: CapacitorSQLite, methodName: execute, methodData: {"database":"confessr_db","statements":"PRAGMA cipher_memory_security = ON;","transaction":true,"readonly":false,"isSQL92":true}
2025-09-24 01:41:56.479   964-964   Capacitor/Console       com.confessr.app                     I  File: https://localhost/assets/index-POZ9EIIE.js - Line 107 - Msg: ✅ Security pragma set
2025-09-24 01:41:56.479   964-964   Capacitor/Console       com.confessr.app                     I  File: https://localhost/assets/index-POZ9EIIE.js - Line 107 - Msg: 📊 Creating tables in encrypted database...
2025-09-24 01:41:56.507   964-964   Capacitor/Plugin        com.confessr.app                     V  To native (Capacitor plugin): callbackId: 42629478, pluginId: CapacitorSQLite, methodName: execute
2025-09-24 01:41:56.508   964-964   Capacitor               com.confessr.app                     V  callback: 42629478, pluginId: CapacitorSQLite, methodName: execute, methodData: {"database":"confessr_db","statements":"\n      CREATE TABLE IF NOT EXISTS messages (\n        id TEXT PRIMARY KEY,\n        group_id TEXT NOT NULL,\n        user_id TEXT NOT NULL,\n        content TEXT NOT NULL,\n        is_ghost INTEGER DEFAULT 0,\n        message_type TEXT DEFAULT 'text',\n        category TEXT,\n        parent_id TEXT,\n        image_url TEXT,\n        created_at INTEGER NOT NULL,\n        local_id INTEGER UNIQUE,\n        updated_at INTEGER,\n        deleted_at INTEGER\n      );\n\n      CREATE TABLE IF NOT EXISTS groups (\n        id TEXT PRIMARY KEY,\n        name TEXT NOT NULL,\n        description TEXT,\n        invite_code TEXT,\n        created_by TEXT NOT NULL,\n        created_at INTEGER NOT NULL,\n        last_sync_timestamp INTEGER DEFAULT 0,\n        avatar_url TEXT,\n        is_archived INTEGER DEFAULT 0\n      );\n\n      CREATE TABLE IF NOT EXISTS users (\n        id TEXT PRIMARY KEY,\n        display_name TEXT NOT NULL,\n        phone_number TEXT,\n        avatar_url TEXT,\n        is_onboarded INTEGER DEFAULT 0,\n        created_at INTEGER NOT NULL\n      );\n\n      CREATE TABLE IF NOT EXISTS outbox (\n        id INTEGER PRIMARY KEY AUTOINCREMENT,\n        group_id TEXT NOT NULL,\n        user_id TEXT NOT NULL,\n        content TEXT NOT NULL,\n        retry_count INTEGER DEFAULT 0,\n        next_retry_at INTEGER NOT NULL,\n        message_type TEXT DEFAULT 'text',\n        category TEXT,\n        parent_id TEXT,\n        image_url TEXT,\n        is_ghost INTEGER DEFAULT 0\n      );\n\n      CREATE TABLE IF NOT EXISTS sync_state (\n        key TEXT PRIMARY KEY,\n        value TEXT NOT NULL\n      );\n\n      \/* Polls table *\/\n      CREATE TABLE IF NOT EXISTS polls (\n        id TEXT PRIMARY KEY,\n        message_id TEXT NOT NULL,\n        question TEXT NOT NULL,\n        options TEXT NOT NULL, -- JSON string\n        created_at INTEGER NOT NULL,\n        closes_at INTEGER NOT NULL,\n        created_by TEXT NOT NULL,\n        FOREIGN KEY (message_id) REFERENCES messages(id)\n      );\n\n      \/* Poll votes table *\/\n      CREATE TABLE IF NOT EXISTS poll_votes (\n        poll_id TEXT NOT NULL,\n        user_id TEXT NOT NULL,\n        option_index INTEGER NOT NULL,\n        created_at INTEGER NOT NULL,\n        PRIMARY KEY (poll_id, user_id),\n        FOREIGN KEY (poll_id) REFERENCES polls(id)\n      );\n\n      \/* Reactions table *\/\n      CREATE TABLE IF NOT EXISTS reactions (\n        id TEXT PRIMARY KEY,\n        message_id TEXT NOT NULL,\n        user_id TEXT NOT NULL,\n        emoji TEXT NOT NULL,\n        created_at INTEGER NOT NULL,\n        FOREIGN KEY (message_id) REFERENCES messages(id)\n      );\n\n      \/* Group members table *\/\n      CREATE TABLE IF NOT EXISTS group_members (\n        group_id TEXT NOT NULL,\n        user_id TEXT NOT NULL,\n        role TEXT DEFAULT 'participant',\n        joined_at INTEGER NOT NULL,\n        PRIMARY KEY (group_id, user_id),\n        FOREIGN KEY (group_id) REFERENCES groups(id),\n        FOREIGN KEY (user_id) REFERENCES users(id)\n      );\n\n      \/* User pseudonyms for ghost messages *\/\n      CREATE TABLE IF NOT EXISTS user_pseudonyms (\n        group_id TEXT NOT NULL,\n        user_id TEXT NOT NULL,\n        pseudonym TEXT NOT NULL,\n        created_at INTEGER NOT NULL,\n        PRIMARY KEY (group_id, user_id)\n      );\n\n      \/* Confessions table for confession messages *\/\n      CREATE TABLE IF NOT EXISTS confessions (\n        id TEXT PRIMARY KEY,\n        message_id TEXT NOT NULL,\n        confession_type TEXT NOT NULL,\n        is_anonymous INTEGER DEFAULT 1,\n        FOREIGN KEY (message_id) REFERENCES messages(id)\n      );\n\n      \/* indexes *\/\n      CREATE INDEX IF NOT EXISTS idx_msg_group_date_asc\n        ON messages(group_id, created_at ASC);\n      CREATE INDEX IF NOT EXISTS idx_msg_group_date_desc\n        ON messages(group_id, created_at DESC);\n      CREATE INDEX IF NOT EXISTS idx_m
2025-09-24 01:41:56.597   964-964   Capacitor/Plugin        com.confessr.app                     V  To native (Capacitor plugin): callbackId: 42629479, pluginId: CapacitorSQLite, methodName: query
2025-09-24 01:41:56.598   964-964   Capacitor               com.confessr.app                     V  callback: 42629479, pluginId: CapacitorSQLite, methodName: query, methodData: {"database":"confessr_db","statement":"PRAGMA table_info(messages);","values":[],"readonly":false,"isSQL92":true}
2025-09-24 01:41:56.698   964-964   Capacitor/Plugin        com.confessr.app                     V  To native (Capacitor plugin): callbackId: 42629480, pluginId: CapacitorSQLite, methodName: query
2025-09-24 01:41:56.698   964-964   Capacitor               com.confessr.app                     V  callback: 42629480, pluginId: CapacitorSQLite, methodName: query, methodData: {"database":"confessr_db","statement":"PRAGMA table_info(messages);","values":[],"readonly":false,"isSQL92":true}
2025-09-24 01:41:56.785   964-964   Capacitor/Plugin        com.confessr.app                     V  To native (Capacitor plugin): callbackId: 42629481, pluginId: CapacitorSQLite, methodName: query
2025-09-24 01:41:56.786   964-964   Capacitor               com.confessr.app                     V  callback: 42629481, pluginId: CapacitorSQLite, methodName: query, methodData: {"database":"confessr_db","statement":"PRAGMA table_info(groups);","values":[],"readonly":false,"isSQL92":true}
2025-09-24 01:41:56.863   964-964   Capacitor/Plugin        com.confessr.app                     V  To native (Capacitor plugin): callbackId: 42629482, pluginId: CapacitorSQLite, methodName: query
2025-09-24 01:41:56.863   964-964   Capacitor               com.confessr.app                     V  callback: 42629482, pluginId: CapacitorSQLite, methodName: query, methodData: {"database":"confessr_db","statement":"PRAGMA table_info(groups);","values":[],"readonly":false,"isSQL92":true}
2025-09-24 01:41:56.950   964-964   Capacitor/Plugin        com.confessr.app                     V  To native (Capacitor plugin): callbackId: 42629483, pluginId: CapacitorSQLite, methodName: query
2025-09-24 01:41:56.950   964-964   Capacitor               com.confessr.app                     V  callback: 42629483, pluginId: CapacitorSQLite, methodName: query, methodData: {"database":"confessr_db","statement":"PRAGMA table_info(groups);","values":[],"readonly":false,"isSQL92":true}
2025-09-24 01:41:57.036   964-964   Capacitor/Plugin        com.confessr.app                     V  To native (Capacitor plugin): callbackId: 42629484, pluginId: CapacitorSQLite, methodName: query
2025-09-24 01:41:57.036   964-964   Capacitor               com.confessr.app                     V  callback: 42629484, pluginId: CapacitorSQLite, methodName: query, methodData: {"database":"confessr_db","statement":"PRAGMA table_info(groups);","values":[],"readonly":false,"isSQL92":true}
2025-09-24 01:41:57.114   964-964   Capacitor/Plugin        com.confessr.app                     V  To native (Capacitor plugin): callbackId: 42629485, pluginId: CapacitorSQLite, methodName: query
2025-09-24 01:41:57.114   964-964   Capacitor               com.confessr.app                     V  callback: 42629485, pluginId: CapacitorSQLite, methodName: query, methodData: {"database":"confessr_db","statement":"PRAGMA table_info(groups);","values":[],"readonly":false,"isSQL92":true}
2025-09-24 01:41:57.187   964-964   Capacitor/Plugin        com.confessr.app                     V  To native (Capacitor plugin): callbackId: 42629486, pluginId: CapacitorSQLite, methodName: query
2025-09-24 01:41:57.187   964-964   Capacitor               com.confessr.app                     V  callback: 42629486, pluginId: CapacitorSQLite, methodName: query, methodData: {"database":"confessr_db","statement":"PRAGMA table_info(groups);","values":[],"readonly":false,"isSQL92":true}
2025-09-24 01:41:57.249   964-964   Capacitor/Plugin        com.confessr.app                     V  To native (Capacitor plugin): callbackId: 42629487, pluginId: CapacitorSQLite, methodName: query
2025-09-24 01:41:57.250   964-964   Capacitor               com.confessr.app                     V  callback: 42629487, pluginId: CapacitorSQLite, methodName: query, methodData: {"database":"confessr_db","statement":"PRAGMA table_info(groups);","values":[],"readonly":false,"isSQL92":true}
2025-09-24 01:41:57.309   964-964   Capacitor/Plugin        com.confessr.app                     V  To native (Capacitor plugin): callbackId: 42629488, pluginId: CapacitorSQLite, methodName: query
2025-09-24 01:41:57.309   964-964   Capacitor               com.confessr.app                     V  callback: 42629488, pluginId: CapacitorSQLite, methodName: query, methodData: {"database":"confessr_db","statement":"PRAGMA table_info(users);","values":[],"readonly":false,"isSQL92":true}
2025-09-24 01:41:57.372   964-964   Capacitor/Plugin        com.confessr.app                     V  To native (Capacitor plugin): callbackId: 42629489, pluginId: CapacitorSQLite, methodName: query
2025-09-24 01:41:57.372   964-964   Capacitor               com.confessr.app                     V  callback: 42629489, pluginId: CapacitorSQLite, methodName: query, methodData: {"database":"confessr_db","statement":"PRAGMA table_info(users);","values":[],"readonly":false,"isSQL92":true}
2025-09-24 01:41:57.415   964-964   Capacitor/Plugin        com.confessr.app                     V  To native (Capacitor plugin): callbackId: 42629490, pluginId: CapacitorSQLite, methodName: query
2025-09-24 01:41:57.416   964-964   Capacitor               com.confessr.app                     V  callback: 42629490, pluginId: CapacitorSQLite, methodName: query, methodData: {"database":"confessr_db","statement":"PRAGMA table_info(users);","values":[],"readonly":false,"isSQL92":true}
2025-09-24 01:41:57.461   964-964   Capacitor/Console       com.confessr.app                     I  File: https://localhost/assets/index-POZ9EIIE.js - Line 252 - Msg: ✅ Database migration completed
2025-09-24 01:41:57.461   964-964   Capacitor/Console       com.confessr.app                     I  File: https://localhost/assets/index-POZ9EIIE.js - Line 107 - Msg: ✅ Tables created in encrypted database
2025-09-24 01:41:57.461   964-964   Capacitor/Console       com.confessr.app                     I  File: https://localhost/assets/index-POZ9EIIE.js - Line 107 - Msg: ✅ Encrypted SQLite ready
2025-09-24 01:41:57.461   964-964   Capacitor/Console       com.confessr.app                     I  File: https://localhost/assets/index-POZ9EIIE.js - Line 252 - Msg: 🧪 Testing local storage...
2025-09-24 01:41:57.478   964-964   Capacitor/Plugin        com.confessr.app                     V  To native (Capacitor plugin): callbackId: 42629491, pluginId: CapacitorSQLite, methodName: run
2025-09-24 01:41:57.478   964-964   Capacitor               com.confessr.app                     V  callback: 42629491, pluginId: CapacitorSQLite, methodName: run, methodData: {"database":"confessr_db","statement":"\n        INSERT OR REPLACE INTO users (id, display_name, phone_number, avatar_url, is_onboarded, created_at)\n        VALUES (?, ?, ?, ?, ?, ?)\n      ","values":["test-user-id","Test User","+1234567890",null,1,1758658317438],"transaction":true,"readonly":false,"returnMode":"no","isSQL92":true}
2025-09-24 01:41:57.519   964-964   Capacitor/Console       com.confessr.app                     I  File: https://localhost/assets/index-POZ9EIIE.js - Line 255 - Msg: ✅ Test user saved
2025-09-24 01:41:57.535   964-964   Capacitor/Plugin        com.confessr.app                     V  To native (Capacitor plugin): callbackId: 42629492, pluginId: CapacitorSQLite, methodName: query
2025-09-24 01:41:57.535   964-964   Capacitor               com.confessr.app                     V  callback: 42629492, pluginId: CapacitorSQLite, methodName: query, methodData: {"database":"confessr_db","statement":"SELECT * FROM users WHERE id = ?","values":["test-user-id"],"readonly":false,"isSQL92":true}
2025-09-24 01:41:57.587   964-964   Capacitor/Console       com.confessr.app                     I  File: https://localhost/assets/index-POZ9EIIE.js - Line 255 - Msg: 📋 Retrieved user: [object Object]
2025-09-24 01:41:57.587   964-964   Capacitor/Console       com.confessr.app                     I  File: https://localhost/assets/index-POZ9EIIE.js - Line 255 - Msg: ✅ Local storage test passed! Data was successfully saved and retrieved.
2025-09-24 01:41:57.607   964-964   Capacitor/Plugin        com.confessr.app                     V  To native (Capacitor plugin): callbackId: 42629493, pluginId: CapacitorSQLite, methodName: run
2025-09-24 01:41:57.608   964-964   Capacitor               com.confessr.app                     V  callback: 42629493, pluginId: CapacitorSQLite, methodName: run, methodData: {"database":"confessr_db","statement":"INSERT OR REPLACE INTO messages\n         (id, group_id, user_id, content, is_ghost, message_type, category, parent_id, image_url, created_at, updated_at, deleted_at)\n         VALUES (?, ?, ?, ?, ?, ?, ?, ?, ?, ?, ?, ?);","values":["test-message-id","test-group-id","test-user-id","Test message content",0,"text",null,null,null,1758658317556,null,null],"transaction":true,"readonly":false,"returnMode":"no","isSQL92":true}
2025-09-24 01:41:57.659   964-964   Capacitor/Console       com.confessr.app                     I  File: https://localhost/assets/index-POZ9EIIE.js - Line 257 - Msg: ✅ Test message saved
2025-09-24 01:41:57.677   964-964   Capacitor/Plugin        com.confessr.app                     V  To native (Capacitor plugin): callbackId: 42629494, pluginId: CapacitorSQLite, methodName: query
2025-09-24 01:41:57.677   964-964   Capacitor               com.confessr.app                     V  callback: 42629494, pluginId: CapacitorSQLite, methodName: query, methodData: {"database":"confessr_db","statement":"SELECT * FROM messages WHERE group_id = ? ORDER BY created_at ASC LIMIT 50 OFFSET 0","values":["test-group-id"],"readonly":false,"isSQL92":true}
2025-09-24 01:41:57.692   964-964   Capacitor/Console       com.confessr.app                     I  File: https://localhost/assets/index-POZ9EIIE.js - Line 257 - Msg: 📋 Retrieved messages: [object Object]
2025-09-24 01:41:57.692   964-964   Capacitor/Console       com.confessr.app                     I  File: https://localhost/assets/index-POZ9EIIE.js - Line 257 - Msg: ✅ Message storage test passed! Message was successfully saved and retrieved.
2025-09-24 01:41:57.693   964-964   Capacitor/Console       com.confessr.app                     I  File: https://localhost/assets/index-POZ9EIIE.js - Line 727 - Msg: ✅ SQLite initialized successfully
2025-09-24 01:41:57.693   964-964   Capacitor/Console       com.confessr.app                     I  File: https://localhost/assets/index-POZ9EIIE.js - Line 727 - Msg: 🌐 Network status monitoring handled centrally in main.tsx
2025-09-24 01:41:57.714   964-964   Capacitor/Console       com.confessr.app                     I  File: https://localhost/assets/index-POZ9EIIE.js - Line 358 - Msg: 🎧 Setting up auth state listener...
2025-09-24 01:41:57.715   964-964   Capacitor/Console       com.confessr.app                     I  File: https://localhost/assets/index-POZ9EIIE.js - Line 358 - Msg: [supabase-pipeline] 20:11:57.692 🔑 getClient() called - hasClient=true isInitialized=true initPromiseActive=false
2025-09-24 01:41:57.716   964-964   Capacitor/Console       com.confessr.app                     I  File: https://localhost/assets/index-POZ9EIIE.js - Line 358 - Msg: 🔍 Initializing authentication...
2025-09-24 01:41:57.716   964-964   Capacitor/Console       com.confessr.app                     I  File: https://localhost/assets/index-POZ9EIIE.js - Line 358 - Msg: [supabase-pipeline] 20:11:57.694 🔐 Attempting session recovery using cached tokens
2025-09-24 01:41:57.717   964-964   Capacitor/Console       com.confessr.app                     I  File: https://localhost/assets/index-POZ9EIIE.js - Line 358 - Msg: [supabase-pipeline] 20:11:57.694 🔑 getClient() called - hasClient=true isInitialized=true initPromiseActive=false
2025-09-24 01:41:57.732   964-964   Capacitor/Console       com.confessr.app                     I  File: https://localhost/assets/index-POZ9EIIE.js - Line 358 - Msg: 🔄 Auth state changed: INITIAL_SESSION 839d1d4a-e72b-47bb-b74e-ef28a15f43ee
2025-09-24 01:41:57.733   964-964   Capacitor/Console       com.confessr.app                     I  File: https://localhost/assets/index-POZ9EIIE.js - Line 358 - Msg: 📡 Auth event: INITIAL_SESSION
2025-09-24 01:41:57.757   964-964   Capacitor/Console       com.confessr.app                     I  File: https://localhost/assets/index-POZ9EIIE.js - Line 358 - Msg: [supabase-pipeline] 20:11:57.740 [38;5;159m[fetch][0m GET https://sxykfyqrqwifkirveqgr.supabase.co/auth/v1/user
2025-09-24 01:41:58.124   964-964   Capacitor/Console       com.confessr.app                     I  File: https://localhost/assets/index-POZ9EIIE.js - Line 358 - Msg: [supabase-pipeline] 20:11:58.107 🔑 Token cached: user=839d1d4a hasAccess=true hasRefresh=true
2025-09-24 01:41:58.125   964-964   Capacitor/Console       com.confessr.app                     I  File: https://localhost/assets/index-POZ9EIIE.js - Line 385 - Msg: [realtime-v2] Auth event: SIGNED_IN
2025-09-24 01:41:58.125   964-964   Capacitor/Console       com.confessr.app                     I  File: https://localhost/assets/index-POZ9EIIE.js - Line 385 - Msg: [realtime-v2] Token applied; channel healthy, no reconnect
2025-09-24 01:41:58.126   964-964   Capacitor/Console       com.confessr.app                     I  File: https://localhost/assets/index-POZ9EIIE.js - Line 381 - Msg: [outbox-unified] Resetting outbox processing state
2025-09-24 01:41:58.126   964-964   Capacitor/Console       com.confessr.app                     I  File: https://localhost/assets/index-POZ9EIIE.js - Line 381 - Msg: [outbox-unified] Reset watchdog timeout count - state cleared, no auto-trigger
2025-09-24 01:41:58.127   964-964   Capacitor/Console       com.confessr.app                     I  File: https://localhost/assets/index-POZ9EIIE.js - Line 358 - Msg: 🔄 Auth state changed: SIGNED_IN 839d1d4a-e72b-47bb-b74e-ef28a15f43ee
2025-09-24 01:41:58.127   964-964   Capacitor/Console       com.confessr.app                     I  File: https://localhost/assets/index-POZ9EIIE.js - Line 358 - Msg: 🔄 User signed in (during init), letting initializeAuth handle it
2025-09-24 01:41:58.128   964-964   Capacitor/Console       com.confessr.app                     I  File: https://localhost/assets/index-POZ9EIIE.js - Line 358 - Msg: [supabase-pipeline] 20:11:58.108 🔐 Session recovered successfully using cached tokens
2025-09-24 01:41:58.129   964-964   Capacitor/Console       com.confessr.app                     I  File: https://localhost/assets/index-POZ9EIIE.js - Line 358 - Msg: 👤 Active session found for user: 839d1d4a-e72b-47bb-b74e-ef28a15f43ee
2025-09-24 01:41:58.129   964-964   Capacitor/Console       com.confessr.app                     I  File: https://localhost/assets/index-POZ9EIIE.js - Line 358 - Msg: 🔄 Syncing user profile for: 839d1d4a-e72b-47bb-b74e-ef28a15f43ee
2025-09-24 01:41:58.141   964-964   Capacitor/Console       com.confessr.app                     I  File: https://localhost/assets/index-POZ9EIIE.js - Line 358 - Msg: [supabase-pipeline] 20:11:58.132 [38;5;159m[fetch][0m GET https://sxykfyqrqwifkirveqgr.supabase.co/rest/v1/users?select=*&id=eq.839d1d4a-e72b-47bb-b74e-ef28a15f43ee
2025-09-24 01:41:58.320   964-964   Capacitor/Console       com.confessr.app                     I  File: https://localhost/assets/index-POZ9EIIE.js - Line 358 - Msg: ✅ User profile found and loaded
2025-09-24 01:41:58.339   964-964   Capacitor/Console       com.confessr.app                     I  File: https://localhost/assets/index-POZ9EIIE.js - Line 727 - Msg: 🎨 App render state: [object Object]
2025-09-24 01:41:58.339   964-964   Capacitor/Console       com.confessr.app                     I  File: https://localhost/assets/index-POZ9EIIE.js - Line 358 - Msg: 🏁 Auth initialization complete
2025-09-24 01:41:58.340   964-964   Capacitor/Console       com.confessr.app                     I  File: https://localhost/assets/index-POZ9EIIE.js - Line 727 - Msg: 🚀 Starting outbox processor...
2025-09-24 01:41:58.341   964-964   Capacitor/Console       com.confessr.app                     I  File: https://localhost/assets/index-POZ9EIIE.js - Line 381 - Msg: [outbox-unified] Resetting outbox processing state
2025-09-24 01:41:58.341   964-964   Capacitor/Console       com.confessr.app                     I  File: https://localhost/assets/index-POZ9EIIE.js - Line 381 - Msg: [outbox-unified] Reset watchdog timeout count - state cleared, no auto-trigger
2025-09-24 01:41:58.341   964-964   Capacitor/Console       com.confessr.app                     I  File: https://localhost/assets/index-POZ9EIIE.js - Line 381 - Msg: [outbox-unified] Trigger requested from: processor-start (priority: immediate)
2025-09-24 01:41:58.341   964-964   Capacitor/Console       com.confessr.app                     I  File: https://localhost/assets/index-POZ9EIIE.js - Line 381 - Msg: [outbox-unified] Scheduling processing in 0ms for: processor-start
2025-09-24 01:41:58.341   964-964   Capacitor/Console       com.confessr.app                     I  File: https://localhost/assets/index-POZ9EIIE.js - Line 727 - Msg: 🎨 App render state: [object Object]
