---------------------------- PROCESS STARTED (359) for package com.confessr.app ----------------------------
2025-09-28 04:36:41.830   359-359   Capacitor               com.confessr.app                     D  Starting BridgeActivity
2025-09-28 04:36:41.846   359-359   Capacitor               com.confessr.app                     D  Registering plugin instance: CapacitorCookies
2025-09-28 04:36:41.849   359-359   Capacitor               com.confessr.app                     D  Registering plugin instance: WebView
2025-09-28 04:36:41.850   359-359   Capacitor               com.confessr.app                     D  Registering plugin instance: CapacitorHttp
2025-09-28 04:36:41.851   359-359   Capacitor               com.confessr.app                     D  Registering plugin instance: CapacitorSQLite
2025-09-28 04:36:41.980   359-359   Capacitor               com.confessr.app                     D  Registering plugin instance: FirebaseMessaging
2025-09-28 04:36:41.981   359-359   Capacitor               com.confessr.app                     D  Registering plugin instance: App
2025-09-28 04:36:41.982   359-359   Capacitor               com.confessr.app                     D  Registering plugin instance: Haptics
2025-09-28 04:36:41.985   359-359   Capacitor               com.confessr.app                     D  Registering plugin instance: Keyboard
2025-09-28 04:36:41.986   359-359   Capacitor               com.confessr.app                     D  Registering plugin instance: Network
2025-09-28 04:36:41.987   359-359   Capacitor               com.confessr.app                     D  Registering plugin instance: Preferences
2025-09-28 04:36:41.989   359-359   Capacitor               com.confessr.app                     D  Registering plugin instance: PushNotifications
2025-09-28 04:36:42.014   359-359   Capacitor               com.confessr.app                     W  Unable to read file at path public/plugins
2025-09-28 04:36:42.017   359-359   Capacitor               com.confessr.app                     D  Loading app at https://localhost
2025-09-28 04:36:42.041   359-7156  Capacitor               com.confessr.app                     D  Handling local request: https://localhost/
2025-09-28 04:36:42.049   359-359   Capacitor               com.confessr.app                     D  App started
2025-09-28 04:36:42.051   359-359   Capacitor/AppPlugin     com.confessr.app                     D  Firing change: true
2025-09-28 04:36:42.051   359-359   Capacitor/AppPlugin     com.confessr.app                     V  Notifying listeners for event appStateChange
2025-09-28 04:36:42.051   359-359   Capacitor/AppPlugin     com.confessr.app                     D  No listeners found for event appStateChange
2025-09-28 04:36:42.056   359-359   Capacitor               com.confessr.app                     D  App resumed
2025-09-28 04:36:42.064   359-7254  Capacitor/NetworkPlugin com.confessr.app                     V  Notifying listeners for event networkStatusChange
2025-09-28 04:36:42.064   359-7254  Capacitor/NetworkPlugin com.confessr.app                     D  No listeners found for event networkStatusChange
2025-09-28 04:36:42.135   359-7157  Capacitor               com.confessr.app                     D  Handling local request: https://localhost/assets/index-Ch4a5m3f.js
2025-09-28 04:36:42.135   359-7156  Capacitor               com.confessr.app                     D  Handling local request: https://localhost/assets/index-DCAHsDh_.css
2025-09-28 04:36:42.398   359-359   Capacitor/Console       com.confessr.app                     I  File: https://localhost/assets/index-Ch4a5m3f.js - Line 359 - Msg: [supabase-pipeline] 23:06:42.396 🚀 Pipeline initialized
2025-09-28 04:36:42.399   359-359   Capacitor/Console       com.confessr.app                     I  File: https://localhost/assets/index-Ch4a5m3f.js - Line 359 - Msg: [supabase-pipeline] 23:06:42.398 🧪 Debug tag: v2025-09-24.stage-markers.v2
2025-09-28 04:36:42.399   359-359   Capacitor/Console       com.confessr.app                     I  File: https://localhost/assets/index-Ch4a5m3f.js - Line 359 - Msg: [supabase-pipeline] 23:06:42.398 🧪 Marker pack installed: entered-send, pre-network, POST markers, 5s timeout→outbox, watchdog job creation
2025-09-28 04:36:42.399   359-359   Capacitor/Console       com.confessr.app                     I  File: https://localhost/assets/index-Ch4a5m3f.js - Line 359 - Msg: [supabase-pipeline] 23:06:42.398 🔄 initialize() called - force=false isInitialized=false hasClient=false initPromiseActive=false
2025-09-28 04:36:42.399   359-359   Capacitor/Console       com.confessr.app                     I  File: https://localhost/assets/index-Ch4a5m3f.js - Line 359 - Msg: [supabase-pipeline] 23:06:42.398 🔄 Initializing Supabase client...
2025-09-28 04:36:42.399   359-359   Capacitor/Console       com.confessr.app                     I  File: https://localhost/assets/index-Ch4a5m3f.js - Line 359 - Msg: [supabase-pipeline] 23:06:42.398 🔄 Supabase env present? url=true anonKey=true
2025-09-28 04:36:42.416   359-359   Capacitor/Console       com.confessr.app                     I  File: https://localhost/assets/index-Ch4a5m3f.js - Line 359 - Msg: [supabase-pipeline] 23:06:42.413 🔄 Supabase client created ONCE (persistSession=true, autoRefreshToken=true)
2025-09-28 04:36:42.420   359-359   Capacitor/Console       com.confessr.app                     I  File: https://localhost/assets/index-Ch4a5m3f.js - Line 359 - Msg: 💧 Rehydrating auth state...
2025-09-28 04:36:42.420   359-359   Capacitor/Console       com.confessr.app                     I  File: https://localhost/assets/index-Ch4a5m3f.js - Line 359 - Msg: 💧 Auth state rehydrated with user: 839d1d4a-e72b-47bb-b74e-ef28a15f43ee
2025-09-28 04:36:42.420   359-359   Capacitor/Console       com.confessr.app                     I  File: https://localhost/assets/index-Ch4a5m3f.js - Line 362 - Msg: 📦 MessageCache: Initialized with 15min expiry, max 10 chats
2025-09-28 04:36:42.421   359-359   Capacitor/Console       com.confessr.app                     I  File: https://localhost/assets/index-Ch4a5m3f.js - Line 386 - Msg: [webview-lifecycle] 23:06:42 🌐 WebView Lifecycle Manager initialized
2025-09-28 04:36:42.421   359-359   Capacitor/Console       com.confessr.app                     I  File: https://localhost/assets/index-Ch4a5m3f.js - Line 386 - Msg: [general] 23:06:42 ℹ️ Mobile Logger initialized - Session: 1759014402421-zlz7a3o8j, Platform: android
2025-09-28 04:36:42.424   359-359   Capacitor/Console       com.confessr.app                     I  File: https://localhost/assets/index-Ch4a5m3f.js - Line 386 - Msg: [realtime-v2] Initializing auth state listener for chat store
2025-09-28 04:36:42.424   359-359   Capacitor/Console       com.confessr.app                     I  File: https://localhost/assets/index-Ch4a5m3f.js - Line 386 - Msg: [realtime-v2] Setting up auth state listener for realtime
2025-09-28 04:36:42.425   359-359   Capacitor/Console       com.confessr.app                     I  File: https://localhost/assets/index-Ch4a5m3f.js - Line 359 - Msg: [supabase-pipeline] 23:06:42.424 🔑 getClient() called - hasClient=true isInitialized=false initPromiseActive=true
2025-09-28 04:36:42.425   359-359   Capacitor/Console       com.confessr.app                     I  File: https://localhost/assets/index-Ch4a5m3f.js - Line 359 - Msg: [supabase-pipeline] 23:06:42.424 🔑 getClient() -> calling initialize()
2025-09-28 04:36:42.425   359-359   Capacitor/Console       com.confessr.app                     I  File: https://localhost/assets/index-Ch4a5m3f.js - Line 359 - Msg: [supabase-pipeline] 23:06:42.424 🔄 initialize() called - force=false isInitialized=false hasClient=true initPromiseActive=true
2025-09-28 04:36:42.425   359-359   Capacitor/Console       com.confessr.app                     I  File: https://localhost/assets/index-Ch4a5m3f.js - Line 359 - Msg: [supabase-pipeline] 23:06:42.424 🔄 initialize() waiting for existing initializePromise
2025-09-28 04:36:42.429   359-359   Capacitor/Console       com.confessr.app                     I  File: https://localhost/assets/index-Ch4a5m3f.js - Line 387 - Msg: [device-lock] 23:06:42 🔒 Device Lock Detection Manager initialized
2025-09-28 04:36:42.430   359-359   Capacitor/Console       com.confessr.app                     I  File: https://localhost/assets/index-Ch4a5m3f.js - Line 387 - Msg: [whatsapp-connection] 23:06:42 📱 WhatsApp-Style Connection Manager initialized
2025-09-28 04:36:42.438   359-359   Capacitor/Console       com.confessr.app                     I  File: https://localhost/assets/index-Ch4a5m3f.js - Line 386 - Msg: [general] 23:06:42 ℹ️ Initializing WhatsApp-style connection system
2025-09-28 04:36:42.439   359-359   Capacitor/Console       com.confessr.app                     I  File: https://localhost/assets/index-Ch4a5m3f.js - Line 359 - Msg: [supabase-pipeline] 23:06:42.438 ✅ Supabase client initialized successfully (PERMANENT INSTANCE)
2025-09-28 04:36:42.443   359-359   Capacitor/Plugin        com.confessr.app                     V  To native (Capacitor plugin): callbackId: 105835731, pluginId: App, methodName: addListener
2025-09-28 04:36:42.443   359-359   Capacitor               com.confessr.app                     V  callback: 105835731, pluginId: App, methodName: addListener, methodData: {"eventName":"appStateChange"}
2025-09-28 04:36:42.444   359-7155  Capacitor               com.confessr.app                     D  Handling local request: https://localhost/assets/capacitor-firebase-messaging-HNnXeiEZ.js
2025-09-28 04:36:42.444   359-359   Capacitor/Plugin        com.confessr.app                     V  To native (Capacitor plugin): callbackId: 105835732, pluginId: App, methodName: addListener
2025-09-28 04:36:42.444   359-359   Capacitor               com.confessr.app                     V  callback: 105835732, pluginId: App, methodName: addListener, methodData: {"eventName":"resume"}
2025-09-28 04:36:42.445   359-359   Capacitor/Plugin        com.confessr.app                     V  To native (Capacitor plugin): callbackId: 105835733, pluginId: Network, methodName: getStatus
2025-09-28 04:36:42.445   359-359   Capacitor               com.confessr.app                     V  callback: 105835733, pluginId: Network, methodName: getStatus, methodData: {}
2025-09-28 04:36:42.477   359-359   Capacitor/Console       com.confessr.app                     I  File: https://localhost/assets/index-Ch4a5m3f.js - Line 386 - Msg: [webview-lifecycle] 23:06:42 ✅ WebView context fully restored and ready
2025-09-28 04:36:42.485   359-359   Capacitor/Console       com.confessr.app                     I  File: https://localhost/assets/index-Ch4a5m3f.js - Line 386 - Msg: [network] 23:06:42 ℹ️ Initial network status: online {"connectionType":"wifi"}
2025-09-28 04:36:42.486   359-359   Capacitor/Console       com.confessr.app                     I  File: https://localhost/assets/index-Ch4a5m3f.js - Line 387 - Msg: [whatsapp-connection] 23:06:42 📊 Status: connecting -  
2025-09-28 04:36:42.486   359-359   Capacitor/Console       com.confessr.app                     I  File: https://localhost/assets/index-Ch4a5m3f.js - Line 386 - Msg: [connection] 23:06:42 ℹ️ Connection status: connecting -  {"isUserVisible":false}
2025-09-28 04:36:42.490   359-359   Capacitor/Plugin        com.confessr.app                     V  To native (Capacitor plugin): callbackId: 105835734, pluginId: App, methodName: addListener
2025-09-28 04:36:42.490   359-359   Capacitor               com.confessr.app                     V  callback: 105835734, pluginId: App, methodName: addListener, methodData: {"eventName":"appStateChange"}
2025-09-28 04:36:42.492   359-359   Capacitor/Plugin        com.confessr.app                     V  To native (Capacitor plugin): callbackId: 105835735, pluginId: App, methodName: addListener
2025-09-28 04:36:42.492   359-359   Capacitor               com.confessr.app                     V  callback: 105835735, pluginId: App, methodName: addListener, methodData: {"eventName":"resume"}
2025-09-28 04:36:42.494   359-359   Capacitor/Plugin        com.confessr.app                     V  To native (Capacitor plugin): callbackId: 105835736, pluginId: Network, methodName: addListener
2025-09-28 04:36:42.494   359-359   Capacitor               com.confessr.app                     V  callback: 105835736, pluginId: Network, methodName: addListener, methodData: {"eventName":"networkStatusChange"}
2025-09-28 04:36:42.494   359-359   Capacitor/Console       com.confessr.app                     I  File: https://localhost/assets/index-Ch4a5m3f.js - Line 728 - Msg: 🚀 App mounted, setting up auth...
2025-09-28 04:36:42.495   359-359   Capacitor/Console       com.confessr.app                     I  File: https://localhost/assets/index-Ch4a5m3f.js - Line 728 - Msg: 📱 Native platform detected, initializing SQLite...
2025-09-28 04:36:42.495   359-359   Capacitor/Console       com.confessr.app                     I  File: https://localhost/assets/index-Ch4a5m3f.js - Line 107 - Msg: 🗄️ Initializing SQLite database...
2025-09-28 04:36:42.495   359-359   Capacitor/Console       com.confessr.app                     I  File: https://localhost/assets/index-Ch4a5m3f.js - Line 728 - Msg: 🎨 App render state: [object Object]
2025-09-28 04:36:42.505   359-359   Capacitor/Plugin        com.confessr.app                     V  To native (Capacitor plugin): callbackId: 105835737, pluginId: App, methodName: addListener
2025-09-28 04:36:42.505   359-359   Capacitor               com.confessr.app                     V  callback: 105835737, pluginId: App, methodName: addListener, methodData: {"eventName":"backButton"}
2025-09-28 04:36:42.505   359-359   Capacitor/Plugin        com.confessr.app                     V  To native (Capacitor plugin): callbackId: 105835738, pluginId: App, methodName: addListener
2025-09-28 04:36:42.505   359-359   Capacitor               com.confessr.app                     V  callback: 105835738, pluginId: App, methodName: addListener, methodData: {"eventName":"appStateChange"}
2025-09-28 04:36:42.541   359-7155  Capacitor               com.confessr.app                     D  Handling local request: https://localhost/favicon.ico
2025-09-28 04:36:42.541   359-7156  Capacitor               com.confessr.app                     D  Handling local request: https://localhost/assets/index-C8tpWJCl.js
2025-09-28 04:36:42.566   359-7155  Capacitor               com.confessr.app                     D  Handling local request: https://localhost/favicon.ico
2025-09-28 04:36:42.609   359-359   Capacitor/Console       com.confessr.app                     I  File: https://localhost/assets/index-Ch4a5m3f.js - Line 359 - Msg: [supabase-pipeline] 23:06:42.509 🔑 Token cached: user=839d1d4a hasAccess=true hasRefresh=true
2025-09-28 04:36:42.609   359-359   Capacitor/Console       com.confessr.app                     I  File: https://localhost/assets/index-Ch4a5m3f.js - Line 728 - Msg: [push] permission before(FirebaseMessaging): unknown
2025-09-28 04:36:42.610   359-359   Capacitor/Console       com.confessr.app                     I  File: https://localhost/assets/index-Ch4a5m3f.js - Line 728 - Msg: [push] permission after(FirebaseMessaging): denied
2025-09-28 04:36:42.611   359-359   Capacitor/Plugin        com.confessr.app                     V  To native (Capacitor plugin): callbackId: 105835739, pluginId: Preferences, methodName: get
2025-09-28 04:36:42.611   359-359   Capacitor               com.confessr.app                     V  callback: 105835739, pluginId: Preferences, methodName: get, methodData: {"key":"sqlite_encryption_key"}
2025-09-28 04:36:42.762   359-359   Capacitor/Console       com.confessr.app                     I  File: https://localhost/assets/index-Ch4a5m3f.js - Line 359 - Msg: [supabase-pipeline] 23:06:42.633 🔑 Token cached: user=839d1d4a hasAccess=true hasRefresh=true
2025-09-28 04:36:42.773   359-359   Capacitor/Console       com.confessr.app                     I  File: https://localhost/assets/index-Ch4a5m3f.js - Line 359 - Msg: [supabase-pipeline] 23:06:42.764 🧪 Corruption check: client is healthy (getSession successful)
2025-09-28 04:36:42.774   359-359   Capacitor/Plugin        com.confessr.app                     V  To native (Capacitor plugin): callbackId: 105835740, pluginId: CapacitorSQLite, methodName: setEncryptionSecret
2025-09-28 04:36:42.774   359-359   Capacitor               com.confessr.app                     V  callback: 105835740, pluginId: CapacitorSQLite, methodName: setEncryptionSecret, methodData: {"passphrase":"ab061e40325342b28537a23da981dc0b"}
2025-09-28 04:36:42.775   359-359   Capacitor/Plugin        com.confessr.app                     V  To native (Capacitor plugin): callbackId: 105835741, pluginId: PushNotifications, methodName: checkPermissions
2025-09-28 04:36:42.775   359-359   Capacitor               com.confessr.app                     V  callback: 105835741, pluginId: PushNotifications, methodName: checkPermissions, methodData: {}
2025-09-28 04:36:42.786   359-7221  com.getcap...RetHandler com.confessr.app                     V  *** ERROR SetEncryptionSecret: a passphrase has already been set 
2025-09-28 04:36:42.787   359-7221  Capacitor               com.confessr.app                     D  Sending plugin error: {"save":false,"callbackId":"105835740","pluginId":"CapacitorSQLite","methodName":"setEncryptionSecret","success":false,"error":{"message":"SetEncryptionSecret: a passphrase has already been set "}}
2025-09-28 04:36:42.877   359-359   Capacitor/Console       com.confessr.app                     I  File: https://localhost/assets/index-Ch4a5m3f.js - Line 386 - Msg: [realtime-v2] Auth event: INITIAL_SESSION
2025-09-28 04:36:42.878   359-359   Capacitor/Console       com.confessr.app                     I  File: https://localhost/assets/index-Ch4a5m3f.js - Line 386 - Msg: [realtime-v2] Token applied; channel healthy, no reconnect
2025-09-28 04:36:42.878   359-359   Capacitor/Console       com.confessr.app                     I  File: https://localhost/assets/index-Ch4a5m3f.js - Line 382 - Msg: [outbox-unified] Resetting outbox processing state
2025-09-28 04:36:42.886   359-359   Capacitor/Console       com.confessr.app                     I  File: https://localhost/assets/index-Ch4a5m3f.js - Line 107 - Msg: 🔑 SQLite encryption key was already set
2025-09-28 04:36:42.887   359-359   Capacitor/Console       com.confessr.app                     I  File: https://localhost/assets/index-Ch4a5m3f.js - Line 728 - Msg: [push] permission before(PushNotifications): granted
2025-09-28 04:36:42.968   359-359   Capacitor/Plugin        com.confessr.app                     V  To native (Capacitor plugin): callbackId: 105835742, pluginId: CapacitorSQLite, methodName: isDatabase
2025-09-28 04:36:42.968   359-359   Capacitor               com.confessr.app                     V  callback: 105835742, pluginId: CapacitorSQLite, methodName: isDatabase, methodData: {"database":"confessr_db"}
2025-09-28 04:36:42.968   359-359   Capacitor/Plugin        com.confessr.app                     V  To native (Capacitor plugin): callbackId: 105835743, pluginId: PushNotifications, methodName: register
2025-09-28 04:36:42.968   359-359   Capacitor               com.confessr.app                     V  callback: 105835743, pluginId: PushNotifications, methodName: register, methodData: {}
2025-09-28 04:36:42.975   359-359   Capacitor/...ionsPlugin com.confessr.app                     V  Notifying listeners for event registration
2025-09-28 04:36:42.975   359-359   Capacitor/...ionsPlugin com.confessr.app                     D  No listeners found for event registration
2025-09-28 04:36:43.041   359-359   Capacitor/Console       com.confessr.app                     I  File: https://localhost/assets/index-Ch4a5m3f.js - Line 107 - Msg: Database exists check: true
2025-09-28 04:36:43.041   359-359   Capacitor/Console       com.confessr.app                     I  File: https://localhost/assets/index-Ch4a5m3f.js - Line 107 - Msg: 🔓 Opening encrypted database with secret mode...
2025-09-28 04:36:43.042   359-359   Capacitor/Console       com.confessr.app                     I  File:  - Line 334 - Msg: undefined
2025-09-28 04:36:43.042   359-359   Capacitor/Console       com.confessr.app                     I  File: https://localhost/assets/index-Ch4a5m3f.js - Line 728 - Msg: [push] FirebaseMessaging.getToken returned empty
2025-09-28 04:36:43.043   359-359   Capacitor/Console       com.confessr.app                     I  File: https://localhost/assets/index-Ch4a5m3f.js - Line 359 - Msg: [supabase-pipeline] 23:06:42.996 🔑 getClient() called - hasClient=true isInitialized=true initPromiseActive=false
2025-09-28 04:36:43.047   359-359   Capacitor/Plugin        com.confessr.app                     V  To native (Capacitor plugin): callbackId: 105835744, pluginId: CapacitorSQLite, methodName: createConnection
2025-09-28 04:36:43.047   359-359   Capacitor               com.confessr.app                     V  callback: 105835744, pluginId: CapacitorSQLite, methodName: createConnection, methodData: {"database":"confessr_db","encrypted":true,"mode":"secret","version":1,"readonly":false}
2025-09-28 04:36:43.048   359-359   Capacitor/Plugin        com.confessr.app                     V  To native (Capacitor plugin): callbackId: 105835745, pluginId: PushNotifications, methodName: addListener
2025-09-28 04:36:43.048   359-359   Capacitor               com.confessr.app                     V  callback: 105835745, pluginId: PushNotifications, methodName: addListener, methodData: {"eventName":"registration"}
2025-09-28 04:36:43.048   359-359   Capacitor/Plugin        com.confessr.app                     V  To native (Capacitor plugin): callbackId: 105835746, pluginId: PushNotifications, methodName: addListener
2025-09-28 04:36:43.049   359-359   Capacitor               com.confessr.app                     V  callback: 105835746, pluginId: PushNotifications, methodName: addListener, methodData: {"eventName":"registrationError"}
2025-09-28 04:36:43.049   359-359   Capacitor/Plugin        com.confessr.app                     V  To native (Capacitor plugin): callbackId: 105835747, pluginId: App, methodName: addListener
2025-09-28 04:36:43.049   359-359   Capacitor               com.confessr.app                     V  callback: 105835747, pluginId: App, methodName: addListener, methodData: {"eventName":"resume"}
2025-09-28 04:36:43.050   359-359   Capacitor/Plugin        com.confessr.app                     V  To native (Capacitor plugin): callbackId: 105835748, pluginId: App, methodName: addListener
2025-09-28 04:36:43.050   359-359   Capacitor               com.confessr.app                     V  callback: 105835748, pluginId: App, methodName: addListener, methodData: {"eventName":"appUrlOpen"}
2025-09-28 04:36:43.050   359-359   Capacitor/Plugin        com.confessr.app                     V  To native (Capacitor plugin): callbackId: 105835749, pluginId: Network, methodName: addListener
2025-09-28 04:36:43.050   359-359   Capacitor               com.confessr.app                     V  callback: 105835749, pluginId: Network, methodName: addListener, methodData: {"eventName":"networkStatusChange"}
2025-09-28 04:36:43.060   359-7221  com.getcap...e.Database com.confessr.app                     V  &&& file path /data/user/0/com.confessr.app/databases/confessr_dbSQLite.db
2025-09-28 04:36:43.061   359-7221  Capacitor/...ionsPlugin com.confessr.app                     V  Notifying listeners for event registration
2025-09-28 04:36:43.103   359-359   Capacitor/Console       com.confessr.app                     I  File:  - Line 334 - Msg: undefined
2025-09-28 04:36:43.105   359-359   Capacitor/Console       com.confessr.app                     I  File: https://localhost/assets/index-Ch4a5m3f.js - Line 728 - Msg: [push] token received(core): dTC-VD…
2025-09-28 04:36:43.106   359-359   Capacitor/Console       com.confessr.app                     I  File: https://localhost/assets/index-Ch4a5m3f.js - Line 359 - Msg: [supabase-pipeline] 23:06:43.102 🗄️ Executing upsert device token...
2025-09-28 04:36:43.106   359-359   Capacitor/Console       com.confessr.app                     I  File: https://localhost/assets/index-Ch4a5m3f.js - Line 359 - Msg: [supabase-pipeline] 23:06:43.103 🔑 getClient() called - hasClient=true isInitialized=true initPromiseActive=false
2025-09-28 04:36:43.169   359-359   Capacitor/Plugin        com.confessr.app                     V  To native (Capacitor plugin): callbackId: 105835750, pluginId: CapacitorSQLite, methodName: open
2025-09-28 04:36:43.169   359-359   Capacitor               com.confessr.app                     V  callback: 105835750, pluginId: CapacitorSQLite, methodName: open, methodData: {"database":"confessr_db","readonly":false}
2025-09-28 04:36:43.173   359-359   Capacitor/Console       com.confessr.app                     I  File: https://localhost/assets/index-Ch4a5m3f.js - Line 359 - Msg: [supabase-pipeline] 23:06:43.170 [38;5;159m[fetch][0m POST https://sxykfyqrqwifkirveqgr.supabase.co/rest/v1/user_devices?on_conflict=token
2025-09-28 04:36:43.299   359-359   Capacitor/Console       com.confessr.app                     I  File: https://localhost/assets/index-Ch4a5m3f.js - Line 382 - Msg: [outbox-unified] Trigger requested from: auth-token-refreshed (priority: high)
2025-09-28 04:36:43.330   359-359   Capacitor/Console       com.confessr.app                     I  File: https://localhost/assets/index-Ch4a5m3f.js - Line 382 - Msg: [outbox-unified] Scheduling processing in 50ms for: auth-token-refreshed
2025-09-28 04:36:43.354   359-359   Capacitor/Console       com.confessr.app                     I  File: https://localhost/assets/index-Ch4a5m3f.js - Line 382 - Msg: [outbox-unified] Starting processing session outbox-1759014403352
2025-09-28 04:36:43.675   359-359   Capacitor/Console       com.confessr.app                     I  File:  - Line 334 - Msg: undefined
2025-09-28 04:36:43.675   359-359   Capacitor/Console       com.confessr.app                     I  File: https://localhost/assets/index-Ch4a5m3f.js - Line 107 - Msg: ✅ Encrypted database opened successfully
2025-09-28 04:36:43.701   359-359   Capacitor/Plugin        com.confessr.app                     V  To native (Capacitor plugin): callbackId: 105835751, pluginId: CapacitorSQLite, methodName: execute
2025-09-28 04:36:43.701   359-359   Capacitor               com.confessr.app                     V  callback: 105835751, pluginId: CapacitorSQLite, methodName: execute, methodData: {"database":"confessr_db","statements":"PRAGMA cipher_memory_security = ON;","transaction":true,"readonly":false,"isSQL92":true}
2025-09-28 04:36:43.751   359-359   Capacitor/Console       com.confessr.app                     I  File: https://localhost/assets/index-Ch4a5m3f.js - Line 107 - Msg: ✅ Security pragma set
2025-09-28 04:36:43.751   359-359   Capacitor/Console       com.confessr.app                     I  File: https://localhost/assets/index-Ch4a5m3f.js - Line 107 - Msg: 📊 Creating tables in encrypted database...
2025-09-28 04:36:43.775   359-359   Capacitor/Plugin        com.confessr.app                     V  To native (Capacitor plugin): callbackId: 105835752, pluginId: CapacitorSQLite, methodName: execute
2025-09-28 04:36:43.776   359-359   Capacitor               com.confessr.app                     V  callback: 105835752, pluginId: CapacitorSQLite, methodName: execute, methodData: {"database":"confessr_db","statements":"\n      CREATE TABLE IF NOT EXISTS messages (\n        id TEXT PRIMARY KEY,\n        group_id TEXT NOT NULL,\n        user_id TEXT NOT NULL,\n        content TEXT NOT NULL,\n        is_ghost INTEGER DEFAULT 0,\n        message_type TEXT DEFAULT 'text',\n        category TEXT,\n        parent_id TEXT,\n        image_url TEXT,\n        created_at INTEGER NOT NULL,\n        local_id INTEGER UNIQUE,\n        updated_at INTEGER,\n        deleted_at INTEGER\n      );\n\n      CREATE TABLE IF NOT EXISTS groups (\n        id TEXT PRIMARY KEY,\n        name TEXT NOT NULL,\n        description TEXT,\n        invite_code TEXT,\n        created_by TEXT NOT NULL,\n        created_at INTEGER NOT NULL,\n        last_sync_timestamp INTEGER DEFAULT 0,\n        avatar_url TEXT,\n        is_archived INTEGER DEFAULT 0\n      );\n\n      CREATE TABLE IF NOT EXISTS users (\n        id TEXT PRIMARY KEY,\n        display_name TEXT NOT NULL,\n        phone_number TEXT,\n        avatar_url TEXT,\n        is_onboarded INTEGER DEFAULT 0,\n        created_at INTEGER NOT NULL\n      );\n\n      CREATE TABLE IF NOT EXISTS outbox (\n        id INTEGER PRIMARY KEY AUTOINCREMENT,\n        group_id TEXT NOT NULL,\n        user_id TEXT NOT NULL,\n        content TEXT NOT NULL,\n        retry_count INTEGER DEFAULT 0,\n        next_retry_at INTEGER NOT NULL,\n        message_type TEXT DEFAULT 'text',\n        category TEXT,\n        parent_id TEXT,\n        image_url TEXT,\n        is_ghost INTEGER DEFAULT 0\n      );\n\n      CREATE TABLE IF NOT EXISTS sync_state (\n        key TEXT PRIMARY KEY,\n        value TEXT NOT NULL\n      );\n\n      \/* Polls table *\/\n      CREATE TABLE IF NOT EXISTS polls (\n        id TEXT PRIMARY KEY,\n        message_id TEXT NOT NULL,\n        question TEXT NOT NULL,\n        options TEXT NOT NULL, -- JSON string\n        created_at INTEGER NOT NULL,\n        closes_at INTEGER NOT NULL,\n        created_by TEXT NOT NULL,\n        FOREIGN KEY (message_id) REFERENCES messages(id)\n      );\n\n      \/* Poll votes table *\/\n      CREATE TABLE IF NOT EXISTS poll_votes (\n        poll_id TEXT NOT NULL,\n        user_id TEXT NOT NULL,\n        option_index INTEGER NOT NULL,\n        created_at INTEGER NOT NULL,\n        PRIMARY KEY (poll_id, user_id),\n        FOREIGN KEY (poll_id) REFERENCES polls(id)\n      );\n\n      \/* Reactions table *\/\n      CREATE TABLE IF NOT EXISTS reactions (\n        id TEXT PRIMARY KEY,\n        message_id TEXT NOT NULL,\n        user_id TEXT NOT NULL,\n        emoji TEXT NOT NULL,\n        created_at INTEGER NOT NULL,\n        FOREIGN KEY (message_id) REFERENCES messages(id)\n      );\n\n      \/* Group members table *\/\n      CREATE TABLE IF NOT EXISTS group_members (\n        group_id TEXT NOT NULL,\n        user_id TEXT NOT NULL,\n        role TEXT DEFAULT 'participant',\n        joined_at INTEGER NOT NULL,\n        PRIMARY KEY (group_id, user_id),\n        FOREIGN KEY (group_id) REFERENCES groups(id),\n        FOREIGN KEY (user_id) REFERENCES users(id)\n      );\n\n      \/* User pseudonyms for ghost messages *\/\n      CREATE TABLE IF NOT EXISTS user_pseudonyms (\n        group_id TEXT NOT NULL,\n        user_id TEXT NOT NULL,\n        pseudonym TEXT NOT NULL,\n        created_at INTEGER NOT NULL,\n        PRIMARY KEY (group_id, user_id)\n      );\n\n      \/* Confessions table for confession messages *\/\n      CREATE TABLE IF NOT EXISTS confessions (\n        id TEXT PRIMARY KEY,\n        message_id TEXT NOT NULL,\n        confession_type TEXT NOT NULL,\n        is_anonymous INTEGER DEFAULT 1,\n        FOREIGN KEY (message_id) REFERENCES messages(id)\n      );\n\n      \/* indexes *\/\n      CREATE INDEX IF NOT EXISTS idx_msg_group_date_asc\n        ON messages(group_id, created_at ASC);\n      CREATE INDEX IF NOT EXISTS idx_msg_group_date_desc\n        ON messages(group_id, created_at DESC);\n      CREATE INDEX IF NOT EXISTS idx_
2025-09-28 04:36:43.878   359-359   Capacitor/Console       com.confessr.app                     I  File: https://localhost/assets/index-Ch4a5m3f.js - Line 359 - Msg: [supabase-pipeline] 23:06:43.863 🗄️ upsert device token success
2025-09-28 04:36:43.879   359-359   Capacitor/Console       com.confessr.app                     I  File: https://localhost/assets/index-Ch4a5m3f.js - Line 728 - Msg: [push] 2025-09-27T23:06:43.863Z token:registered android dTC-VD…
2025-09-28 04:36:43.879   359-359   Capacitor/Plugin        com.confessr.app                     V  To native (Capacitor plugin): callbackId: 105835753, pluginId: CapacitorSQLite, methodName: query
2025-09-28 04:36:43.879   359-359   Capacitor               com.confessr.app                     V  callback: 105835753, pluginId: CapacitorSQLite, methodName: query, methodData: {"database":"confessr_db","statement":"PRAGMA table_info(messages);","values":[],"readonly":false,"isSQL92":true}
2025-09-28 04:36:43.958   359-359   Capacitor/Plugin        com.confessr.app                     V  To native (Capacitor plugin): callbackId: 105835754, pluginId: CapacitorSQLite, methodName: query
2025-09-28 04:36:43.958   359-359   Capacitor               com.confessr.app                     V  callback: 105835754, pluginId: CapacitorSQLite, methodName: query, methodData: {"database":"confessr_db","statement":"PRAGMA table_info(messages);","values":[],"readonly":false,"isSQL92":true}
2025-09-28 04:36:44.028   359-359   Capacitor/Plugin        com.confessr.app                     V  To native (Capacitor plugin): callbackId: 105835755, pluginId: CapacitorSQLite, methodName: query
2025-09-28 04:36:44.028   359-359   Capacitor               com.confessr.app                     V  callback: 105835755, pluginId: CapacitorSQLite, methodName: query, methodData: {"database":"confessr_db","statement":"PRAGMA table_info(groups);","values":[],"readonly":false,"isSQL92":true}
2025-09-28 04:36:44.107   359-359   Capacitor/Plugin        com.confessr.app                     V  To native (Capacitor plugin): callbackId: 105835756, pluginId: CapacitorSQLite, methodName: query
2025-09-28 04:36:44.107   359-359   Capacitor               com.confessr.app                     V  callback: 105835756, pluginId: CapacitorSQLite, methodName: query, methodData: {"database":"confessr_db","statement":"PRAGMA table_info(groups);","values":[],"readonly":false,"isSQL92":true}
2025-09-28 04:36:44.196   359-359   Capacitor/Plugin        com.confessr.app                     V  To native (Capacitor plugin): callbackId: 105835757, pluginId: CapacitorSQLite, methodName: query
2025-09-28 04:36:44.196   359-359   Capacitor               com.confessr.app                     V  callback: 105835757, pluginId: CapacitorSQLite, methodName: query, methodData: {"database":"confessr_db","statement":"PRAGMA table_info(groups);","values":[],"readonly":false,"isSQL92":true}
2025-09-28 04:36:44.271   359-359   Capacitor/Plugin        com.confessr.app                     V  To native (Capacitor plugin): callbackId: 105835758, pluginId: CapacitorSQLite, methodName: query
2025-09-28 04:36:44.272   359-359   Capacitor               com.confessr.app                     V  callback: 105835758, pluginId: CapacitorSQLite, methodName: query, methodData: {"database":"confessr_db","statement":"PRAGMA table_info(groups);","values":[],"readonly":false,"isSQL92":true}
2025-09-28 04:36:44.334   359-359   Capacitor/Plugin        com.confessr.app                     V  To native (Capacitor plugin): callbackId: 105835759, pluginId: CapacitorSQLite, methodName: query
2025-09-28 04:36:44.334   359-359   Capacitor               com.confessr.app                     V  callback: 105835759, pluginId: CapacitorSQLite, methodName: query, methodData: {"database":"confessr_db","statement":"PRAGMA table_info(groups);","values":[],"readonly":false,"isSQL92":true}
2025-09-28 04:36:44.395   359-359   Capacitor/Plugin        com.confessr.app                     V  To native (Capacitor plugin): callbackId: 105835760, pluginId: CapacitorSQLite, methodName: query
2025-09-28 04:36:44.396   359-359   Capacitor               com.confessr.app                     V  callback: 105835760, pluginId: CapacitorSQLite, methodName: query, methodData: {"database":"confessr_db","statement":"PRAGMA table_info(groups);","values":[],"readonly":false,"isSQL92":true}
2025-09-28 04:36:44.458   359-359   Capacitor/Plugin        com.confessr.app                     V  To native (Capacitor plugin): callbackId: 105835761, pluginId: CapacitorSQLite, methodName: query
2025-09-28 04:36:44.458   359-359   Capacitor               com.confessr.app                     V  callback: 105835761, pluginId: CapacitorSQLite, methodName: query, methodData: {"database":"confessr_db","statement":"PRAGMA table_info(groups);","values":[],"readonly":false,"isSQL92":true}
2025-09-28 04:36:44.508   359-359   Capacitor/Plugin        com.confessr.app                     V  To native (Capacitor plugin): callbackId: 105835762, pluginId: CapacitorSQLite, methodName: query
2025-09-28 04:36:44.508   359-359   Capacitor               com.confessr.app                     V  callback: 105835762, pluginId: CapacitorSQLite, methodName: query, methodData: {"database":"confessr_db","statement":"PRAGMA table_info(users);","values":[],"readonly":false,"isSQL92":true}
2025-09-28 04:36:44.560   359-359   Capacitor/Plugin        com.confessr.app                     V  To native (Capacitor plugin): callbackId: 105835763, pluginId: CapacitorSQLite, methodName: query
2025-09-28 04:36:44.560   359-359   Capacitor               com.confessr.app                     V  callback: 105835763, pluginId: CapacitorSQLite, methodName: query, methodData: {"database":"confessr_db","statement":"PRAGMA table_info(users);","values":[],"readonly":false,"isSQL92":true}
2025-09-28 04:36:44.614   359-359   Capacitor/Plugin        com.confessr.app                     V  To native (Capacitor plugin): callbackId: 105835764, pluginId: CapacitorSQLite, methodName: query
2025-09-28 04:36:44.615   359-359   Capacitor               com.confessr.app                     V  callback: 105835764, pluginId: CapacitorSQLite, methodName: query, methodData: {"database":"confessr_db","statement":"PRAGMA table_info(users);","values":[],"readonly":false,"isSQL92":true}
2025-09-28 04:36:44.649   359-359   Capacitor/Console       com.confessr.app                     I  File: https://localhost/assets/index-Ch4a5m3f.js - Line 252 - Msg: ✅ Database migration completed
2025-09-28 04:36:44.649   359-359   Capacitor/Console       com.confessr.app                     I  File: https://localhost/assets/index-Ch4a5m3f.js - Line 107 - Msg: ✅ Tables created in encrypted database
2025-09-28 04:36:44.649   359-359   Capacitor/Console       com.confessr.app                     I  File: https://localhost/assets/index-Ch4a5m3f.js - Line 107 - Msg: ✅ Encrypted SQLite ready
2025-09-28 04:36:44.649   359-359   Capacitor/Console       com.confessr.app                     I  File: https://localhost/assets/index-Ch4a5m3f.js - Line 252 - Msg: 🧪 Testing local storage...
2025-09-28 04:36:44.668   359-359   Capacitor/Plugin        com.confessr.app                     V  To native (Capacitor plugin): callbackId: 105835765, pluginId: CapacitorSQLite, methodName: run
2025-09-28 04:36:44.668   359-359   Capacitor               com.confessr.app                     V  callback: 105835765, pluginId: CapacitorSQLite, methodName: run, methodData: {"database":"confessr_db","statement":"\n        INSERT OR REPLACE INTO users (id, display_name, phone_number, avatar_url, is_onboarded, created_at)\n        VALUES (?, ?, ?, ?, ?, ?)\n      ","values":["test-user-id","Test User","+1234567890",null,1,1759014404636],"transaction":true,"readonly":false,"returnMode":"no","isSQL92":true}
2025-09-28 04:36:44.715   359-359   Capacitor/Console       com.confessr.app                     I  File: https://localhost/assets/index-Ch4a5m3f.js - Line 255 - Msg: ✅ Test user saved
2025-09-28 04:36:44.735   359-359   Capacitor/Plugin        com.confessr.app                     V  To native (Capacitor plugin): callbackId: 105835766, pluginId: CapacitorSQLite, methodName: query
2025-09-28 04:36:44.735   359-359   Capacitor               com.confessr.app                     V  callback: 105835766, pluginId: CapacitorSQLite, methodName: query, methodData: {"database":"confessr_db","statement":"SELECT * FROM users WHERE id = ?","values":["test-user-id"],"readonly":false,"isSQL92":true}
2025-09-28 04:36:44.772   359-359   Capacitor/Console       com.confessr.app                     I  File: https://localhost/assets/index-Ch4a5m3f.js - Line 255 - Msg: 📋 Retrieved user: [object Object]
2025-09-28 04:36:44.773   359-359   Capacitor/Console       com.confessr.app                     I  File: https://localhost/assets/index-Ch4a5m3f.js - Line 255 - Msg: ✅ Local storage test passed! Data was successfully saved and retrieved.
2025-09-28 04:36:44.773   359-359   Capacitor/Console       com.confessr.app                     I  File: https://localhost/assets/index-Ch4a5m3f.js - Line 382 - Msg: [outbox-unified] outbox-1759014403352 - sqliteReady waited 1407ms
2025-09-28 04:36:44.791   359-359   Capacitor/Plugin        com.confessr.app                     V  To native (Capacitor plugin): callbackId: 105835767, pluginId: CapacitorSQLite, methodName: run
2025-09-28 04:36:44.791   359-359   Capacitor               com.confessr.app                     V  callback: 105835767, pluginId: CapacitorSQLite, methodName: run, methodData: {"database":"confessr_db","statement":"INSERT OR REPLACE INTO messages\n         (id, group_id, user_id, content, is_ghost, message_type, category, parent_id, image_url, created_at, updated_at, deleted_at)\n         VALUES (?, ?, ?, ?, ?, ?, ?, ?, ?, ?, ?, ?);","values":["test-message-id","test-group-id","test-user-id","Test message content",0,"text",null,null,null,1759014404754,null,null],"transaction":true,"readonly":false,"returnMode":"no","isSQL92":true}
2025-09-28 04:36:44.792   359-359   Capacitor/Plugin        com.confessr.app                     V  To native (Capacitor plugin): callbackId: 105835768, pluginId: CapacitorSQLite, methodName: query
2025-09-28 04:36:44.792   359-359   Capacitor               com.confessr.app                     V  callback: 105835768, pluginId: CapacitorSQLite, methodName: query, methodData: {"database":"confessr_db","statement":"\n      SELECT * FROM outbox \n      WHERE next_retry_at <= ? \n      ORDER BY next_retry_at ASC\n    ","values":[1759014404760],"readonly":false,"isSQL92":true}
2025-09-28 04:36:44.846   359-359   Capacitor/Console       com.confessr.app                     I  File: https://localhost/assets/index-Ch4a5m3f.js - Line 257 - Msg: ✅ Test message saved
2025-09-28 04:36:44.847   359-359   Capacitor/Console       com.confessr.app                     I  File: https://localhost/assets/index-Ch4a5m3f.js - Line 382 - Msg: [outbox-unified] outbox-1759014403352 - non-empty: start (items=1)
2025-09-28 04:36:44.847   359-359   Capacitor/Console       com.confessr.app                     I  File: https://localhost/assets/index-Ch4a5m3f.js - Line 359 - Msg: [supabase-pipeline] 23:06:44.827 📦 Starting outbox processing - session outbox-1759014404827
2025-09-28 04:36:44.847   359-359   Capacitor/Console       com.confessr.app                     I  File: https://localhost/assets/index-Ch4a5m3f.js - Line 359 - Msg: [supabase-pipeline] 23:06:44.827 📦 Outbox pre-check: sqliteReady after 0ms
2025-09-28 04:36:44.862   359-359   Capacitor/Plugin        com.confessr.app                     V  To native (Capacitor plugin): callbackId: 105835769, pluginId: CapacitorSQLite, methodName: query
2025-09-28 04:36:44.862   359-359   Capacitor               com.confessr.app                     V  callback: 105835769, pluginId: CapacitorSQLite, methodName: query, methodData: {"database":"confessr_db","statement":"SELECT * FROM messages WHERE group_id = ? ORDER BY created_at ASC LIMIT 50 OFFSET 0","values":["test-group-id"],"readonly":false,"isSQL92":true}
2025-09-28 04:36:44.863   359-359   Capacitor/Plugin        com.confessr.app                     V  To native (Capacitor plugin): callbackId: 105835770, pluginId: CapacitorSQLite, methodName: query
2025-09-28 04:36:44.863   359-359   Capacitor               com.confessr.app                     V  callback: 105835770, pluginId: CapacitorSQLite, methodName: query, methodData: {"database":"confessr_db","statement":"\n      SELECT * FROM outbox \n      WHERE next_retry_at <= ? \n      ORDER BY next_retry_at ASC\n    ","values":[1759014404827],"readonly":false,"isSQL92":true}
2025-09-28 04:36:44.907   359-359   Capacitor/Console       com.confessr.app                     I  File: https://localhost/assets/index-Ch4a5m3f.js - Line 257 - Msg: 📋 Retrieved messages: [object Object]
2025-09-28 04:36:44.907   359-359   Capacitor/Console       com.confessr.app                     I  File: https://localhost/assets/index-Ch4a5m3f.js - Line 257 - Msg: ✅ Message storage test passed! Message was successfully saved and retrieved.
2025-09-28 04:36:44.907   359-359   Capacitor/Console       com.confessr.app                     I  File: https://localhost/assets/index-Ch4a5m3f.js - Line 728 - Msg: ✅ SQLite initialized successfully
2025-09-28 04:36:44.907   359-359   Capacitor/Console       com.confessr.app                     I  File: https://localhost/assets/index-Ch4a5m3f.js - Line 728 - Msg: 🌐 Network status monitoring handled centrally in main.tsx
2025-09-28 04:36:44.907   359-359   Capacitor/Console       com.confessr.app                     I  File: https://localhost/assets/index-Ch4a5m3f.js - Line 359 - Msg: 🎧 Setting up auth state listener...
2025-09-28 04:36:44.907   359-359   Capacitor/Console       com.confessr.app                     I  File: https://localhost/assets/index-Ch4a5m3f.js - Line 359 - Msg: [supabase-pipeline] 23:06:44.886 🔑 getClient() called - hasClient=true isInitialized=true initPromiseActive=false
2025-09-28 04:36:44.907   359-359   Capacitor/Console       com.confessr.app                     I  File: https://localhost/assets/index-Ch4a5m3f.js - Line 359 - Msg: 🔍 Initializing authentication...
2025-09-28 04:36:44.908   359-359   Capacitor/Console       com.confessr.app                     I  File: https://localhost/assets/index-Ch4a5m3f.js - Line 359 - Msg: [supabase-pipeline] 23:06:44.886 🔐 Attempting session recovery using cached tokens
2025-09-28 04:36:44.908   359-359   Capacitor/Console       com.confessr.app                     I  File: https://localhost/assets/index-Ch4a5m3f.js - Line 359 - Msg: [supabase-pipeline] 23:06:44.887 🔑 getClient() called - hasClient=true isInitialized=true initPromiseActive=false
2025-09-28 04:36:44.908   359-359   Capacitor/Console       com.confessr.app                     I  File: https://localhost/assets/index-Ch4a5m3f.js - Line 359 - Msg: [supabase-pipeline] 23:06:44.889 📦 non-empty: start (1)
2025-09-28 04:36:44.927   359-359   Capacitor/Console       com.confessr.app                     I  File: https://localhost/assets/index-Ch4a5m3f.js - Line 359 - Msg: 🔄 Auth state changed: INITIAL_SESSION 839d1d4a-e72b-47bb-b74e-ef28a15f43ee
2025-09-28 04:36:44.927   359-359   Capacitor/Console       com.confessr.app                     I  File: https://localhost/assets/index-Ch4a5m3f.js - Line 359 - Msg: 📡 Auth event: INITIAL_SESSION
2025-09-28 04:36:44.928   359-359   Capacitor/Plugin        com.confessr.app                     V  To native (Capacitor plugin): callbackId: 105835771, pluginId: Network, methodName: getStatus
2025-09-28 04:36:44.929   359-359   Capacitor               com.confessr.app                     V  callback: 105835771, pluginId: Network, methodName: getStatus, methodData: {}
2025-09-28 04:36:44.948   359-359   Capacitor/Console       com.confessr.app                     I  File: https://localhost/assets/index-Ch4a5m3f.js - Line 359 - Msg: [supabase-pipeline] 23:06:44.932 [38;5;159m[fetch][0m GET https://sxykfyqrqwifkirveqgr.supabase.co/auth/v1/user
2025-09-28 04:36:44.976   359-359   Capacitor/Console       com.confessr.app                     I  File: https://localhost/assets/index-Ch4a5m3f.js - Line 359 - Msg: [supabase-pipeline] 23:06:44.950 🌐 Network state: online=true webViewReady=true type=wifi
2025-09-28 04:36:44.976   359-359   Capacitor/Console       com.confessr.app                     I  File: https://localhost/assets/index-Ch4a5m3f.js - Line 359 - Msg: [supabase-pipeline] 23:06:44.950 🏥 Health check: starting (online=true webViewReady=true)
2025-09-28 04:36:44.977   359-359   Capacitor/Console       com.confessr.app                     I  File: https://localhost/assets/index-Ch4a5m3f.js - Line 359 - Msg: [supabase-pipeline] 23:06:44.950 🏥 Health check: using cached access token (healthy)
2025-09-28 04:36:44.977   359-359   Capacitor/Console       com.confessr.app                     I  File: https://localhost/assets/index-Ch4a5m3f.js - Line 359 - Msg: [supabase-pipeline] 23:06:44.950 🔑 getClient() called - hasClient=true isInitialized=true initPromiseActive=false
2025-09-28 04:36:44.977   359-359   Capacitor/Console       com.confessr.app                     I  File: https://localhost/assets/index-Ch4a5m3f.js - Line 359 - Msg: [supabase-pipeline] 23:06:44.950 📦 Processing outbox message 1/1 (ID: 18)
2025-09-28 04:36:44.977   359-359   Capacitor/Console       com.confessr.app                     I  File: https://localhost/assets/index-Ch4a5m3f.js - Line 359 - Msg: [supabase-pipeline] 23:06:44.950 [#18] attempt start (dk=d:839d1d4a-e72b-47bb-b74e-ef28a15f43ee:6af01500-2e15-490e-9077-316348aef93e:1759014363426-3ymb0rnlt39)
2025-09-28 04:36:44.977   359-359   Capacitor/Console       com.confessr.app                     I  File: https://localhost/assets/index-Ch4a5m3f.js - Line 359 - Msg: [supabase-pipeline] 23:06:44.950 [#18] requires_pseudonym=true  attempting upsert before send
2025-09-28 04:36:44.977   359-359   Capacitor/Console       com.confessr.app                     I  File: https://localhost/assets/index-Ch4a5m3f.js - Line 359 - Msg: [supabase-pipeline] 23:06:44.951 🗄️ Executing RPC upsert_pseudonym...
2025-09-28 04:36:44.977   359-359   Capacitor/Console       com.confessr.app                     I  File: https://localhost/assets/index-Ch4a5m3f.js - Line 359 - Msg: [supabase-pipeline] 23:06:44.951 🔑 getClient() called - hasClient=true isInitialized=true initPromiseActive=false
