---------------------------- PROCESS STARTED (8191) for package com.confessr.app ----------------------------
2025-09-23 23:46:58.243  8191-8191  Capacitor               com.confessr.app                     D  Starting BridgeActivity
2025-09-23 23:46:58.254  8191-8191  Capacitor               com.confessr.app                     D  Registering plugin instance: CapacitorCookies
2025-09-23 23:46:58.256  8191-8191  Capacitor               com.confessr.app                     D  Registering plugin instance: WebView
2025-09-23 23:46:58.258  8191-8191  Capacitor               com.confessr.app                     D  Registering plugin instance: CapacitorHttp
2025-09-23 23:46:58.260  8191-8191  Capacitor               com.confessr.app                     D  Registering plugin instance: CapacitorSQLite
2025-09-23 23:46:58.355  8191-8191  Capacitor               com.confessr.app                     D  Registering plugin instance: FirebaseMessaging
2025-09-23 23:46:58.356  8191-8191  Capacitor               com.confessr.app                     D  Registering plugin instance: App
2025-09-23 23:46:58.357  8191-8191  Capacitor               com.confessr.app                     D  Registering plugin instance: Haptics
2025-09-23 23:46:58.359  8191-8191  Capacitor               com.confessr.app                     D  Registering plugin instance: Keyboard
2025-09-23 23:46:58.360  8191-8191  Capacitor               com.confessr.app                     D  Registering plugin instance: Network
2025-09-23 23:46:58.361  8191-8191  Capacitor               com.confessr.app                     D  Registering plugin instance: Preferences
2025-09-23 23:46:58.363  8191-8191  Capacitor               com.confessr.app                     D  Registering plugin instance: PushNotifications
2025-09-23 23:46:58.389  8191-8191  Capacitor               com.confessr.app                     W  Unable to read file at path public/plugins
2025-09-23 23:46:58.391  8191-8191  Capacitor               com.confessr.app                     D  Loading app at https://localhost
2025-09-23 23:46:58.417  8191-12680 Capacitor               com.confessr.app                     D  Handling local request: https://localhost/
2025-09-23 23:46:58.419  8191-8191  Capacitor               com.confessr.app                     D  App started
2025-09-23 23:46:58.421  8191-8191  Capacitor/AppPlugin     com.confessr.app                     D  Firing change: true
2025-09-23 23:46:58.421  8191-8191  Capacitor/AppPlugin     com.confessr.app                     V  Notifying listeners for event appStateChange
2025-09-23 23:46:58.421  8191-8191  Capacitor/AppPlugin     com.confessr.app                     D  No listeners found for event appStateChange
2025-09-23 23:46:58.425  8191-8191  Capacitor               com.confessr.app                     D  App resumed
2025-09-23 23:46:58.430  8191-12742 Capacitor/NetworkPlugin com.confessr.app                     V  Notifying listeners for event networkStatusChange
2025-09-23 23:46:58.430  8191-12742 Capacitor/NetworkPlugin com.confessr.app                     D  No listeners found for event networkStatusChange
2025-09-23 23:46:58.553  8191-12679 Capacitor               com.confessr.app                     D  Handling local request: https://localhost/assets/index-Dc0DYEr_.js
2025-09-23 23:46:58.553  8191-12680 Capacitor               com.confessr.app                     D  Handling local request: https://localhost/assets/index-DCAHsDh_.css
2025-09-23 23:46:58.816  8191-8191  Capacitor/Console       com.confessr.app                     I  File: https://localhost/assets/index-Dc0DYEr_.js - Line 358 - Msg: [supabase-pipeline] 18:16:58.814 ðŸš€ Pipeline initialized
2025-09-23 23:46:58.816  8191-8191  Capacitor/Console       com.confessr.app                     I  File: https://localhost/assets/index-Dc0DYEr_.js - Line 358 - Msg: [supabase-pipeline] 18:16:58.815 ðŸ§ª Debug tag: v2025-08-22.1
2025-09-23 23:46:58.817  8191-8191  Capacitor/Console       com.confessr.app                     I  File: https://localhost/assets/index-Dc0DYEr_.js - Line 358 - Msg: [supabase-pipeline] 18:16:58.816 ðŸ”„ initialize() called - force=false isInitialized=false hasClient=false initPromiseActive=false
2025-09-23 23:46:58.817  8191-8191  Capacitor/Console       com.confessr.app                     I  File: https://localhost/assets/index-Dc0DYEr_.js - Line 358 - Msg: [supabase-pipeline] 18:16:58.816 ðŸ”„ Initializing Supabase client...
2025-09-23 23:46:58.817  8191-8191  Capacitor/Console       com.confessr.app                     I  File: https://localhost/assets/index-Dc0DYEr_.js - Line 358 - Msg: [supabase-pipeline] 18:16:58.816 ðŸ”„ Supabase env present? url=true anonKey=true
2025-09-23 23:46:58.821  8191-8191  Capacitor/Console       com.confessr.app                     I  File: https://localhost/assets/index-Dc0DYEr_.js - Line 358 - Msg: [supabase-pipeline] 18:16:58.820 ðŸ”„ Supabase client created ONCE (persistSession=true, autoRefreshToken=true)
2025-09-23 23:46:58.823  8191-8191  Capacitor/Console       com.confessr.app                     I  File: https://localhost/assets/index-Dc0DYEr_.js - Line 358 - Msg: ðŸ’§ Rehydrating auth state...
2025-09-23 23:46:58.823  8191-8191  Capacitor/Console       com.confessr.app                     I  File: https://localhost/assets/index-Dc0DYEr_.js - Line 358 - Msg: ðŸ’§ Auth state rehydrated with user: 839d1d4a-e72b-47bb-b74e-ef28a15f43ee
2025-09-23 23:46:58.823  8191-8191  Capacitor/Console       com.confessr.app                     I  File: https://localhost/assets/index-Dc0DYEr_.js - Line 361 - Msg: ðŸ“¦ MessageCache: Initialized with 15min expiry, max 10 chats
2025-09-23 23:46:58.824  8191-8191  Capacitor/Console       com.confessr.app                     I  File: https://localhost/assets/index-Dc0DYEr_.js - Line 385 - Msg: [webview-lifecycle] 18:16:58 ðŸŒ WebView Lifecycle Manager initialized
2025-09-23 23:46:58.826  8191-8191  Capacitor/Console       com.confessr.app                     I  File: https://localhost/assets/index-Dc0DYEr_.js - Line 385 - Msg: [general] 18:16:58 â„¹ï¸ Mobile Logger initialized - Session: 1758651418825-dz7engbth, Platform: android
2025-09-23 23:46:58.830  8191-8191  Capacitor/Console       com.confessr.app                     I  File: https://localhost/assets/index-Dc0DYEr_.js - Line 385 - Msg: [realtime-v2] Initializing auth state listener for chat store
2025-09-23 23:46:58.830  8191-8191  Capacitor/Console       com.confessr.app                     I  File: https://localhost/assets/index-Dc0DYEr_.js - Line 385 - Msg: [realtime-v2] Setting up auth state listener for realtime
2025-09-23 23:46:58.830  8191-8191  Capacitor/Console       com.confessr.app                     I  File: https://localhost/assets/index-Dc0DYEr_.js - Line 358 - Msg: [supabase-pipeline] 18:16:58.829 ðŸ”‘ getClient() called - hasClient=true isInitialized=false initPromiseActive=true
2025-09-23 23:46:58.830  8191-8191  Capacitor/Console       com.confessr.app                     I  File: https://localhost/assets/index-Dc0DYEr_.js - Line 358 - Msg: [supabase-pipeline] 18:16:58.830 ðŸ”‘ getClient() -> calling initialize()
2025-09-23 23:46:58.830  8191-8191  Capacitor/Console       com.confessr.app                     I  File: https://localhost/assets/index-Dc0DYEr_.js - Line 358 - Msg: [supabase-pipeline] 18:16:58.830 ðŸ”„ initialize() called - force=false isInitialized=false hasClient=true initPromiseActive=true
2025-09-23 23:46:58.831  8191-8191  Capacitor/Console       com.confessr.app                     I  File: https://localhost/assets/index-Dc0DYEr_.js - Line 358 - Msg: [supabase-pipeline] 18:16:58.830 ðŸ”„ initialize() waiting for existing initializePromise
2025-09-23 23:46:58.833  8191-8191  Capacitor/Console       com.confessr.app                     I  File: https://localhost/assets/index-Dc0DYEr_.js - Line 386 - Msg: [device-lock] 18:16:58 ðŸ”’ Device Lock Detection Manager initialized
2025-09-23 23:46:58.833  8191-8191  Capacitor/Console       com.confessr.app                     I  File: https://localhost/assets/index-Dc0DYEr_.js - Line 386 - Msg: [whatsapp-connection] 18:16:58 ðŸ“± WhatsApp-Style Connection Manager initialized
2025-09-23 23:46:58.840  8191-8191  Capacitor/Console       com.confessr.app                     I  File: https://localhost/assets/index-Dc0DYEr_.js - Line 385 - Msg: [general] 18:16:58 â„¹ï¸ Initializing WhatsApp-style connection system
2025-09-23 23:46:58.842  8191-8191  Capacitor/Console       com.confessr.app                     I  File: https://localhost/assets/index-Dc0DYEr_.js - Line 358 - Msg: [supabase-pipeline] 18:16:58.840 âœ… Supabase client initialized successfully (PERMANENT INSTANCE)
2025-09-23 23:46:58.845  8191-12679 Capacitor               com.confessr.app                     D  Handling local request: https://localhost/assets/capacitor-firebase-messaging-HNnXeiEZ.js
2025-09-23 23:46:58.847  8191-8191  Capacitor/Plugin        com.confessr.app                     V  To native (Capacitor plugin): callbackId: 96131360, pluginId: App, methodName: addListener
2025-09-23 23:46:58.848  8191-8191  Capacitor               com.confessr.app                     V  callback: 96131360, pluginId: App, methodName: addListener, methodData: {"eventName":"appStateChange"}
2025-09-23 23:46:58.850  8191-8191  Capacitor/Plugin        com.confessr.app                     V  To native (Capacitor plugin): callbackId: 96131361, pluginId: App, methodName: addListener
2025-09-23 23:46:58.850  8191-8191  Capacitor               com.confessr.app                     V  callback: 96131361, pluginId: App, methodName: addListener, methodData: {"eventName":"resume"}
2025-09-23 23:46:58.850  8191-8191  Capacitor/Plugin        com.confessr.app                     V  To native (Capacitor plugin): callbackId: 96131362, pluginId: Network, methodName: getStatus
2025-09-23 23:46:58.851  8191-8191  Capacitor               com.confessr.app                     V  callback: 96131362, pluginId: Network, methodName: getStatus, methodData: {}
2025-09-23 23:46:58.870  8191-8191  Capacitor/Console       com.confessr.app                     I  File: https://localhost/assets/index-Dc0DYEr_.js - Line 385 - Msg: [webview-lifecycle] 18:16:58 âœ… WebView context fully restored and ready
2025-09-23 23:46:58.877  8191-8191  Capacitor/Console       com.confessr.app                     I  File: https://localhost/assets/index-Dc0DYEr_.js - Line 385 - Msg: [network] 18:16:58 â„¹ï¸ Initial network status: online {"connectionType":"wifi"}
2025-09-23 23:46:58.877  8191-8191  Capacitor/Console       com.confessr.app                     I  File: https://localhost/assets/index-Dc0DYEr_.js - Line 386 - Msg: [whatsapp-connection] 18:16:58 ðŸ“Š Status: connecting - Initializing connection... 
2025-09-23 23:46:58.878  8191-8191  Capacitor/Console       com.confessr.app                     I  File: https://localhost/assets/index-Dc0DYEr_.js - Line 385 - Msg: [connection] 18:16:58 â„¹ï¸ Connection status: connecting - Initializing connection... {"isUserVisible":true}
2025-09-23 23:46:58.879  8191-8191  Capacitor/Plugin        com.confessr.app                     V  To native (Capacitor plugin): callbackId: 96131363, pluginId: App, methodName: addListener
2025-09-23 23:46:58.879  8191-8191  Capacitor               com.confessr.app                     V  callback: 96131363, pluginId: App, methodName: addListener, methodData: {"eventName":"appStateChange"}
2025-09-23 23:46:58.880  8191-8191  Capacitor/Plugin        com.confessr.app                     V  To native (Capacitor plugin): callbackId: 96131364, pluginId: App, methodName: addListener
2025-09-23 23:46:58.880  8191-8191  Capacitor               com.confessr.app                     V  callback: 96131364, pluginId: App, methodName: addListener, methodData: {"eventName":"resume"}
2025-09-23 23:46:58.881  8191-8191  Capacitor/Plugin        com.confessr.app                     V  To native (Capacitor plugin): callbackId: 96131365, pluginId: Network, methodName: addListener
2025-09-23 23:46:58.881  8191-8191  Capacitor               com.confessr.app                     V  callback: 96131365, pluginId: Network, methodName: addListener, methodData: {"eventName":"networkStatusChange"}
2025-09-23 23:46:58.884  8191-8191  Capacitor/Console       com.confessr.app                     I  File: https://localhost/assets/index-Dc0DYEr_.js - Line 727 - Msg: ðŸš€ App mounted, setting up auth...
2025-09-23 23:46:58.884  8191-8191  Capacitor/Console       com.confessr.app                     I  File: https://localhost/assets/index-Dc0DYEr_.js - Line 727 - Msg: ðŸ“± Native platform detected, initializing SQLite...
2025-09-23 23:46:58.884  8191-8191  Capacitor/Console       com.confessr.app                     I  File: https://localhost/assets/index-Dc0DYEr_.js - Line 107 - Msg: ðŸ—„ï¸ Initializing SQLite database...
2025-09-23 23:46:58.884  8191-8191  Capacitor/Console       com.confessr.app                     I  File: https://localhost/assets/index-Dc0DYEr_.js - Line 727 - Msg: ðŸŽ¨ App render state: [object Object]
2025-09-23 23:46:58.889  8191-8191  Capacitor/Plugin        com.confessr.app                     V  To native (Capacitor plugin): callbackId: 96131366, pluginId: App, methodName: addListener
2025-09-23 23:46:58.889  8191-8191  Capacitor               com.confessr.app                     V  callback: 96131366, pluginId: App, methodName: addListener, methodData: {"eventName":"backButton"}
2025-09-23 23:46:58.890  8191-8191  Capacitor/Plugin        com.confessr.app                     V  To native (Capacitor plugin): callbackId: 96131367, pluginId: App, methodName: addListener
2025-09-23 23:46:58.890  8191-8191  Capacitor               com.confessr.app                     V  callback: 96131367, pluginId: App, methodName: addListener, methodData: {"eventName":"appStateChange"}
2025-09-23 23:46:58.890  8191-8191  Capacitor/Console       com.confessr.app                     I  File: https://localhost/assets/index-Dc0DYEr_.js - Line 358 - Msg: [supabase-pipeline] 18:16:58.890 ðŸ”‘ Token cached: user=839d1d4a hasAccess=true hasRefresh=true
2025-09-23 23:46:58.891  8191-8191  Capacitor/Plugin        com.confessr.app                     V  To native (Capacitor plugin): callbackId: 96131368, pluginId: Preferences, methodName: get
2025-09-23 23:46:58.891  8191-8191  Capacitor               com.confessr.app                     V  callback: 96131368, pluginId: Preferences, methodName: get, methodData: {"key":"sqlite_encryption_key"}
2025-09-23 23:46:58.923  8191-12679 Capacitor               com.confessr.app                     D  Handling local request: https://localhost/vite.svg
2025-09-23 23:46:58.923  8191-12679 Capacitor               com.confessr.app                     E  Unable to open asset URL: https://localhost/vite.svg
2025-09-23 23:46:58.924  8191-12680 Capacitor               com.confessr.app                     D  Handling local request: https://localhost/assets/index-CMg9oaYt.js
2025-09-23 23:46:58.964  8191-12679 Capacitor               com.confessr.app                     D  Handling local request: https://localhost/vite.svg
2025-09-23 23:46:58.965  8191-12679 Capacitor               com.confessr.app                     E  Unable to open asset URL: https://localhost/vite.svg
2025-09-23 23:46:59.018  8191-8191  Capacitor/Console       com.confessr.app                     I  File: https://localhost/assets/index-Dc0DYEr_.js - Line 727 - Msg: [push] permission before(FirebaseMessaging): unknown
2025-09-23 23:46:59.018  8191-8191  Capacitor/Console       com.confessr.app                     I  File: https://localhost/assets/index-Dc0DYEr_.js - Line 727 - Msg: [push] permission after(FirebaseMessaging): denied
2025-09-23 23:46:59.019  8191-12679 Capacitor               com.confessr.app                     E  Unable to open asset URL: https://localhost/vite.svg
2025-09-23 23:46:59.021  8191-12682 Capacitor               com.confessr.app                     E  Unable to open asset URL: https://localhost/vite.svg
2025-09-23 23:46:59.023  8191-12680 Capacitor               com.confessr.app                     E  Unable to open asset URL: https://localhost/vite.svg
2025-09-23 23:46:59.028  8191-8191  Capacitor/Plugin        com.confessr.app                     V  To native (Capacitor plugin): callbackId: 96131369, pluginId: CapacitorSQLite, methodName: setEncryptionSecret
2025-09-23 23:46:59.028  8191-8191  Capacitor               com.confessr.app                     V  callback: 96131369, pluginId: CapacitorSQLite, methodName: setEncryptionSecret, methodData: {"passphrase":"712b48c27d904d58aa685a0951d64626"}
2025-09-23 23:46:59.028  8191-12680 Capacitor               com.confessr.app                     E  Unable to open asset URL: https://localhost/vite.svg
2025-09-23 23:46:59.032  8191-12679 Capacitor               com.confessr.app                     E  Unable to open asset URL: https://localhost/vite.svg
2025-09-23 23:46:59.032  8191-12679 Capacitor               com.confessr.app                     E  Unable to open asset URL: https://localhost/vite.svg
2025-09-23 23:46:59.037  8191-12724 com.getcap...RetHandler com.confessr.app                     V  *** ERROR SetEncryptionSecret: a passphrase has already been set 
2025-09-23 23:46:59.038  8191-12724 Capacitor               com.confessr.app                     D  Sending plugin error: {"save":false,"callbackId":"96131369","pluginId":"CapacitorSQLite","methodName":"setEncryptionSecret","success":false,"error":{"message":"SetEncryptionSecret: a passphrase has already been set "}}
2025-09-23 23:46:59.214  8191-8191  Capacitor/Console       com.confessr.app                     I  File: https://localhost/assets/index-Dc0DYEr_.js - Line 358 - Msg: [supabase-pipeline] 18:16:59.054 ðŸ”‘ Token cached: user=839d1d4a hasAccess=true hasRefresh=true
2025-09-23 23:46:59.285  8191-8191  Capacitor/Console       com.confessr.app                     I  File: https://localhost/assets/index-Dc0DYEr_.js - Line 358 - Msg: [supabase-pipeline] 18:16:59.216 ðŸ§ª Corruption check: client is healthy (getSession successful)
2025-09-23 23:46:59.286  8191-8191  Capacitor/Console       com.confessr.app                     I  File: https://localhost/assets/index-Dc0DYEr_.js - Line 107 - Msg: ðŸ”‘ SQLite encryption key was already set
2025-09-23 23:46:59.287  8191-8191  Capacitor/Plugin        com.confessr.app                     V  To native (Capacitor plugin): callbackId: 96131370, pluginId: PushNotifications, methodName: checkPermissions
2025-09-23 23:46:59.287  8191-8191  Capacitor               com.confessr.app                     V  callback: 96131370, pluginId: PushNotifications, methodName: checkPermissions, methodData: {}
2025-09-23 23:46:59.357  8191-8191  Capacitor/Console       com.confessr.app                     I  File: https://localhost/assets/index-Dc0DYEr_.js - Line 385 - Msg: [realtime-v2] Auth event: INITIAL_SESSION
2025-09-23 23:46:59.357  8191-8191  Capacitor/Console       com.confessr.app                     I  File: https://localhost/assets/index-Dc0DYEr_.js - Line 385 - Msg: [realtime-v2] Token applied; channel healthy, no reconnect
2025-09-23 23:46:59.358  8191-8191  Capacitor/Console       com.confessr.app                     I  File: https://localhost/assets/index-Dc0DYEr_.js - Line 381 - Msg: [outbox-unified] Resetting outbox processing state
2025-09-23 23:46:59.358  8191-8191  Capacitor/Console       com.confessr.app                     I  File: https://localhost/assets/index-Dc0DYEr_.js - Line 381 - Msg: [outbox-unified] Reset watchdog timeout count - state cleared, no auto-trigger
2025-09-23 23:46:59.359  8191-8191  Capacitor/Plugin        com.confessr.app                     V  To native (Capacitor plugin): callbackId: 96131371, pluginId: CapacitorSQLite, methodName: isDatabase
2025-09-23 23:46:59.359  8191-8191  Capacitor               com.confessr.app                     V  callback: 96131371, pluginId: CapacitorSQLite, methodName: isDatabase, methodData: {"database":"confessr_db"}
2025-09-23 23:46:59.411  8191-8191  Capacitor/Console       com.confessr.app                     I  File: https://localhost/assets/index-Dc0DYEr_.js - Line 727 - Msg: [push] permission before(PushNotifications): granted
2025-09-23 23:46:59.442  8191-8191  Capacitor/Console       com.confessr.app                     I  File: https://localhost/assets/index-Dc0DYEr_.js - Line 107 - Msg: Database exists check: true
2025-09-23 23:46:59.442  8191-8191  Capacitor/Console       com.confessr.app                     I  File: https://localhost/assets/index-Dc0DYEr_.js - Line 107 - Msg: ðŸ”“ Opening encrypted database with secret mode...
2025-09-23 23:46:59.444  8191-8191  Capacitor/Plugin        com.confessr.app                     V  To native (Capacitor plugin): callbackId: 96131372, pluginId: PushNotifications, methodName: register
2025-09-23 23:46:59.444  8191-8191  Capacitor               com.confessr.app                     V  callback: 96131372, pluginId: PushNotifications, methodName: register, methodData: {}
2025-09-23 23:46:59.480  8191-8191  Capacitor/Plugin        com.confessr.app                     V  To native (Capacitor plugin): callbackId: 96131373, pluginId: CapacitorSQLite, methodName: createConnection
2025-09-23 23:46:59.480  8191-8191  Capacitor               com.confessr.app                     V  callback: 96131373, pluginId: CapacitorSQLite, methodName: createConnection, methodData: {"database":"confessr_db","encrypted":true,"mode":"secret","version":1,"readonly":false}
2025-09-23 23:46:59.480  8191-8191  Capacitor/...ionsPlugin com.confessr.app                     V  Notifying listeners for event registration
2025-09-23 23:46:59.480  8191-8191  Capacitor/...ionsPlugin com.confessr.app                     D  No listeners found for event registration
2025-09-23 23:46:59.490  8191-12724 com.getcap...e.Database com.confessr.app                     V  &&& file path /data/user/0/com.confessr.app/databases/confessr_dbSQLite.db
2025-09-23 23:46:59.512  8191-8191  Capacitor/Console       com.confessr.app                     I  File:  - Line 334 - Msg: undefined
2025-09-23 23:46:59.513  8191-8191  Capacitor/Console       com.confessr.app                     I  File: https://localhost/assets/index-Dc0DYEr_.js - Line 727 - Msg: [push] FirebaseMessaging.getToken returned empty
2025-09-23 23:46:59.513  8191-8191  Capacitor/Console       com.confessr.app                     I  File: https://localhost/assets/index-Dc0DYEr_.js - Line 358 - Msg: [supabase-pipeline] 18:16:59.482 ðŸ”‘ getClient() called - hasClient=true isInitialized=true initPromiseActive=false
2025-09-23 23:46:59.540  8191-8191  Capacitor/Console       com.confessr.app                     I  File:  - Line 334 - Msg: undefined
2025-09-23 23:46:59.541  8191-8191  Capacitor/Plugin        com.confessr.app                     V  To native (Capacitor plugin): callbackId: 96131374, pluginId: PushNotifications, methodName: addListener
2025-09-23 23:46:59.541  8191-8191  Capacitor               com.confessr.app                     V  callback: 96131374, pluginId: PushNotifications, methodName: addListener, methodData: {"eventName":"registration"}
2025-09-23 23:46:59.541  8191-12724 Capacitor/...ionsPlugin com.confessr.app                     V  Notifying listeners for event registration
2025-09-23 23:46:59.542  8191-8191  Capacitor/Plugin        com.confessr.app                     V  To native (Capacitor plugin): callbackId: 96131375, pluginId: PushNotifications, methodName: addListener
2025-09-23 23:46:59.542  8191-8191  Capacitor               com.confessr.app                     V  callback: 96131375, pluginId: PushNotifications, methodName: addListener, methodData: {"eventName":"registrationError"}
2025-09-23 23:46:59.542  8191-8191  Capacitor/Plugin        com.confessr.app                     V  To native (Capacitor plugin): callbackId: 96131376, pluginId: App, methodName: addListener
2025-09-23 23:46:59.542  8191-8191  Capacitor               com.confessr.app                     V  callback: 96131376, pluginId: App, methodName: addListener, methodData: {"eventName":"appUrlOpen"}
2025-09-23 23:46:59.543  8191-8191  Capacitor/Plugin        com.confessr.app                     V  To native (Capacitor plugin): callbackId: 96131377, pluginId: Network, methodName: addListener
2025-09-23 23:46:59.543  8191-8191  Capacitor               com.confessr.app                     V  callback: 96131377, pluginId: Network, methodName: addListener, methodData: {"eventName":"networkStatusChange"}
2025-09-23 23:46:59.567  8191-8191  Capacitor/Plugin        com.confessr.app                     V  To native (Capacitor plugin): callbackId: 96131378, pluginId: CapacitorSQLite, methodName: open
2025-09-23 23:46:59.567  8191-8191  Capacitor               com.confessr.app                     V  callback: 96131378, pluginId: CapacitorSQLite, methodName: open, methodData: {"database":"confessr_db","readonly":false}
2025-09-23 23:46:59.594  8191-8191  Capacitor/Console       com.confessr.app                     I  File: https://localhost/assets/index-Dc0DYEr_.js - Line 727 - Msg: [push] token received(core): cavkjlâ€¦
2025-09-23 23:46:59.594  8191-8191  Capacitor/Console       com.confessr.app                     I  File: https://localhost/assets/index-Dc0DYEr_.js - Line 358 - Msg: [supabase-pipeline] 18:16:59.569 ðŸ—„ï¸ Executing upsert device token...
2025-09-23 23:46:59.594  8191-8191  Capacitor/Console       com.confessr.app                     I  File: https://localhost/assets/index-Dc0DYEr_.js - Line 358 - Msg: [supabase-pipeline] 18:16:59.570 ðŸ”‘ getClient() called - hasClient=true isInitialized=true initPromiseActive=false
2025-09-23 23:46:59.616  8191-8191  Capacitor/Console       com.confessr.app                     I  File: https://localhost/assets/index-Dc0DYEr_.js - Line 358 - Msg: [supabase-pipeline] 18:16:59.598 [38;5;159m[fetch][0m POST https://sxykfyqrqwifkirveqgr.supabase.co/rest/v1/user_devices?on_conflict=token
2025-09-23 23:46:59.841  8191-8191  Capacitor/Console       com.confessr.app                     I  File: https://localhost/assets/index-Dc0DYEr_.js - Line 381 - Msg: [outbox-unified] Trigger requested from: auth-token-refreshed (priority: high)
2025-09-23 23:46:59.841  8191-8191  Capacitor/Console       com.confessr.app                     I  File: https://localhost/assets/index-Dc0DYEr_.js - Line 381 - Msg: [outbox-unified] Scheduling processing in 50ms for: auth-token-refreshed
2025-09-23 23:46:59.897  8191-8191  Capacitor/Console       com.confessr.app                     I  File: https://localhost/assets/index-Dc0DYEr_.js - Line 381 - Msg: [outbox-unified] Starting processing session outbox-1758651419864
2025-09-23 23:46:59.897  8191-8191  Capacitor/Console       com.confessr.app                     I  File: https://localhost/assets/index-Dc0DYEr_.js - Line 381 - Msg: [outbox-unified] outbox-1758651419864 - SQLite not ready, aborting
2025-09-23 23:46:59.897  8191-8191  Capacitor/Console       com.confessr.app                     I  File: https://localhost/assets/index-Dc0DYEr_.js - Line 381 - Msg: [outbox-unified] outbox-1758651419864 - Processing session completed
2025-09-23 23:47:00.050  8191-8191  Capacitor/Console       com.confessr.app                     I  File:  - Line 334 - Msg: undefined
2025-09-23 23:47:00.051  8191-8191  Capacitor/Console       com.confessr.app                     I  File: https://localhost/assets/index-Dc0DYEr_.js - Line 107 - Msg: âœ… Encrypted database opened successfully
2025-09-23 23:47:00.070  8191-8191  Capacitor/Plugin        com.confessr.app                     V  To native (Capacitor plugin): callbackId: 96131379, pluginId: CapacitorSQLite, methodName: execute
2025-09-23 23:47:00.070  8191-8191  Capacitor               com.confessr.app                     V  callback: 96131379, pluginId: CapacitorSQLite, methodName: execute, methodData: {"database":"confessr_db","statements":"PRAGMA cipher_memory_security = ON;","transaction":true,"readonly":false,"isSQL92":true}
2025-09-23 23:47:00.115  8191-8191  Capacitor/Console       com.confessr.app                     I  File: https://localhost/assets/index-Dc0DYEr_.js - Line 107 - Msg: âœ… Security pragma set
2025-09-23 23:47:00.115  8191-8191  Capacitor/Console       com.confessr.app                     I  File: https://localhost/assets/index-Dc0DYEr_.js - Line 107 - Msg: ðŸ“Š Creating tables in encrypted database...
2025-09-23 23:47:00.141  8191-8191  Capacitor/Plugin        com.confessr.app                     V  To native (Capacitor plugin): callbackId: 96131380, pluginId: CapacitorSQLite, methodName: execute
2025-09-23 23:47:00.142  8191-8191  Capacitor               com.confessr.app                     V  callback: 96131380, pluginId: CapacitorSQLite, methodName: execute, methodData: {"database":"confessr_db","statements":"\n      CREATE TABLE IF NOT EXISTS messages (\n        id TEXT PRIMARY KEY,\n        group_id TEXT NOT NULL,\n        user_id TEXT NOT NULL,\n        content TEXT NOT NULL,\n        is_ghost INTEGER DEFAULT 0,\n        message_type TEXT DEFAULT 'text',\n        category TEXT,\n        parent_id TEXT,\n        image_url TEXT,\n        created_at INTEGER NOT NULL,\n        local_id INTEGER UNIQUE,\n        updated_at INTEGER,\n        deleted_at INTEGER\n      );\n\n      CREATE TABLE IF NOT EXISTS groups (\n        id TEXT PRIMARY KEY,\n        name TEXT NOT NULL,\n        description TEXT,\n        invite_code TEXT,\n        created_by TEXT NOT NULL,\n        created_at INTEGER NOT NULL,\n        last_sync_timestamp INTEGER DEFAULT 0,\n        avatar_url TEXT,\n        is_archived INTEGER DEFAULT 0\n      );\n\n      CREATE TABLE IF NOT EXISTS users (\n        id TEXT PRIMARY KEY,\n        display_name TEXT NOT NULL,\n        phone_number TEXT,\n        avatar_url TEXT,\n        is_onboarded INTEGER DEFAULT 0,\n        created_at INTEGER NOT NULL\n      );\n\n      CREATE TABLE IF NOT EXISTS outbox (\n        id INTEGER PRIMARY KEY AUTOINCREMENT,\n        group_id TEXT NOT NULL,\n        user_id TEXT NOT NULL,\n        content TEXT NOT NULL,\n        retry_count INTEGER DEFAULT 0,\n        next_retry_at INTEGER NOT NULL,\n        message_type TEXT DEFAULT 'text',\n        category TEXT,\n        parent_id TEXT,\n        image_url TEXT,\n        is_ghost INTEGER DEFAULT 0\n      );\n\n      CREATE TABLE IF NOT EXISTS sync_state (\n        key TEXT PRIMARY KEY,\n        value TEXT NOT NULL\n      );\n\n      \/* Polls table *\/\n      CREATE TABLE IF NOT EXISTS polls (\n        id TEXT PRIMARY KEY,\n        message_id TEXT NOT NULL,\n        question TEXT NOT NULL,\n        options TEXT NOT NULL, -- JSON string\n        created_at INTEGER NOT NULL,\n        closes_at INTEGER NOT NULL,\n        created_by TEXT NOT NULL,\n        FOREIGN KEY (message_id) REFERENCES messages(id)\n      );\n\n      \/* Poll votes table *\/\n      CREATE TABLE IF NOT EXISTS poll_votes (\n        poll_id TEXT NOT NULL,\n        user_id TEXT NOT NULL,\n        option_index INTEGER NOT NULL,\n        created_at INTEGER NOT NULL,\n        PRIMARY KEY (poll_id, user_id),\n        FOREIGN KEY (poll_id) REFERENCES polls(id)\n      );\n\n      \/* Reactions table *\/\n      CREATE TABLE IF NOT EXISTS reactions (\n        id TEXT PRIMARY KEY,\n        message_id TEXT NOT NULL,\n        user_id TEXT NOT NULL,\n        emoji TEXT NOT NULL,\n        created_at INTEGER NOT NULL,\n        FOREIGN KEY (message_id) REFERENCES messages(id)\n      );\n\n      \/* Group members table *\/\n      CREATE TABLE IF NOT EXISTS group_members (\n        group_id TEXT NOT NULL,\n        user_id TEXT NOT NULL,\n        role TEXT DEFAULT 'participant',\n        joined_at INTEGER NOT NULL,\n        PRIMARY KEY (group_id, user_id),\n        FOREIGN KEY (group_id) REFERENCES groups(id),\n        FOREIGN KEY (user_id) REFERENCES users(id)\n      );\n\n      \/* User pseudonyms for ghost messages *\/\n      CREATE TABLE IF NOT EXISTS user_pseudonyms (\n        group_id TEXT NOT NULL,\n        user_id TEXT NOT NULL,\n        pseudonym TEXT NOT NULL,\n        created_at INTEGER NOT NULL,\n        PRIMARY KEY (group_id, user_id)\n      );\n\n      \/* Confessions table for confession messages *\/\n      CREATE TABLE IF NOT EXISTS confessions (\n        id TEXT PRIMARY KEY,\n        message_id TEXT NOT NULL,\n        confession_type TEXT NOT NULL,\n        is_anonymous INTEGER DEFAULT 1,\n        FOREIGN KEY (message_id) REFERENCES messages(id)\n      );\n\n      \/* indexes *\/\n      CREATE INDEX IF NOT EXISTS idx_msg_group_date_asc\n        ON messages(group_id, created_at ASC);\n      CREATE INDEX IF NOT EXISTS idx_msg_group_date_desc\n        ON messages(group_id, created_at DESC);\n      CREATE INDEX IF NOT EXISTS idx_m
2025-09-23 23:47:00.219  8191-8191  Capacitor/Plugin        com.confessr.app                     V  To native (Capacitor plugin): callbackId: 96131381, pluginId: CapacitorSQLite, methodName: query
2025-09-23 23:47:00.219  8191-8191  Capacitor               com.confessr.app                     V  callback: 96131381, pluginId: CapacitorSQLite, methodName: query, methodData: {"database":"confessr_db","statement":"PRAGMA table_info(messages);","values":[],"readonly":false,"isSQL92":true}
2025-09-23 23:47:00.312  8191-8191  Capacitor/Plugin        com.confessr.app                     V  To native (Capacitor plugin): callbackId: 96131382, pluginId: CapacitorSQLite, methodName: query
2025-09-23 23:47:00.312  8191-8191  Capacitor               com.confessr.app                     V  callback: 96131382, pluginId: CapacitorSQLite, methodName: query, methodData: {"database":"confessr_db","statement":"PRAGMA table_info(messages);","values":[],"readonly":false,"isSQL92":true}
2025-09-23 23:47:00.336  8191-8191  Capacitor/Console       com.confessr.app                     I  File: https://localhost/assets/index-Dc0DYEr_.js - Line 358 - Msg: [supabase-pipeline] 18:17:00.330 ðŸ—„ï¸ upsert device token success
2025-09-23 23:47:00.336  8191-8191  Capacitor/Console       com.confessr.app                     I  File: https://localhost/assets/index-Dc0DYEr_.js - Line 727 - Msg: [push] token:registered android cavkjlâ€¦
2025-09-23 23:47:00.377  8191-8191  Capacitor/Plugin        com.confessr.app                     V  To native (Capacitor plugin): callbackId: 96131383, pluginId: CapacitorSQLite, methodName: query
2025-09-23 23:47:00.377  8191-8191  Capacitor               com.confessr.app                     V  callback: 96131383, pluginId: CapacitorSQLite, methodName: query, methodData: {"database":"confessr_db","statement":"PRAGMA table_info(groups);","values":[],"readonly":false,"isSQL92":true}
2025-09-23 23:47:00.442  8191-8191  Capacitor/Plugin        com.confessr.app                     V  To native (Capacitor plugin): callbackId: 96131384, pluginId: CapacitorSQLite, methodName: query
2025-09-23 23:47:00.442  8191-8191  Capacitor               com.confessr.app                     V  callback: 96131384, pluginId: CapacitorSQLite, methodName: query, methodData: {"database":"confessr_db","statement":"PRAGMA table_info(groups);","values":[],"readonly":false,"isSQL92":true}
2025-09-23 23:47:00.516  8191-8191  Capacitor/Plugin        com.confessr.app                     V  To native (Capacitor plugin): callbackId: 96131385, pluginId: CapacitorSQLite, methodName: query
2025-09-23 23:47:00.516  8191-8191  Capacitor               com.confessr.app                     V  callback: 96131385, pluginId: CapacitorSQLite, methodName: query, methodData: {"database":"confessr_db","statement":"PRAGMA table_info(groups);","values":[],"readonly":false,"isSQL92":true}
2025-09-23 23:47:00.597  8191-8191  Capacitor/Plugin        com.confessr.app                     V  To native (Capacitor plugin): callbackId: 96131386, pluginId: CapacitorSQLite, methodName: query
2025-09-23 23:47:00.597  8191-8191  Capacitor               com.confessr.app                     V  callback: 96131386, pluginId: CapacitorSQLite, methodName: query, methodData: {"database":"confessr_db","statement":"PRAGMA table_info(groups);","values":[],"readonly":false,"isSQL92":true}
2025-09-23 23:47:00.689  8191-8191  Capacitor/Plugin        com.confessr.app                     V  To native (Capacitor plugin): callbackId: 96131387, pluginId: CapacitorSQLite, methodName: query
2025-09-23 23:47:00.689  8191-8191  Capacitor               com.confessr.app                     V  callback: 96131387, pluginId: CapacitorSQLite, methodName: query, methodData: {"database":"confessr_db","statement":"PRAGMA table_info(groups);","values":[],"readonly":false,"isSQL92":true}
2025-09-23 23:47:00.782  8191-8191  Capacitor/Plugin        com.confessr.app                     V  To native (Capacitor plugin): callbackId: 96131388, pluginId: CapacitorSQLite, methodName: query
2025-09-23 23:47:00.782  8191-8191  Capacitor               com.confessr.app                     V  callback: 96131388, pluginId: CapacitorSQLite, methodName: query, methodData: {"database":"confessr_db","statement":"PRAGMA table_info(groups);","values":[],"readonly":false,"isSQL92":true}
2025-09-23 23:47:00.870  8191-8191  Capacitor/Plugin        com.confessr.app                     V  To native (Capacitor plugin): callbackId: 96131389, pluginId: CapacitorSQLite, methodName: query
2025-09-23 23:47:00.870  8191-8191  Capacitor               com.confessr.app                     V  callback: 96131389, pluginId: CapacitorSQLite, methodName: query, methodData: {"database":"confessr_db","statement":"PRAGMA table_info(groups);","values":[],"readonly":false,"isSQL92":true}
2025-09-23 23:47:00.940  8191-8191  Capacitor/Plugin        com.confessr.app                     V  To native (Capacitor plugin): callbackId: 96131390, pluginId: CapacitorSQLite, methodName: query
2025-09-23 23:47:00.940  8191-8191  Capacitor               com.confessr.app                     V  callback: 96131390, pluginId: CapacitorSQLite, methodName: query, methodData: {"database":"confessr_db","statement":"PRAGMA table_info(users);","values":[],"readonly":false,"isSQL92":true}
2025-09-23 23:47:01.015  8191-8191  Capacitor/Plugin        com.confessr.app                     V  To native (Capacitor plugin): callbackId: 96131391, pluginId: CapacitorSQLite, methodName: query
2025-09-23 23:47:01.015  8191-8191  Capacitor               com.confessr.app                     V  callback: 96131391, pluginId: CapacitorSQLite, methodName: query, methodData: {"database":"confessr_db","statement":"PRAGMA table_info(users);","values":[],"readonly":false,"isSQL92":true}
2025-09-23 23:47:01.081  8191-8191  Capacitor/Plugin        com.confessr.app                     V  To native (Capacitor plugin): callbackId: 96131392, pluginId: CapacitorSQLite, methodName: query
2025-09-23 23:47:01.081  8191-8191  Capacitor               com.confessr.app                     V  callback: 96131392, pluginId: CapacitorSQLite, methodName: query, methodData: {"database":"confessr_db","statement":"PRAGMA table_info(users);","values":[],"readonly":false,"isSQL92":true}
2025-09-23 23:47:01.117  8191-8191  Capacitor/Console       com.confessr.app                     I  File: https://localhost/assets/index-Dc0DYEr_.js - Line 252 - Msg: âœ… Database migration completed
2025-09-23 23:47:01.117  8191-8191  Capacitor/Console       com.confessr.app                     I  File: https://localhost/assets/index-Dc0DYEr_.js - Line 107 - Msg: âœ… Tables created in encrypted database
2025-09-23 23:47:01.118  8191-8191  Capacitor/Console       com.confessr.app                     I  File: https://localhost/assets/index-Dc0DYEr_.js - Line 107 - Msg: âœ… Encrypted SQLite ready
2025-09-23 23:47:01.118  8191-8191  Capacitor/Console       com.confessr.app                     I  File: https://localhost/assets/index-Dc0DYEr_.js - Line 252 - Msg: ðŸ§ª Testing local storage...
2025-09-23 23:47:01.136  8191-8191  Capacitor/Plugin        com.confessr.app                     V  To native (Capacitor plugin): callbackId: 96131393, pluginId: CapacitorSQLite, methodName: run
2025-09-23 23:47:01.136  8191-8191  Capacitor               com.confessr.app                     V  callback: 96131393, pluginId: CapacitorSQLite, methodName: run, methodData: {"database":"confessr_db","statement":"\n        INSERT OR REPLACE INTO users (id, display_name, phone_number, avatar_url, is_onboarded, created_at)\n        VALUES (?, ?, ?, ?, ?, ?)\n      ","values":["test-user-id","Test User","+1234567890",null,1,1758651421101],"transaction":true,"readonly":false,"returnMode":"no","isSQL92":true}
2025-09-23 23:47:01.180  8191-8191  Capacitor/Console       com.confessr.app                     I  File: https://localhost/assets/index-Dc0DYEr_.js - Line 255 - Msg: âœ… Test user saved
2025-09-23 23:47:01.198  8191-8191  Capacitor/Plugin        com.confessr.app                     V  To native (Capacitor plugin): callbackId: 96131394, pluginId: CapacitorSQLite, methodName: query
2025-09-23 23:47:01.198  8191-8191  Capacitor               com.confessr.app                     V  callback: 96131394, pluginId: CapacitorSQLite, methodName: query, methodData: {"database":"confessr_db","statement":"SELECT * FROM users WHERE id = ?","values":["test-user-id"],"readonly":false,"isSQL92":true}
2025-09-23 23:47:01.235  8191-8191  Capacitor/Console       com.confessr.app                     I  File: https://localhost/assets/index-Dc0DYEr_.js - Line 255 - Msg: ðŸ“‹ Retrieved user: [object Object]
2025-09-23 23:47:01.235  8191-8191  Capacitor/Console       com.confessr.app                     I  File: https://localhost/assets/index-Dc0DYEr_.js - Line 255 - Msg: âœ… Local storage test passed! Data was successfully saved and retrieved.
2025-09-23 23:47:01.256  8191-8191  Capacitor/Plugin        com.confessr.app                     V  To native (Capacitor plugin): callbackId: 96131395, pluginId: CapacitorSQLite, methodName: run
2025-09-23 23:47:01.256  8191-8191  Capacitor               com.confessr.app                     V  callback: 96131395, pluginId: CapacitorSQLite, methodName: run, methodData: {"database":"confessr_db","statement":"INSERT OR REPLACE INTO messages\n         (id, group_id, user_id, content, is_ghost, message_type, category, parent_id, image_url, created_at, updated_at, deleted_at)\n         VALUES (?, ?, ?, ?, ?, ?, ?, ?, ?, ?, ?, ?);","values":["test-message-id","test-group-id","test-user-id","Test message content",0,"text",null,null,null,1758651421216,null,null],"transaction":true,"readonly":false,"returnMode":"no","isSQL92":true}
2025-09-23 23:47:01.296  8191-8191  Capacitor/Console       com.confessr.app                     I  File: https://localhost/assets/index-Dc0DYEr_.js - Line 257 - Msg: âœ… Test message saved
2025-09-23 23:47:01.330  8191-8191  Capacitor/Plugin        com.confessr.app                     V  To native (Capacitor plugin): callbackId: 96131396, pluginId: CapacitorSQLite, methodName: query
2025-09-23 23:47:01.330  8191-8191  Capacitor               com.confessr.app                     V  callback: 96131396, pluginId: CapacitorSQLite, methodName: query, methodData: {"database":"confessr_db","statement":"SELECT * FROM messages WHERE group_id = ? ORDER BY created_at ASC LIMIT 50 OFFSET 0","values":["test-group-id"],"readonly":false,"isSQL92":true}
2025-09-23 23:47:01.336  8191-8191  Capacitor/Console       com.confessr.app                     I  File: https://localhost/assets/index-Dc0DYEr_.js - Line 257 - Msg: ðŸ“‹ Retrieved messages: [object Object]
2025-09-23 23:47:01.336  8191-8191  Capacitor/Console       com.confessr.app                     I  File: https://localhost/assets/index-Dc0DYEr_.js - Line 257 - Msg: âœ… Message storage test passed! Message was successfully saved and retrieved.
2025-09-23 23:47:01.337  8191-8191  Capacitor/Console       com.confessr.app                     I  File: https://localhost/assets/index-Dc0DYEr_.js - Line 727 - Msg: âœ… SQLite initialized successfully
2025-09-23 23:47:01.337  8191-8191  Capacitor/Console       com.confessr.app                     I  File: https://localhost/assets/index-Dc0DYEr_.js - Line 727 - Msg: ðŸŒ Network status monitoring handled centrally in main.tsx
2025-09-23 23:47:01.338  8191-8191  Capacitor/Console       com.confessr.app                     I  File: https://localhost/assets/index-Dc0DYEr_.js - Line 358 - Msg: ðŸŽ§ Setting up auth state listener...
2025-09-23 23:47:01.338  8191-8191  Capacitor/Console       com.confessr.app                     I  File: https://localhost/assets/index-Dc0DYEr_.js - Line 358 - Msg: [supabase-pipeline] 18:17:01.336 ðŸ”‘ getClient() called - hasClient=true isInitialized=true initPromiseActive=false
2025-09-23 23:47:01.339  8191-8191  Capacitor/Console       com.confessr.app                     I  File: https://localhost/assets/index-Dc0DYEr_.js - Line 358 - Msg: ðŸ” Initializing authentication...
2025-09-23 23:47:01.339  8191-8191  Capacitor/Console       com.confessr.app                     I  File: https://localhost/assets/index-Dc0DYEr_.js - Line 358 - Msg: [supabase-pipeline] 18:17:01.337 ðŸ” Attempting session recovery using cached tokens
2025-09-23 23:47:01.340  8191-8191  Capacitor/Console       com.confessr.app                     I  File: https://localhost/assets/index-Dc0DYEr_.js - Line 358 - Msg: [supabase-pipeline] 18:17:01.338 ðŸ”‘ getClient() called - hasClient=true isInitialized=true initPromiseActive=false
2025-09-23 23:47:01.384  8191-8191  Capacitor/Console       com.confessr.app                     I  File: https://localhost/assets/index-Dc0DYEr_.js - Line 358 - Msg: ðŸ”„ Auth state changed: INITIAL_SESSION 839d1d4a-e72b-47bb-b74e-ef28a15f43ee
2025-09-23 23:47:01.385  8191-8191  Capacitor/Console       com.confessr.app                     I  File: https://localhost/assets/index-Dc0DYEr_.js - Line 358 - Msg: ðŸ“¡ Auth event: INITIAL_SESSION
2025-09-23 23:47:01.408  8191-8191  Capacitor/Console       com.confessr.app                     I  File: https://localhost/assets/index-Dc0DYEr_.js - Line 358 - Msg: [supabase-pipeline] 18:17:01.392 [38;5;159m[fetch][0m GET https://sxykfyqrqwifkirveqgr.supabase.co/auth/v1/user
2025-09-23 23:47:01.766  8191-8191  Capacitor/Console       com.confessr.app                     I  File: https://localhost/assets/index-Dc0DYEr_.js - Line 358 - Msg: [supabase-pipeline] 18:17:01.751 ðŸ”‘ Token cached: user=839d1d4a hasAccess=true hasRefresh=true
2025-09-23 23:47:01.766  8191-8191  Capacitor/Console       com.confessr.app                     I  File: https://localhost/assets/index-Dc0DYEr_.js - Line 385 - Msg: [realtime-v2] Auth event: SIGNED_IN
2025-09-23 23:47:01.766  8191-8191  Capacitor/Console       com.confessr.app                     I  File: https://localhost/assets/index-Dc0DYEr_.js - Line 385 - Msg: [realtime-v2] Token applied; channel healthy, no reconnect
2025-09-23 23:47:01.766  8191-8191  Capacitor/Console       com.confessr.app                     I  File: https://localhost/assets/index-Dc0DYEr_.js - Line 381 - Msg: [outbox-unified] Resetting outbox processing state
2025-09-23 23:47:01.766  8191-8191  Capacitor/Console       com.confessr.app                     I  File: https://localhost/assets/index-Dc0DYEr_.js - Line 381 - Msg: [outbox-unified] Reset watchdog timeout count - state cleared, no auto-trigger
2025-09-23 23:47:01.766  8191-8191  Capacitor/Console       com.confessr.app                     I  File: https://localhost/assets/index-Dc0DYEr_.js - Line 358 - Msg: [supabase-pipeline] 18:17:01.752 ðŸ—„ï¸ Executing upsert device token...
2025-09-23 23:47:01.767  8191-8191  Capacitor/Console       com.confessr.app                     I  File: https://localhost/assets/index-Dc0DYEr_.js - Line 358 - Msg: [supabase-pipeline] 18:17:01.752 ðŸ”‘ getClient() called - hasClient=true isInitialized=true initPromiseActive=false
2025-09-23 23:47:01.767  8191-8191  Capacitor/Console       com.confessr.app                     I  File: https://localhost/assets/index-Dc0DYEr_.js - Line 358 - Msg: ðŸ”„ Auth state changed: SIGNED_IN 839d1d4a-e72b-47bb-b74e-ef28a15f43ee
2025-09-23 23:47:01.767  8191-8191  Capacitor/Console       com.confessr.app                     I  File: https://localhost/assets/index-Dc0DYEr_.js - Line 358 - Msg: ðŸ”„ User signed in (during init), letting initializeAuth handle it
2025-09-23 23:47:02.263  8191-8191  Capacitor/Console       com.confessr.app                     I  File: https://localhost/assets/index-Dc0DYEr_.js - Line 381 - Msg: [outbox-unified] Trigger requested from: auth-token-refreshed (priority: high)
2025-09-23 23:47:02.264  8191-8191  Capacitor/Console       com.confessr.app                     I  File: https://localhost/assets/index-Dc0DYEr_.js - Line 381 - Msg: [outbox-unified] Scheduling processing in 50ms for: auth-token-refreshed
2025-09-23 23:47:02.316  8191-8191  Capacitor/Console       com.confessr.app                     I  File: https://localhost/assets/index-Dc0DYEr_.js - Line 381 - Msg: [outbox-unified] Starting processing session outbox-1758651422307
2025-09-23 23:47:02.334  8191-8191  Capacitor/Plugin        com.confessr.app                     V  To native (Capacitor plugin): callbackId: 96131397, pluginId: Network, methodName: getStatus
2025-09-23 23:47:02.334  8191-8191  Capacitor               com.confessr.app                     V  callback: 96131397, pluginId: Network, methodName: getStatus, methodData: {}
2025-09-23 23:47:02.373  8191-8191  Capacitor/Console       com.confessr.app                     I  File: https://localhost/assets/index-Dc0DYEr_.js - Line 358 - Msg: [supabase-pipeline] 18:17:02.358 ðŸ“¦ Starting outbox processing - session outbox-1758651422358
2025-09-23 23:47:02.373  8191-8191  Capacitor/Console       com.confessr.app                     I  File: https://localhost/assets/index-Dc0DYEr_.js - Line 358 - Msg: [supabase-pipeline] 18:17:02.358 ðŸ“¦ Outbox pre-check: isNative=true sqliteReady=true
